02-11 12:27:43.428   488 30642 D AudioPreProcess: NativePreprocess: 1764 bytes, 882 frames, proc_buf_frames=440, mAPPS->num_preprocessors=1,num_channel=1
02-11 12:27:43.470   488 30642 W AudioALSACaptureDataClientAurisysNormal: data_count_raw_ul 0, mRawDataPeriodBufSize 3840
02-11 12:27:43.479   488 30641 W AudioALSACaptureDataProviderNormal: readThread, latency_in_s,0.000000,0.059421,0.000063, totalTime 0.059484 > logTimeout 0.022000 TIMEOUT!!
02-11 12:27:43.481   488 30642 D AudioPreProcess: NativePreprocess: 1764 bytes, 882 frames, proc_buf_frames=440, mAPPS->num_preprocessors=1,num_channel=1
02-11 12:27:43.484   488 30642 I chatty  : uid=1041(audioserver) processThread_4 identical 1 line
02-11 12:27:43.487   488 30642 D AudioPreProcess: NativePreprocess: 1764 bytes, 882 frames, proc_buf_frames=440, mAPPS->num_preprocessors=1,num_channel=1
02-11 12:27:43.529   488 30642 W AudioALSACaptureDataClientAurisysNormal: data_count_raw_ul 0, mRawDataPeriodBufSize 3840
02-11 12:27:43.539   488 30641 W AudioALSACaptureDataProviderNormal: readThread, latency_in_s,0.000000,0.059388,0.000055, totalTime 0.059443 > logTimeout 0.022000 TIMEOUT!!
02-11 12:27:43.541   488 30642 D AudioPreProcess: NativePreprocess: 1764 bytes, 882 frames, proc_buf_frames=440, mAPPS->num_preprocessors=1,num_channel=1
02-11 12:27:43.544   488 30642 I chatty  : uid=1041(audioserver) processThread_4 identical 1 line
02-11 12:27:43.547   488 30642 D AudioPreProcess: NativePreprocess: 1764 bytes, 882 frames, proc_buf_frames=440, mAPPS->num_preprocessors=1,num_channel=1
02-11 12:27:43.589   488 30642 W AudioALSACaptureDataClientAurisysNormal: data_count_raw_ul 0, mRawDataPeriodBufSize 3840
02-11 12:27:43.599   488 30641 W AudioALSACaptureDataProviderNormal: readThread, latency_in_s,0.000000,0.059598,0.000067, totalTime 0.059666 > logTimeout 0.022000 TIMEOUT!!
02-11 12:27:43.601   488 30642 D AudioPreProcess: NativePreprocess: 1764 bytes, 882 frames, proc_buf_frames=440, mAPPS->num_preprocessors=1,num_channel=1
02-11 12:27:43.604   488 30642 I chatty  : uid=1041(audioserver) processThread_4 identical 1 line
02-11 12:27:43.608   488 30642 D AudioPreProcess: NativePreprocess: 1764 bytes, 882 frames, proc_buf_frames=440, mAPPS->num_preprocessors=1,num_channel=1
02-11 12:27:43.649   488 30642 W AudioALSACaptureDataClientAurisysNormal: data_count_raw_ul 0, mRawDataPeriodBufSize 3840
02-11 12:27:43.659   488 30641 W AudioALSACaptureDataProviderNormal: readThread, latency_in_s,0.000000,0.059236,0.000064, totalTime 0.059300 > logTimeout 0.022000 TIMEOUT!!
02-11 12:27:43.661   488 30642 D AudioPreProcess: NativePreprocess: 1764 bytes, 882 frames, proc_buf_frames=440, mAPPS->num_preprocessors=1,num_channel=1
02-11 12:27:43.664   488 30642 I chatty  : uid=1041(audioserver) processThread_4 identical 1 line
02-11 12:27:43.667   488 30642 D AudioPreProcess: NativePreprocess: 1764 bytes, 882 frames, proc_buf_frames=440, mAPPS->num_preprocessors=1,num_channel=1
02-11 12:27:43.709   488 30642 W AudioALSACaptureDataClientAurisysNormal: data_count_raw_ul 0, mRawDataPeriodBufSize 3840
02-11 12:27:43.719   488 30641 W AudioALSACaptureDataProviderNormal: readThread, latency_in_s,0.000000,0.059423,0.000064, totalTime 0.059487 > logTimeout 0.022000 TIMEOUT!!
02-11 12:27:43.721   488 30642 D AudioPreProcess: NativePreprocess: 1764 bytes, 882 frames, proc_buf_frames=440, mAPPS->num_preprocessors=1,num_channel=1
02-11 12:27:43.724   488 30642 I chatty  : uid=1041(audioserver) processThread_4 identical 1 line
02-11 12:27:43.727   488 30642 D AudioPreProcess: NativePreprocess: 1764 bytes, 882 frames, proc_buf_frames=440, mAPPS->num_preprocessors=1,num_channel=1
02-11 12:27:43.769   488 30642 W AudioALSACaptureDataClientAurisysNormal: data_count_raw_ul 0, mRawDataPeriodBufSize 3840
02-11 12:27:43.779   488 30641 W AudioALSACaptureDataProviderNormal: readThread, latency_in_s,0.000000,0.059414,0.000064, totalTime 0.059478 > logTimeout 0.022000 TIMEOUT!!
02-11 12:27:43.781   488 30642 D AudioPreProcess: NativePreprocess: 1764 bytes, 882 frames, proc_buf_frames=440, mAPPS->num_preprocessors=1,num_channel=1
02-11 12:27:43.784   488 30642 I chatty  : uid=1041(audioserver) processThread_4 identical 1 line
02-11 12:27:43.787   488 30642 D AudioPreProcess: NativePreprocess: 1764 bytes, 882 frames, proc_buf_frames=440, mAPPS->num_preprocessors=1,num_channel=1
02-11 12:27:43.829   488 30642 W AudioALSACaptureDataClientAurisysNormal: data_count_raw_ul 0, mRawDataPeriodBufSize 3840
02-11 12:27:43.839   488 30641 W AudioALSACaptureDataProviderNormal: readThread, latency_in_s,0.000000,0.059594,0.000064, totalTime 0.059658 > logTimeout 0.022000 TIMEOUT!!
02-11 12:27:43.841   488 30642 D AudioPreProcess: NativePreprocess: 1764 bytes, 882 frames, proc_buf_frames=440, mAPPS->num_preprocessors=1,num_channel=1
02-11 12:27:43.844   488 30642 I chatty  : uid=1041(audioserver) processThread_4 identical 1 line
02-11 12:27:43.848   488 30642 D AudioPreProcess: NativePreprocess: 1764 bytes, 882 frames, proc_buf_frames=440, mAPPS->num_preprocessors=1,num_channel=1
02-11 12:27:43.889   488 30642 W AudioALSACaptureDataClientAurisysNormal: data_count_raw_ul 0, mRawDataPeriodBufSize 3840
02-11 12:27:43.899   488 30641 W AudioALSACaptureDataProviderNormal: readThread, latency_in_s,0.000000,0.059364,0.000066, totalTime 0.059429 > logTimeout 0.022000 TIMEOUT!!
02-11 12:27:43.901   488 30642 D AudioPreProcess: NativePreprocess: 1764 bytes, 882 frames, proc_buf_frames=440, mAPPS->num_preprocessors=1,num_channel=1
02-11 12:27:43.905   488 30642 I chatty  : uid=1041(audioserver) processThread_4 identical 1 line
02-11 12:27:43.908   488 30642 D AudioPreProcess: NativePreprocess: 1764 bytes, 882 frames, proc_buf_frames=440, mAPPS->num_preprocessors=1,num_channel=1
02-11 12:27:43.950   488 30642 W AudioALSACaptureDataClientAurisysNormal: data_count_raw_ul 0, mRawDataPeriodBufSize 3840
02-11 12:27:43.959   488 30641 W AudioALSACaptureDataProviderNormal: readThread, latency_in_s,0.000000,0.059268,0.000066, totalTime 0.059334 > logTimeout 0.022000 TIMEOUT!!
02-11 12:27:43.961   488 30642 D AudioPreProcess: NativePreprocess: 1764 bytes, 882 frames, proc_buf_frames=440, mAPPS->num_preprocessors=1,num_channel=1
02-11 12:27:43.964   488 30642 I chatty  : uid=1041(audioserver) processThread_4 identical 1 line
02-11 12:27:43.967   488 30642 D AudioPreProcess: NativePreprocess: 1764 bytes, 882 frames, proc_buf_frames=440, mAPPS->num_preprocessors=1,num_channel=1
02-11 12:27:44.009   488 30642 W AudioALSACaptureDataClientAurisysNormal: data_count_raw_ul 0, mRawDataPeriodBufSize 3840
02-11 12:27:44.019   488 30641 W AudioALSACaptureDataProviderNormal: readThread, latency_in_s,0.000000,0.059409,0.000061, totalTime 0.059470 > logTimeout 0.022000 TIMEOUT!!
02-11 12:27:44.021   488 30642 D AudioPreProcess: NativePreprocess: 1764 bytes, 882 frames, proc_buf_frames=440, mAPPS->num_preprocessors=1,num_channel=1
02-11 12:27:44.024   488 30642 D AudioPreProcess: NativePreprocess: 1764 bytes, 882 frames, proc_buf_frames=440, mAPPS->num_preprocessors=1,num_channel=1
02-11 12:27:44.026   488 28030 D _V_vafx_muteframedetect: AudioHwIn session 0, curMuteFrame 7380 ms, totalMuteFrame 78391280 ms, normalFrame 54589840 ms
02-11 12:27:44.028   488 30642 D AudioPreProcess: NativePreprocess: 1764 bytes, 882 frames, proc_buf_frames=440, mAPPS->num_preprocessors=1,num_channel=1
02-11 12:27:44.069   488 30642 W AudioALSACaptureDataClientAurisysNormal: data_count_raw_ul 0, mRawDataPeriodBufSize 3840
02-11 12:27:44.079   488 30641 W AudioALSACaptureDataProviderNormal: readThread, latency_in_s,0.000000,0.059414,0.000059, totalTime 0.059474 > logTimeout 0.022000 TIMEOUT!!
02-11 12:27:44.081   488 30642 D AudioPreProcess: NativePreprocess: 1764 bytes, 882 frames, proc_buf_frames=440, mAPPS->num_preprocessors=1,num_channel=1
02-11 12:27:44.084   488 30642 I chatty  : uid=1041(audioserver) processThread_4 identical 1 line
02-11 12:27:44.088   488 30642 D AudioPreProcess: NativePreprocess: 1764 bytes, 882 frames, proc_buf_frames=440, mAPPS->num_preprocessors=1,num_channel=1
02-11 13:06:47.488   429   436 E android.system.suspend@1.0-service: Error opening kernel wakelock stats for: wakeup123: Permission denied
02-11 13:27:44.379   488 30641 W AudioALSACaptureDataProviderNormal: readThread, latency_in_s,0.000000,0.059435,0.000053, totalTime 0.059489 > logTimeout 0.022000 TIMEOUT!!
02-11 13:27:44.381   488 30642 D AudioPreProcess: NativePreprocess: 1764 bytes, 882 frames, proc_buf_frames=440, mAPPS->num_preprocessors=1,num_channel=1
02-11 13:27:44.385   488 30642 I chatty  : uid=1041(audioserver) processThread_4 identical 1 line
02-11 13:27:44.388   488 30642 D AudioPreProcess: NativePreprocess: 1764 bytes, 882 frames, proc_buf_frames=440, mAPPS->num_preprocessors=1,num_channel=1
02-11 13:27:44.430   488 30642 W AudioALSACaptureDataClientAurisysNormal: data_count_raw_ul 0, mRawDataPeriodBufSize 3840
02-11 13:27:44.439   488 30641 W AudioALSACaptureDataProviderNormal: readThread, latency_in_s,0.000000,0.059350,0.000061, totalTime 0.059412 > logTimeout 0.022000 TIMEOUT!!
02-11 13:27:44.441   488 30642 D AudioPreProcess: NativePreprocess: 1764 bytes, 882 frames, proc_buf_frames=440, mAPPS->num_preprocessors=1,num_channel=1
02-11 13:27:44.445   488 30642 I chatty  : uid=1041(audioserver) processThread_4 identical 1 line
02-11 13:27:44.448   488 30642 D AudioPreProcess: NativePreprocess: 1764 bytes, 882 frames, proc_buf_frames=440, mAPPS->num_preprocessors=1,num_channel=1
02-11 13:27:44.490   488 30642 W AudioALSACaptureDataClientAurisysNormal: data_count_raw_ul 0, mRawDataPeriodBufSize 3840
02-11 13:27:44.499   488 30641 W AudioALSACaptureDataProviderNormal: readThread, latency_in_s,0.000000,0.059433,0.000060, totalTime 0.059494 > logTimeout 0.022000 TIMEOUT!!
02-11 13:27:44.501   488 30642 D AudioPreProcess: NativePreprocess: 1764 bytes, 882 frames, proc_buf_frames=440, mAPPS->num_preprocessors=1,num_channel=1
02-11 13:27:44.505   488 30642 I chatty  : uid=1041(audioserver) processThread_4 identical 1 line
02-11 13:27:44.508   488 30642 D AudioPreProcess: NativePreprocess: 1764 bytes, 882 frames, proc_buf_frames=440, mAPPS->num_preprocessors=1,num_channel=1
02-11 13:27:44.550   488 30642 W AudioALSACaptureDataClientAurisysNormal: data_count_raw_ul 0, mRawDataPeriodBufSize 3840
02-11 13:27:44.559   488 30641 W AudioALSACaptureDataProviderNormal: readThread, latency_in_s,0.000000,0.059425,0.000057, totalTime 0.059483 > logTimeout 0.022000 TIMEOUT!!
02-11 13:27:44.562   488 30642 D AudioPreProcess: NativePreprocess: 1764 bytes, 882 frames, proc_buf_frames=440, mAPPS->num_preprocessors=1,num_channel=1
02-11 13:27:44.565   488 30642 I chatty  : uid=1041(audioserver) processThread_4 identical 1 line
02-11 13:27:44.568   488 30642 D AudioPreProcess: NativePreprocess: 1764 bytes, 882 frames, proc_buf_frames=440, mAPPS->num_preprocessors=1,num_channel=1
02-11 13:27:44.610   488 30642 W AudioALSACaptureDataClientAurisysNormal: data_count_raw_ul 0, mRawDataPeriodBufSize 3840
02-11 13:27:44.619   488 30641 W AudioALSACaptureDataProviderNormal: readThread, latency_in_s,0.000000,0.059463,0.000056, totalTime 0.059519 > logTimeout 0.022000 TIMEOUT!!
02-11 13:27:44.621   488 30642 D AudioPreProcess: NativePreprocess: 1764 bytes, 882 frames, proc_buf_frames=440, mAPPS->num_preprocessors=1,num_channel=1
02-11 13:27:44.625   488 30642 I chatty  : uid=1041(audioserver) processThread_4 identical 1 line
02-11 13:27:44.628   488 30642 D AudioPreProcess: NativePreprocess: 1764 bytes, 882 frames, proc_buf_frames=440, mAPPS->num_preprocessors=1,num_channel=1
02-11 13:27:44.670   488 30642 W AudioALSACaptureDataClientAurisysNormal: data_count_raw_ul 0, mRawDataPeriodBufSize 3840
02-11 13:27:44.679   488 30641 W AudioALSACaptureDataProviderNormal: readThread, latency_in_s,0.000000,0.059351,0.000099, totalTime 0.059451 > logTimeout 0.022000 TIMEOUT!!
02-11 13:27:44.681   488 30642 D AudioPreProcess: NativePreprocess: 1764 bytes, 882 frames, proc_buf_frames=440, mAPPS->num_preprocessors=1,num_channel=1
02-11 13:27:44.685   488 30642 I chatty  : uid=1041(audioserver) processThread_4 identical 1 line
02-11 13:27:44.688   488 30642 D AudioPreProcess: NativePreprocess: 1764 bytes, 882 frames, proc_buf_frames=440, mAPPS->num_preprocessors=1,num_channel=1
02-11 13:27:44.730   488 30642 W AudioALSACaptureDataClientAurisysNormal: data_count_raw_ul 0, mRawDataPeriodBufSize 3840
02-11 13:27:44.739   488 30641 W AudioALSACaptureDataProviderNormal: readThread, latency_in_s,0.000000,0.059278,0.000063, totalTime 0.059341 > logTimeout 0.022000 TIMEOUT!!
02-11 13:27:44.741   488 30642 D AudioPreProcess: NativePreprocess: 1764 bytes, 882 frames, proc_buf_frames=440, mAPPS->num_preprocessors=1,num_channel=1
02-11 13:27:44.744   488 30642 I chatty  : uid=1041(audioserver) processThread_4 identical 1 line
02-11 13:27:44.748   488 30642 D AudioPreProcess: NativePreprocess: 1764 bytes, 882 frames, proc_buf_frames=440, mAPPS->num_preprocessors=1,num_channel=1
02-11 13:27:44.789   488 30642 W AudioALSACaptureDataClientAurisysNormal: data_count_raw_ul 0, mRawDataPeriodBufSize 3840
02-11 13:27:44.799   488 30641 W AudioALSACaptureDataProviderNormal: readThread, latency_in_s,0.000000,0.059491,0.000069, totalTime 0.059560 > logTimeout 0.022000 TIMEOUT!!
02-11 13:27:44.801   488 30642 D AudioPreProcess: NativePreprocess: 1764 bytes, 882 frames, proc_buf_frames=440, mAPPS->num_preprocessors=1,num_channel=1
02-11 13:27:44.805   488 30642 I chatty  : uid=1041(audioserver) processThread_4 identical 1 line
02-11 13:27:44.808   488 30642 D AudioPreProcess: NativePreprocess: 1764 bytes, 882 frames, proc_buf_frames=440, mAPPS->num_preprocessors=1,num_channel=1
02-11 13:27:44.849   488 30642 W AudioALSACaptureDataClientAurisysNormal: data_count_raw_ul 0, mRawDataPeriodBufSize 3840
02-11 13:27:44.859   488 30641 W AudioALSACaptureDataProviderNormal: readThread, latency_in_s,0.000000,0.059323,0.000104, totalTime 0.059427 > logTimeout 0.022000 TIMEOUT!!
02-11 13:27:44.863   488 30642 D AudioPreProcess: NativePreprocess: 1764 bytes, 882 frames, proc_buf_frames=440, mAPPS->num_preprocessors=1,num_channel=1
02-11 13:27:44.867   488 30642 I chatty  : uid=1041(audioserver) processThread_4 identical 1 line
02-11 13:27:44.870   488 30642 D AudioPreProcess: NativePreprocess: 1764 bytes, 882 frames, proc_buf_frames=440, mAPPS->num_preprocessors=1,num_channel=1
02-11 13:27:44.911   488 30642 W AudioALSACaptureDataClientAurisysNormal: data_count_raw_ul 0, mRawDataPeriodBufSize 3840
02-11 13:27:44.919   488 30641 W AudioALSACaptureDataProviderNormal: readThread, latency_in_s,0.000000,0.059379,0.000066, totalTime 0.059445 > logTimeout 0.022000 TIMEOUT!!
02-11 13:27:44.921   488 30642 D AudioPreProcess: NativePreprocess: 1764 bytes, 882 frames, proc_buf_frames=440, mAPPS->num_preprocessors=1,num_channel=1
02-11 13:27:44.925   488 30642 I chatty  : uid=1041(audioserver) processThread_4 identical 1 line
02-11 13:27:44.928   488 30642 D AudioPreProcess: NativePreprocess: 1764 bytes, 882 frames, proc_buf_frames=440, mAPPS->num_preprocessors=1,num_channel=1
02-11 13:27:44.969   488 30642 W AudioALSACaptureDataClientAurisysNormal: data_count_raw_ul 0, mRawDataPeriodBufSize 3840
02-11 13:27:44.979   488 30641 W AudioALSACaptureDataProviderNormal: readThread, latency_in_s,0.000000,0.059454,0.000078, totalTime 0.059532 > logTimeout 0.022000 TIMEOUT!!
02-11 13:27:44.982   488 30642 D AudioPreProcess: NativePreprocess: 1764 bytes, 882 frames, proc_buf_frames=440, mAPPS->num_preprocessors=1,num_channel=1
02-11 13:27:44.985   488 30642 I chatty  : uid=1041(audioserver) processThread_4 identical 1 line
02-11 13:27:44.988   488 30642 D AudioPreProcess: NativePreprocess: 1764 bytes, 882 frames, proc_buf_frames=440, mAPPS->num_preprocessors=1,num_channel=1
02-11 13:27:45.030   488 30642 W AudioALSACaptureDataClientAurisysNormal: data_count_raw_ul 0, mRawDataPeriodBufSize 3840
02-11 13:27:45.039   488 30641 W AudioALSACaptureDataProviderNormal: readThread, latency_in_s,0.000000,0.059252,0.000082, totalTime 0.059334 > logTimeout 0.022000 TIMEOUT!!
02-11 13:27:45.041   488 30642 D AudioPreProcess: NativePreprocess: 1764 bytes, 882 frames, proc_buf_frames=440, mAPPS->num_preprocessors=1,num_channel=1
02-11 13:27:45.045   488 30642 I chatty  : uid=1041(audioserver) processThread_4 identical 1 line
02-11 13:27:45.049   488 30642 D AudioPreProcess: NativePreprocess: 1764 bytes, 882 frames, proc_buf_frames=440, mAPPS->num_preprocessors=1,num_channel=1
02-11 13:27:45.092   488 30642 W AudioALSACaptureDataClientAurisysNormal: data_count_raw_ul 0, mRawDataPeriodBufSize 3840
02-11 13:27:45.099   488 30641 W AudioALSACaptureDataProviderNormal: readThread, latency_in_s,0.000000,0.059422,0.000082, totalTime 0.059505 > logTimeout 0.022000 TIMEOUT!!
02-11 13:27:45.102   488 30642 D AudioPreProcess: NativePreprocess: 1764 bytes, 882 frames, proc_buf_frames=440, mAPPS->num_preprocessors=1,num_channel=1
02-11 13:27:45.105   488 30642 I chatty  : uid=1041(audioserver) processThread_4 identical 1 line
02-11 13:27:45.108   488 30642 D AudioPreProcess: NativePreprocess: 1764 bytes, 882 frames, proc_buf_frames=440, mAPPS->num_preprocessors=1,num_channel=1
02-11 13:27:45.150   488 30642 W AudioALSACaptureDataClientAurisysNormal: data_count_raw_ul 0, mRawDataPeriodBufSize 3840
02-11 13:27:45.159   488 30641 W AudioALSACaptureDataProviderNormal: readThread, latency_in_s,0.000000,0.059315,0.000095, totalTime 0.059410 > logTimeout 0.022000 TIMEOUT!!
02-11 13:27:45.161   488 30642 D AudioPreProcess: NativePreprocess: 1764 bytes, 882 frames, proc_buf_frames=440, mAPPS->num_preprocessors=1,num_channel=1
02-11 13:27:45.165   488 30642 I chatty  : uid=1041(audioserver) processThread_4 identical 1 line
02-11 13:27:45.168   488 30642 D AudioPreProcess: NativePreprocess: 1764 bytes, 882 frames, proc_buf_frames=440, mAPPS->num_preprocessors=1,num_channel=1
02-11 13:27:45.210   488 30642 W AudioALSACaptureDataClientAurisysNormal: data_count_raw_ul 0, mRawDataPeriodBufSize 3840
02-11 13:27:45.219   488 30641 W AudioALSACaptureDataProviderNormal: readThread, latency_in_s,0.000000,0.059322,0.000088, totalTime 0.059411 > logTimeout 0.022000 TIMEOUT!!
02-11 13:27:45.221   488 30642 D AudioPreProcess: NativePreprocess: 1764 bytes, 882 frames, proc_buf_frames=440, mAPPS->num_preprocessors=1,num_channel=1
02-11 13:27:45.225   488 30642 D AudioPreProcess: NativePreprocess: 1764 bytes, 882 frames, proc_buf_frames=440, mAPPS->num_preprocessors=1,num_channel=1
02-11 13:27:45.228   488 28030 D _V_vafx_muteframedetect: AudioHwIn session 0, curMuteFrame 240 ms, totalMuteFrame 81786180 ms, normalFrame 54804320 ms
02-11 13:27:45.229   488 30642 D AudioPreProcess: NativePreprocess: 1764 bytes, 882 frames, proc_buf_frames=440, mAPPS->num_preprocessors=1,num_channel=1
02-11 13:27:45.271   488 30642 W AudioALSACaptureDataClientAurisysNormal: data_count_raw_ul 0, mRawDataPeriodBufSize 3840
02-11 13:27:45.279   488 30641 W AudioALSACaptureDataProviderNormal: readThread, latency_in_s,0.000000,0.059339,0.000092, totalTime 0.059431 > logTimeout 0.022000 TIMEOUT!!
02-11 13:27:45.281   488 30642 D AudioPreProcess: NativePreprocess: 1764 bytes, 882 frames, proc_buf_frames=440, mAPPS->num_preprocessors=1,num_channel=1
02-11 13:27:45.286   488 30642 I chatty  : uid=1041(audioserver) processThread_4 identical 1 line
02-11 13:27:45.289   488 30642 D AudioPreProcess: NativePreprocess: 1764 bytes, 882 frames, proc_buf_frames=440, mAPPS->num_preprocessors=1,num_channel=1
02-11 13:27:45.331   488 30642 W AudioALSACaptureDataClientAurisysNormal: data_count_raw_ul 0, mRawDataPeriodBufSize 3840
02-11 13:27:45.339   488 30641 W AudioALSACaptureDataProviderNormal: readThread, latency_in_s,0.000000,0.059345,0.000090, totalTime 0.059435 > logTimeout 0.022000 TIMEOUT!!
02-11 13:27:45.341   488 30642 D AudioPreProcess: NativePreprocess: 1764 bytes, 882 frames, proc_buf_frames=440, mAPPS->num_preprocessors=1,num_channel=1
02-11 13:27:45.345   488 30642 I chatty  : uid=1041(audioserver) processThread_4 identical 1 line
02-11 13:27:45.349   488 30642 D AudioPreProcess: NativePreprocess: 1764 bytes, 882 frames, proc_buf_frames=440, mAPPS->num_preprocessors=1,num_channel=1
02-11 13:27:45.390   488 30642 W AudioALSACaptureDataClientAurisysNormal: data_count_raw_ul 0, mRawDataPeriodBufSize 3840
02-11 13:27:45.399   488 30641 W AudioALSACaptureDataProviderNormal: readThread, latency_in_s,0.000000,0.059328,0.000088, totalTime 0.059417 > logTimeout 0.022000 TIMEOUT!!
02-11 13:27:45.401   488 30642 D AudioPreProcess: NativePreprocess: 1764 bytes, 882 frames, proc_buf_frames=440, mAPPS->num_preprocessors=1,num_channel=1
02-11 13:27:45.405   488 30642 I chatty  : uid=1041(audioserver) processThread_4 identical 1 line
02-11 13:27:45.408   488 30642 D AudioPreProcess: NativePreprocess: 1764 bytes, 882 frames, proc_buf_frames=440, mAPPS->num_preprocessors=1,num_channel=1
02-11 13:27:45.450   488 30642 W AudioALSACaptureDataClientAurisysNormal: data_count_raw_ul 0, mRawDataPeriodBufSize 3840
02-11 13:27:45.459   488 30641 W AudioALSACaptureDataProviderNormal: readThread, latency_in_s,0.000000,0.059302,0.000081, totalTime 0.059383 > logTimeout 0.022000 TIMEOUT!!
02-11 13:27:45.461   488 30642 D AudioPreProcess: NativePreprocess: 1764 bytes, 882 frames, proc_buf_frames=440, mAPPS->num_preprocessors=1,num_channel=1
02-11 13:27:45.465   488 30642 I chatty  : uid=1041(audioserver) processThread_4 identical 1 line
02-11 13:27:45.468   488 30642 D AudioPreProcess: NativePreprocess: 1764 bytes, 882 frames, proc_buf_frames=440, mAPPS->num_preprocessors=1,num_channel=1
02-11 13:27:45.509   488 30642 W AudioALSACaptureDataClientAurisysNormal: data_count_raw_ul 0, mRawDataPeriodBufSize 3840
02-11 13:27:45.519   488 30641 W AudioALSACaptureDataProviderNormal: readThread, latency_in_s,0.000000,0.059403,0.000071, totalTime 0.059474 > logTimeout 0.022000 TIMEOUT!!
02-11 13:27:45.521   488 30642 D AudioPreProcess: NativePreprocess: 1764 bytes, 882 frames, proc_buf_frames=440, mAPPS->num_preprocessors=1,num_channel=1
02-11 13:27:45.525   488 30642 I chatty  : uid=1041(audioserver) processThread_4 identical 1 line
02-11 13:27:45.528   488 30642 D AudioPreProcess: NativePreprocess: 1764 bytes, 882 frames, proc_buf_frames=440, mAPPS->num_preprocessors=1,num_channel=1
02-11 13:27:45.569   488 30642 W AudioALSACaptureDataClientAurisysNormal: data_count_raw_ul 0, mRawDataPeriodBufSize 3840
02-11 13:27:45.579   488 30641 W AudioALSACaptureDataProviderNormal: readThread, latency_in_s,0.000000,0.059388,0.000105, totalTime 0.059493 > logTimeout 0.022000 TIMEOUT!!
02-11 13:27:45.581   488 30642 D AudioPreProcess: NativePreprocess: 1764 bytes, 882 frames, proc_buf_frames=440, mAPPS->num_preprocessors=1,num_channel=1
02-11 13:27:45.585   488 30642 I chatty  : uid=1041(audioserver) processThread_4 identical 1 line
02-11 13:27:45.588   488 30642 D AudioPreProcess: NativePreprocess: 1764 bytes, 882 frames, proc_buf_frames=440, mAPPS->num_preprocessors=1,num_channel=1
02-11 13:27:45.630   488 30642 W AudioALSACaptureDataClientAurisysNormal: data_count_raw_ul 0, mRawDataPeriodBufSize 3840
02-11 13:27:45.639   488 30641 W AudioALSACaptureDataProviderNormal: readThread, latency_in_s,0.000000,0.059301,0.000117, totalTime 0.059418 > logTimeout 0.022000 TIMEOUT!!
02-11 13:27:45.642   488 30642 D AudioPreProcess: NativePreprocess: 1764 bytes, 882 frames, proc_buf_frames=440, mAPPS->num_preprocessors=1,num_channel=1
02-11 13:27:45.645   488 30642 I chatty  : uid=1041(audioserver) processThread_4 identical 1 line
02-11 13:27:45.649   488 30642 D AudioPreProcess: NativePreprocess: 1764 bytes, 882 frames, proc_buf_frames=440, mAPPS->num_preprocessors=1,num_channel=1
02-11 13:27:45.690   488 30642 W AudioALSACaptureDataClientAurisysNormal: data_count_raw_ul 0, mRawDataPeriodBufSize 3840
02-11 13:27:45.699   488 30641 W AudioALSACaptureDataProviderNormal: readThread, latency_in_s,0.000000,0.059281,0.000073, totalTime 0.059354 > logTimeout 0.022000 TIMEOUT!!
02-11 13:27:45.702   488 30642 D AudioPreProcess: NativePreprocess: 1764 bytes, 882 frames, proc_buf_frames=440, mAPPS->num_preprocessors=1,num_channel=1
02-11 13:27:45.706   488 30642 I chatty  : uid=1041(audioserver) processThread_4 identical 1 line
02-11 13:27:45.710   488 30642 D AudioPreProcess: NativePreprocess: 1764 bytes, 882 frames, proc_buf_frames=440, mAPPS->num_preprocessors=1,num_channel=1
02-11 13:27:45.751   488 30642 W AudioALSACaptureDataClientAurisysNormal: data_count_raw_ul 0, mRawDataPeriodBufSize 3840
02-11 13:27:45.759   488 30641 W AudioALSACaptureDataProviderNormal: readThread, latency_in_s,0.000000,0.059416,0.000089, totalTime 0.059505 > logTimeout 0.022000 TIMEOUT!!
02-11 13:27:45.761   488 30642 D AudioPreProcess: NativePreprocess: 1764 bytes, 882 frames, proc_buf_frames=440, mAPPS->num_preprocessors=1,num_channel=1
02-11 13:27:45.765   488 30642 I chatty  : uid=1041(audioserver) processThread_4 identical 1 line
02-11 13:27:45.768   488 30642 D AudioPreProcess: NativePreprocess: 1764 bytes, 882 frames, proc_buf_frames=440, mAPPS->num_preprocessors=1,num_channel=1
02-11 13:27:45.810   488 30642 W AudioALSACaptureDataClientAurisysNormal: data_count_raw_ul 0, mRawDataPeriodBufSize 3840
02-11 13:27:45.819   488 30641 W AudioALSACaptureDataProviderNormal: readThread, latency_in_s,0.000000,0.059316,0.000072, totalTime 0.059388 > logTimeout 0.022000 TIMEOUT!!
02-11 13:27:45.822   488 30642 D AudioPreProcess: NativePreprocess: 1764 bytes, 882 frames, proc_buf_frames=440, mAPPS->num_preprocessors=1,num_channel=1
02-11 13:27:45.826   488 30642 D AudioPreProcess: NativePreprocess: 1764 bytes, 882 frames, proc_buf_frames=440, mAPPS->num_preprocessors=1,num_channel=1
02-11 13:27:45.829   488 30642 D AudioPreProcess: NativePreprocess: 1764 bytes, 882 frames, proc_buf_frames=440, mAPPS->num_preprocessors=1,num_channel=1
02-11 13:27:45.871   488 30642 W AudioALSACaptureDataClientAurisysNormal: data_count_raw_ul 0, mRawDataPeriodBufSize 3840
02-11 13:27:45.879   488 30641 W AudioALSACaptureDataProviderNormal: readThread, latency_in_s,0.000000,0.059481,0.000075, totalTime 0.059556 > logTimeout 0.022000 TIMEOUT!!
02-11 13:27:45.882   488 30642 D AudioPreProcess: NativePreprocess: 1764 bytes, 882 frames, proc_buf_frames=440, mAPPS->num_preprocessors=1,num_channel=1
02-11 13:27:45.886   488 30642 I chatty  : uid=1041(audioserver) processThread_4 identical 1 line
02-11 13:27:45.890   488 30642 D AudioPreProcess: NativePreprocess: 1764 bytes, 882 frames, proc_buf_frames=440, mAPPS->num_preprocessors=1,num_channel=1
02-11 13:27:45.931   488 30642 W AudioALSACaptureDataClientAurisysNormal: data_count_raw_ul 0, mRawDataPeriodBufSize 3840
02-11 13:27:45.939   488 30641 W AudioALSACaptureDataProviderNormal: readThread, latency_in_s,0.000000,0.059251,0.000054, totalTime 0.059306 > logTimeout 0.022000 TIMEOUT!!
02-11 13:27:45.942   488 30642 D AudioPreProcess: NativePreprocess: 1764 bytes, 882 frames, proc_buf_frames=440, mAPPS->num_preprocessors=1,num_channel=1
02-11 13:27:45.946   488 30642 I chatty  : uid=1041(audioserver) processThread_4 identical 1 line
02-11 13:27:45.950   488 30642 D AudioPreProcess: NativePreprocess: 1764 bytes, 882 frames, proc_buf_frames=440, mAPPS->num_preprocessors=1,num_channel=1
02-11 13:27:45.991   488 30642 W AudioALSACaptureDataClientAurisysNormal: data_count_raw_ul 0, mRawDataPeriodBufSize 3840
02-11 13:27:45.999   488 30641 W AudioALSACaptureDataProviderNormal: readThread, latency_in_s,0.000000,0.059416,0.000061, totalTime 0.059477 > logTimeout 0.022000 TIMEOUT!!
02-11 13:27:46.002   488 30642 D AudioPreProcess: NativePreprocess: 1764 bytes, 882 frames, proc_buf_frames=440, mAPPS->num_preprocessors=1,num_channel=1
02-11 13:27:46.006   488 30642 I chatty  : uid=1041(audioserver) processThread_4 identical 1 line
02-11 13:27:46.010   488 30642 D AudioPreProcess: NativePreprocess: 1764 bytes, 882 frames, proc_buf_frames=440, mAPPS->num_preprocessors=1,num_channel=1
02-11 13:27:46.051   488 30642 W AudioALSACaptureDataClientAurisysNormal: data_count_raw_ul 0, mRawDataPeriodBufSize 3840
02-11 13:27:46.059   488 30641 W AudioALSACaptureDataProviderNormal: readThread, latency_in_s,0.000000,0.059444,0.000054, totalTime 0.059498 > logTimeout 0.022000 TIMEOUT!!
02-11 13:27:46.061   488 30642 D AudioPreProcess: NativePreprocess: 1764 bytes, 882 frames, proc_buf_frames=440, mAPPS->num_preprocessors=1,num_channel=1
02-11 13:27:46.065   488 30642 I chatty  : uid=1041(audioserver) processThread_4 identical 1 line
02-11 13:27:46.069   488 30642 D AudioPreProcess: NativePreprocess: 1764 bytes, 882 frames, proc_buf_frames=440, mAPPS->num_preprocessors=1,num_channel=1
02-11 13:27:46.111   488 30642 W AudioALSACaptureDataClientAurisysNormal: data_count_raw_ul 0, mRawDataPeriodBufSize 3840
02-11 13:27:46.119   488 30641 W AudioALSACaptureDataProviderNormal: readThread, latency_in_s,0.000000,0.059437,0.000091, totalTime 0.059528 > logTimeout 0.022000 TIMEOUT!!
02-11 13:27:46.121   488 30642 D AudioPreProcess: NativePreprocess: 1764 bytes, 882 frames, proc_buf_frames=440, mAPPS->num_preprocessors=1,num_channel=1
02-11 13:27:46.125   488 30642 I chatty  : uid=1041(audioserver) processThread_4 identical 1 line
02-11 13:27:46.128   488 30642 D AudioPreProcess: NativePreprocess: 1764 bytes, 882 frames, proc_buf_frames=440, mAPPS->num_preprocessors=1,num_channel=1
02-11 13:27:46.170   488 30642 W AudioALSACaptureDataClientAurisysNormal: data_count_raw_ul 0, mRawDataPeriodBufSize 3840
02-11 13:27:46.179   488 30641 W AudioALSACaptureDataProviderNormal: readThread, latency_in_s,0.000000,0.059492,0.000074, totalTime 0.059566 > logTimeout 0.022000 TIMEOUT!!
02-11 13:27:46.182   488 30642 D AudioPreProcess: NativePreprocess: 1764 bytes, 882 frames, proc_buf_frames=440, mAPPS->num_preprocessors=1,num_channel=1
02-11 13:27:46.185   488 30642 I chatty  : uid=1041(audioserver) processThread_4 identical 1 line
02-11 13:27:46.189   488 30642 D AudioPreProcess: NativePreprocess: 1764 bytes, 882 frames, proc_buf_frames=440, mAPPS->num_preprocessors=1,num_channel=1
02-11 13:27:46.230   488 30642 W AudioALSACaptureDataClientAurisysNormal: data_count_raw_ul 0, mRawDataPeriodBufSize 3840
02-11 13:27:46.239   488 30641 W AudioALSACaptureDataProviderNormal: readThread, latency_in_s,0.000000,0.059273,0.000062, totalTime 0.059335 > logTimeout 0.022000 TIMEOUT!!
02-11 13:27:46.242   488 30642 D AudioPreProcess: NativePreprocess: 1764 bytes, 882 frames, proc_buf_frames=440, mAPPS->num_preprocessors=1,num_channel=1
02-11 13:27:46.246   488 30642 I chatty  : uid=1041(audioserver) processThread_4 identical 1 line
02-11 13:27:46.250   488 30642 D AudioPreProcess: NativePreprocess: 1764 bytes, 882 frames, proc_buf_frames=440, mAPPS->num_preprocessors=1,num_channel=1
02-11 13:27:46.292   488 30642 W AudioALSACaptureDataClientAurisysNormal: data_count_raw_ul 0, mRawDataPeriodBufSize 3840
02-11 13:27:46.299   488 30641 W AudioALSACaptureDataProviderNormal: readThread, latency_in_s,0.000000,0.059429,0.000076, totalTime 0.059505 > logTimeout 0.022000 TIMEOUT!!
02-11 13:27:46.301   488 30642 D AudioPreProcess: NativePreprocess: 1764 bytes, 882 frames, proc_buf_frames=440, mAPPS->num_preprocessors=1,num_channel=1
02-11 13:27:46.305   488 30642 I chatty  : uid=1041(audioserver) processThread_4 identical 1 line
02-11 13:27:46.308   488 30642 D AudioPreProcess: NativePreprocess: 1764 bytes, 882 frames, proc_buf_frames=440, mAPPS->num_preprocessors=1,num_channel=1
02-11 13:27:46.349   488 30642 W AudioALSACaptureDataClientAurisysNormal: data_count_raw_ul 0, mRawDataPeriodBufSize 3840
02-11 13:27:46.359   488 30641 W AudioALSACaptureDataProviderNormal: readThread, latency_in_s,0.000000,0.059480,0.000071, totalTime 0.059552 > logTimeout 0.022000 TIMEOUT!!
02-11 13:27:46.362   488 30642 D AudioPreProcess: NativePreprocess: 1764 bytes, 882 frames, proc_buf_frames=440, mAPPS->num_preprocessors=1,num_channel=1
02-11 13:27:46.366   488 30642 I chatty  : uid=1041(audioserver) processThread_4 identical 1 line
02-11 13:27:46.369   488 30642 D AudioPreProcess: NativePreprocess: 1764 bytes, 882 frames, proc_buf_frames=440, mAPPS->num_preprocessors=1,num_channel=1
02-11 13:27:46.411   488 30642 W AudioALSACaptureDataClientAurisysNormal: data_count_raw_ul 0, mRawDataPeriodBufSize 3840
02-11 13:27:46.419   488 30641 W AudioALSACaptureDataProviderNormal: readThread, latency_in_s,0.000000,0.059282,0.000061, totalTime 0.059344 > logTimeout 0.022000 TIMEOUT!!
02-11 13:27:46.422   488 30642 D AudioPreProcess: NativePreprocess: 1764 bytes, 882 frames, proc_buf_frames=440, mAPPS->num_preprocessors=1,num_channel=1
02-11 13:27:46.426   488 30642 I chatty  : uid=1041(audioserver) processThread_4 identical 1 line
02-11 13:27:46.430   488 30642 D AudioPreProcess: NativePreprocess: 1764 bytes, 882 frames, proc_buf_frames=440, mAPPS->num_preprocessors=1,num_channel=1
02-11 13:27:46.472   488 30642 W AudioALSACaptureDataClientAurisysNormal: data_count_raw_ul 0, mRawDataPeriodBufSize 3840
02-11 13:27:46.479   488 30641 W AudioALSACaptureDataProviderNormal: readThread, latency_in_s,0.000000,0.059395,0.000061, totalTime 0.059456 > logTimeout 0.022000 TIMEOUT!!
02-11 13:27:46.482   488 30642 D AudioPreProcess: NativePreprocess: 1764 bytes, 882 frames, proc_buf_frames=440, mAPPS->num_preprocessors=1,num_channel=1
02-11 13:27:46.486   488 30642 I chatty  : uid=1041(audioserver) processThread_4 identical 1 line
02-11 13:27:46.489   488 30642 D AudioPreProcess: NativePreprocess: 1764 bytes, 882 frames, proc_buf_frames=440, mAPPS->num_preprocessors=1,num_channel=1
02-11 13:27:46.531   488 30642 W AudioALSACaptureDataClientAurisysNormal: data_count_raw_ul 0, mRawDataPeriodBufSize 3840
02-11 13:27:46.539   488 30641 W AudioALSACaptureDataProviderNormal: readThread, latency_in_s,0.000001,0.059418,0.000061, totalTime 0.059479 > logTimeout 0.022000 TIMEOUT!!
02-11 13:27:46.542   488 30642 D AudioPreProcess: NativePreprocess: 1764 bytes, 882 frames, proc_buf_frames=440, mAPPS->num_preprocessors=1,num_channel=1
02-11 13:27:46.546   488 30642 I chatty  : uid=1041(audioserver) processThread_4 identical 1 line
02-11 13:27:46.550   488 30642 D AudioPreProcess: NativePreprocess: 1764 bytes, 882 frames, proc_buf_frames=440, mAPPS->num_preprocessors=1,num_channel=1
02-11 13:27:46.592   488 30642 W AudioALSACaptureDataClientAurisysNormal: data_count_raw_ul 0, mRawDataPeriodBufSize 3840
02-11 13:27:46.599   488 30641 W AudioALSACaptureDataProviderNormal: readThread, latency_in_s,0.000000,0.059472,0.000068, totalTime 0.059541 > logTimeout 0.022000 TIMEOUT!!
02-11 13:27:46.602   488 30642 D AudioPreProcess: NativePreprocess: 1764 bytes, 882 frames, proc_buf_frames=440, mAPPS->num_preprocessors=1,num_channel=1
02-11 13:27:46.606   488 30642 I chatty  : uid=1041(audioserver) processThread_4 identical 1 line
02-11 13:27:46.609   488 30642 D AudioPreProcess: NativePreprocess: 1764 bytes, 882 frames, proc_buf_frames=440, mAPPS->num_preprocessors=1,num_channel=1
02-11 13:27:46.651   488 30642 W AudioALSACaptureDataClientAurisysNormal: data_count_raw_ul 0, mRawDataPeriodBufSize 3840
02-11 13:27:46.660   488 30641 W AudioALSACaptureDataProviderNormal: readThread, latency_in_s,0.000000,0.059614,0.000080, totalTime 0.059695 > logTimeout 0.022000 TIMEOUT!!
02-11 13:27:46.662   488 30642 D AudioPreProcess: NativePreprocess: 1764 bytes, 882 frames, proc_buf_frames=440, mAPPS->num_preprocessors=1,num_channel=1
02-11 13:27:46.666   488 30642 I chatty  : uid=1041(audioserver) processThread_4 identical 1 line
02-11 13:27:46.670   488 30642 D AudioPreProcess: NativePreprocess: 1764 bytes, 882 frames, proc_buf_frames=440, mAPPS->num_preprocessors=1,num_channel=1
02-11 13:27:46.712   488 30642 W AudioALSACaptureDataClientAurisysNormal: data_count_raw_ul 0, mRawDataPeriodBufSize 3840
02-11 13:27:46.719   488 30641 W AudioALSACaptureDataProviderNormal: readThread, latency_in_s,0.000000,0.059155,0.000055, totalTime 0.059210 > logTimeout 0.022000 TIMEOUT!!
02-11 13:27:46.721   488 30642 D AudioPreProcess: NativePreprocess: 1764 bytes, 882 frames, proc_buf_frames=440, mAPPS->num_preprocessors=1,num_channel=1
02-11 13:27:46.725   488 30642 I chatty  : uid=1041(audioserver) processThread_4 identical 1 line
02-11 13:27:46.728   488 30642 D AudioPreProcess: NativePreprocess: 1764 bytes, 882 frames, proc_buf_frames=440, mAPPS->num_preprocessors=1,num_channel=1
02-11 13:27:46.729   488 28030 D _V_vafx_muteframedetect: AudioHwIn session 0, curMuteFrame 60 ms, totalMuteFrame 81787560 ms, normalFrame 54804460 ms
02-11 13:27:46.770   488 30642 W AudioALSACaptureDataClientAurisysNormal: data_count_raw_ul 0, mRawDataPeriodBufSize 3840
02-11 13:27:46.779   488 30641 W AudioALSACaptureDataProviderNormal: readThread, latency_in_s,0.000000,0.059410,0.000053, totalTime 0.059464 > logTimeout 0.022000 TIMEOUT!!
02-11 13:27:46.781   488 30642 D AudioPreProcess: NativePreprocess: 1764 bytes, 882 frames, proc_buf_frames=440, mAPPS->num_preprocessors=1,num_channel=1
02-11 13:27:46.785   488 30642 I chatty  : uid=1041(audioserver) processThread_4 identical 1 line
02-11 13:27:46.788   488 30642 D AudioPreProcess: NativePreprocess: 1764 bytes, 882 frames, proc_buf_frames=440, mAPPS->num_preprocessors=1,num_channel=1
02-11 13:27:46.830   488 30642 W AudioALSACaptureDataClientAurisysNormal: data_count_raw_ul 0, mRawDataPeriodBufSize 3840
02-11 13:27:46.839   488 30641 W AudioALSACaptureDataProviderNormal: readThread, latency_in_s,0.000000,0.059445,0.000068, totalTime 0.059513 > logTimeout 0.022000 TIMEOUT!!
02-11 13:27:46.842   488 30642 D AudioPreProcess: NativePreprocess: 1764 bytes, 882 frames, proc_buf_frames=440, mAPPS->num_preprocessors=1,num_channel=1
02-11 13:27:46.845   488 30642 I chatty  : uid=1041(audioserver) processThread_4 identical 1 line
02-11 13:27:46.849   488 30642 D AudioPreProcess: NativePreprocess: 1764 bytes, 882 frames, proc_buf_frames=440, mAPPS->num_preprocessors=1,num_channel=1
02-11 13:30:01.488   429   436 E android.system.suspend@1.0-service: Error opening kernel wakelock stats for: wakeup27: Permission denied
02-11 13:38:22.488  1894  2292 E _V_pem  : readLine /d/fuelsummary/roll_current error:/d/fuelsummary/roll_current: open failed: ENOENT (No such file or directory)
02-11 13:54:27.488 18898 18898 E YouTube : Volley request retry failed for type agtm
02-11 13:54:27.488 18898 18898 E YouTube : cil
02-11 13:54:27.488 18898 18898 E YouTube : 	at qwf.run(PG:104)
02-11 13:54:27.488 18898 18898 E YouTube : 	at java.util.concurrent.ThreadPoolExecutor.runWorker(ThreadPoolExecutor.java:1167)
02-11 13:54:27.488 18898 18898 E YouTube : 	at java.util.concurrent.ThreadPoolExecutor$Worker.run(ThreadPoolExecutor.java:641)
02-11 13:54:27.488 18898 18898 E YouTube : 	at ram.run(PG:132)
02-11 13:54:27.488 18898 18898 E YouTube : 	at java.lang.Thread.run(Thread.java:923)
02-11 13:54:27.488 18898 18898 E YouTube : Caused by: apke: Exception in CronetUrlRequest: net::ERR_CONNECTION_TIMED_OUT, ErrorCode=6, InternalErrorCode=-118, Retryable=true
02-11 13:54:27.488 18898 18898 E YouTube : 	at org.chromium.net.impl.CronetUrlRequest.onError(PG:4)
02-11 14:06:52.488 23046 23340 E GODZILLA: Original size is 1064960 but real size is 524288
02-11 14:27:03.488   429   436 E android.system.suspend@1.0-service: Error opening kernel wakelock stats for: wakeup27: Permission denied
02-11 14:27:47.140   488 30641 W AudioALSACaptureDataProviderNormal: readThread, latency_in_s,0.000001,0.059551,0.000073, totalTime 0.059624 > logTimeout 0.022000 TIMEOUT!!
02-11 14:27:47.142   488 30642 D AudioPreProcess: NativePreprocess: 1764 bytes, 882 frames, proc_buf_frames=440, mAPPS->num_preprocessors=1,num_channel=1
02-11 14:27:47.145   488 30642 I chatty  : uid=1041(audioserver) processThread_4 identical 1 line
02-11 14:27:47.149   488 30642 D AudioPreProcess: NativePreprocess: 1764 bytes, 882 frames, proc_buf_frames=440, mAPPS->num_preprocessors=1,num_channel=1
02-11 14:27:47.190   488 30642 W AudioALSACaptureDataClientAurisysNormal: data_count_raw_ul 0, mRawDataPeriodBufSize 3840
02-11 14:27:47.200   488 30641 W AudioALSACaptureDataProviderNormal: readThread, latency_in_s,0.000000,0.059336,0.000052, totalTime 0.059389 > logTimeout 0.022000 TIMEOUT!!
02-11 14:27:47.202   488 30642 D AudioPreProcess: NativePreprocess: 1764 bytes, 882 frames, proc_buf_frames=440, mAPPS->num_preprocessors=1,num_channel=1
02-11 14:27:47.205   488 30642 I chatty  : uid=1041(audioserver) processThread_4 identical 1 line
02-11 14:27:47.208   488 30642 D AudioPreProcess: NativePreprocess: 1764 bytes, 882 frames, proc_buf_frames=440, mAPPS->num_preprocessors=1,num_channel=1
02-11 14:27:47.249   488 30642 W AudioALSACaptureDataClientAurisysNormal: data_count_raw_ul 0, mRawDataPeriodBufSize 3840
02-11 14:27:47.260   488 30641 W AudioALSACaptureDataProviderNormal: readThread, latency_in_s,0.000000,0.059513,0.000067, totalTime 0.059581 > logTimeout 0.022000 TIMEOUT!!
02-11 14:27:47.262   488 30642 D AudioPreProcess: NativePreprocess: 1764 bytes, 882 frames, proc_buf_frames=440, mAPPS->num_preprocessors=1,num_channel=1
02-11 14:27:47.265   488 30642 I chatty  : uid=1041(audioserver) processThread_4 identical 1 line
02-11 14:27:47.268   488 30642 D AudioPreProcess: NativePreprocess: 1764 bytes, 882 frames, proc_buf_frames=440, mAPPS->num_preprocessors=1,num_channel=1
02-11 14:27:47.310   488 30642 W AudioALSACaptureDataClientAurisysNormal: data_count_raw_ul 0, mRawDataPeriodBufSize 3840
02-11 14:27:47.320   488 30641 W AudioALSACaptureDataProviderNormal: readThread, latency_in_s,0.000000,0.059386,0.000068, totalTime 0.059454 > logTimeout 0.022000 TIMEOUT!!
02-11 14:27:47.322   488 30642 D AudioPreProcess: NativePreprocess: 1764 bytes, 882 frames, proc_buf_frames=440, mAPPS->num_preprocessors=1,num_channel=1
02-11 14:27:47.325   488 30642 I chatty  : uid=1041(audioserver) processThread_4 identical 1 line
02-11 14:27:47.328   488 30642 D AudioPreProcess: NativePreprocess: 1764 bytes, 882 frames, proc_buf_frames=440, mAPPS->num_preprocessors=1,num_channel=1
02-11 14:27:47.370   488 30642 W AudioALSACaptureDataClientAurisysNormal: data_count_raw_ul 0, mRawDataPeriodBufSize 3840
02-11 14:27:47.380   488 30641 W AudioALSACaptureDataProviderNormal: readThread, latency_in_s,0.000000,0.059284,0.000067, totalTime 0.059351 > logTimeout 0.022000 TIMEOUT!!
02-11 14:27:47.382   488 30642 D AudioPreProcess: NativePreprocess: 1764 bytes, 882 frames, proc_buf_frames=440, mAPPS->num_preprocessors=1,num_channel=1
02-11 14:27:47.385   488 30642 I chatty  : uid=1041(audioserver) processThread_4 identical 1 line
02-11 14:27:47.388   488 30642 D AudioPreProcess: NativePreprocess: 1764 bytes, 882 frames, proc_buf_frames=440, mAPPS->num_preprocessors=1,num_channel=1
02-11 14:27:47.429   488 30642 W AudioALSACaptureDataClientAurisysNormal: data_count_raw_ul 0, mRawDataPeriodBufSize 3840
02-11 14:27:47.440   488 30641 W AudioALSACaptureDataProviderNormal: readThread, latency_in_s,0.000000,0.059554,0.000061, totalTime 0.059615 > logTimeout 0.022000 TIMEOUT!!
02-11 14:27:47.442   488 30642 D AudioPreProcess: NativePreprocess: 1764 bytes, 882 frames, proc_buf_frames=440, mAPPS->num_preprocessors=1,num_channel=1
02-11 14:27:47.445   488 30642 I chatty  : uid=1041(audioserver) processThread_4 identical 1 line
02-11 14:27:47.449   488 30642 D AudioPreProcess: NativePreprocess: 1764 bytes, 882 frames, proc_buf_frames=440, mAPPS->num_preprocessors=1,num_channel=1
02-11 14:27:47.490   488 30642 W AudioALSACaptureDataClientAurisysNormal: data_count_raw_ul 0, mRawDataPeriodBufSize 3840
02-11 14:27:47.500   488 30641 W AudioALSACaptureDataProviderNormal: readThread, latency_in_s,0.000000,0.059438,0.000059, totalTime 0.059497 > logTimeout 0.022000 TIMEOUT!!
02-11 14:27:47.502   488 30642 D AudioPreProcess: NativePreprocess: 1764 bytes, 882 frames, proc_buf_frames=440, mAPPS->num_preprocessors=1,num_channel=1
02-11 14:27:47.505   488 30642 I chatty  : uid=1041(audioserver) processThread_4 identical 1 line
02-11 14:27:47.508   488 30642 D AudioPreProcess: NativePreprocess: 1764 bytes, 882 frames, proc_buf_frames=440, mAPPS->num_preprocessors=1,num_channel=1
02-11 14:27:47.550   488 30642 W AudioALSACaptureDataClientAurisysNormal: data_count_raw_ul 0, mRawDataPeriodBufSize 3840
02-11 14:27:47.560   488 30641 W AudioALSACaptureDataProviderNormal: readThread, latency_in_s,0.000000,0.059276,0.000061, totalTime 0.059338 > logTimeout 0.022000 TIMEOUT!!
02-11 14:27:47.562   488 30642 D AudioPreProcess: NativePreprocess: 1764 bytes, 882 frames, proc_buf_frames=440, mAPPS->num_preprocessors=1,num_channel=1
02-11 14:27:47.565   488 30642 I chatty  : uid=1041(audioserver) processThread_4 identical 1 line
02-11 14:27:47.568   488 30642 D AudioPreProcess: NativePreprocess: 1764 bytes, 882 frames, proc_buf_frames=440, mAPPS->num_preprocessors=1,num_channel=1
02-11 14:27:47.609   488 30642 W AudioALSACaptureDataClientAurisysNormal: data_count_raw_ul 0, mRawDataPeriodBufSize 3840
02-11 14:27:47.620   488 30641 W AudioALSACaptureDataProviderNormal: readThread, latency_in_s,0.000000,0.059420,0.000059, totalTime 0.059479 > logTimeout 0.022000 TIMEOUT!!
02-11 14:27:47.622   488 30642 D AudioPreProcess: NativePreprocess: 1764 bytes, 882 frames, proc_buf_frames=440, mAPPS->num_preprocessors=1,num_channel=1
02-11 14:27:47.625   488 30642 I chatty  : uid=1041(audioserver) processThread_4 identical 1 line
02-11 14:27:47.628   488 30642 D AudioPreProcess: NativePreprocess: 1764 bytes, 882 frames, proc_buf_frames=440, mAPPS->num_preprocessors=1,num_channel=1
02-11 14:27:47.669   488 30642 W AudioALSACaptureDataClientAurisysNormal: data_count_raw_ul 0, mRawDataPeriodBufSize 3840
02-11 14:27:47.680   488 30641 W AudioALSACaptureDataProviderNormal: readThread, latency_in_s,0.000000,0.059435,0.000057, totalTime 0.059492 > logTimeout 0.022000 TIMEOUT!!
02-11 14:27:47.682   488 30642 D AudioPreProcess: NativePreprocess: 1764 bytes, 882 frames, proc_buf_frames=440, mAPPS->num_preprocessors=1,num_channel=1
02-11 14:27:47.685   488 30642 D AudioPreProcess: NativePreprocess: 1764 bytes, 882 frames, proc_buf_frames=440, mAPPS->num_preprocessors=1,num_channel=1
02-11 14:27:47.686   488 28030 D _V_vafx_muteframedetect: AudioHwIn session 0, curMuteFrame 20 ms, totalMuteFrame 84699200 ms, normalFrame 55501960 ms
02-11 14:27:47.688   488 30642 D AudioPreProcess: NativePreprocess: 1764 bytes, 882 frames, proc_buf_frames=440, mAPPS->num_preprocessors=1,num_channel=1
02-11 14:27:47.729   488 30642 W AudioALSACaptureDataClientAurisysNormal: data_count_raw_ul 0, mRawDataPeriodBufSize 3840
02-11 14:27:47.740   488 30641 W AudioALSACaptureDataProviderNormal: readThread, latency_in_s,0.000000,0.059600,0.000059, totalTime 0.059659 > logTimeout 0.022000 TIMEOUT!!
02-11 14:27:47.742   488 30642 D AudioPreProcess: NativePreprocess: 1764 bytes, 882 frames, proc_buf_frames=440, mAPPS->num_preprocessors=1,num_channel=1
02-11 14:27:47.745   488 30642 I chatty  : uid=1041(audioserver) processThread_4 identical 1 line
02-11 14:27:47.748   488 30642 D AudioPreProcess: NativePreprocess: 1764 bytes, 882 frames, proc_buf_frames=440, mAPPS->num_preprocessors=1,num_channel=1
02-11 14:27:47.790   488 30642 W AudioALSACaptureDataClientAurisysNormal: data_count_raw_ul 0, mRawDataPeriodBufSize 3840
02-11 14:27:47.800   488 30641 W AudioALSACaptureDataProviderNormal: readThread, latency_in_s,0.000000,0.059345,0.000086, totalTime 0.059432 > logTimeout 0.022000 TIMEOUT!!
02-11 14:27:47.802   488 30642 D AudioPreProcess: NativePreprocess: 1764 bytes, 882 frames, proc_buf_frames=440, mAPPS->num_preprocessors=1,num_channel=1
02-11 14:27:47.805   488 30642 I chatty  : uid=1041(audioserver) processThread_4 identical 1 line
02-11 14:27:47.809   488 30642 D AudioPreProcess: NativePreprocess: 1764 bytes, 882 frames, proc_buf_frames=440, mAPPS->num_preprocessors=1,num_channel=1
02-11 14:27:47.850   488 30642 W AudioALSACaptureDataClientAurisysNormal: data_count_raw_ul 0, mRawDataPeriodBufSize 3840
02-11 14:27:47.860   488 30641 W AudioALSACaptureDataProviderNormal: readThread, latency_in_s,0.000000,0.059470,0.000067, totalTime 0.059537 > logTimeout 0.022000 TIMEOUT!!
02-11 14:27:47.862   488 30642 D AudioPreProcess: NativePreprocess: 1764 bytes, 882 frames, proc_buf_frames=440, mAPPS->num_preprocessors=1,num_channel=1
02-11 14:27:47.866   488 30642 I chatty  : uid=1041(audioserver) processThread_4 identical 1 line
02-11 14:27:47.870   488 30642 D AudioPreProcess: NativePreprocess: 1764 bytes, 882 frames, proc_buf_frames=440, mAPPS->num_preprocessors=1,num_channel=1
02-11 14:27:47.912   488 30642 W AudioALSACaptureDataClientAurisysNormal: data_count_raw_ul 0, mRawDataPeriodBufSize 3840
02-11 14:27:47.920   488 30641 W AudioALSACaptureDataProviderNormal: readThread, latency_in_s,0.000000,0.059491,0.000068, totalTime 0.059559 > logTimeout 0.022000 TIMEOUT!!
02-11 14:27:47.922   488 30642 D AudioPreProcess: NativePreprocess: 1764 bytes, 882 frames, proc_buf_frames=440, mAPPS->num_preprocessors=1,num_channel=1
02-11 14:27:47.926   488 30642 I chatty  : uid=1041(audioserver) processThread_4 identical 1 line
02-11 14:27:47.930   488 30642 D AudioPreProcess: NativePreprocess: 1764 bytes, 882 frames, proc_buf_frames=440, mAPPS->num_preprocessors=1,num_channel=1
02-11 14:27:47.972   488 30642 W AudioALSACaptureDataClientAurisysNormal: data_count_raw_ul 0, mRawDataPeriodBufSize 3840
02-11 14:27:47.980   488 30641 W AudioALSACaptureDataProviderNormal: readThread, latency_in_s,0.000000,0.059349,0.000074, totalTime 0.059423 > logTimeout 0.022000 TIMEOUT!!
02-11 14:27:47.982   488 30642 D AudioPreProcess: NativePreprocess: 1764 bytes, 882 frames, proc_buf_frames=440, mAPPS->num_preprocessors=1,num_channel=1
02-11 14:27:47.986   488 30642 I chatty  : uid=1041(audioserver) processThread_4 identical 1 line
02-11 14:27:47.989   488 30642 D AudioPreProcess: NativePreprocess: 1764 bytes, 882 frames, proc_buf_frames=440, mAPPS->num_preprocessors=1,num_channel=1
