02-09 22:26:05.488  1269  1269 D CompatibilityChangeReporter: Compat change id reported: 135549675; UID 10011; state: ENABLED
02-09 22:26:15.488  1269  1480 W BluetoothManagerService: bindBluetoothProfileService:Trying to bind to profile: 1, while Bluetooth is disabled
02-09 22:26:19.488  1269  1269 V SettingsProvider: Notifying for 0: content://settings/system/screen_brightness_write_by
02-09 22:26:32.488  1269  2133 W _V_ActivityManager: Failed to find provider:com.google.android.gsf.gservices for user 0
02-09 22:26:54.262  1269  1563 D _V_DisplayPowerControllerImpl: onAutoBrightness brightness=0.04004884 ,finalBrightness=0.04004884, true
02-09 22:26:54.262  1269  1563 D _V_VivoLightColorMatrixControl: onAutoBrightness brightness=0.04004884 useAutoBrightness=true
02-09 22:26:54.292  1269  1333 I _V_DisplayPowerState: restore screen brightness to sensor brightness 0.04004884
02-09 22:26:54.297  1269  1333 D _V_DisplayPowerState: mScreenBrightness = 0.04004884
02-09 22:27:07.009  1269  4097 W ActivityManager: Receiver with filter android.content.IntentFilter@a48865d already registered for pid 3142, callerPackage is com.google.android.ims
02-09 22:27:21.488  1269  2809 I ActivityManager: Killing 5713:com.google.android.dialer/u0a163 (adj 915): empty #4
02-09 22:27:21.488  1269  2809 D _V_VivoObserver: notifyAppDiedForVirtualDisplay app: ProcessRecord{6d77e15 5713:com.google.android.dialer/u0a163}
02-09 22:28:12.488  1269  3683 D _V_ActivityManager: StartMode packageName = com.google.android.apps.docs ,pid = -1 ,alwaysRestrict = true ,startMode = 2 ,UidRec:null
02-09 22:30:34.488  1269  2332 D _V_VivoBackgroundActivityController: noteImportantEvent: type=3,package=com.google.android.youtube
02-09 23:37:24.488  1269  1769 W _V_PackageManager: ## return empyt for Intent { act=com.google.android.gms.phenotype.COMMIT flg=0x10 pkg=com.google.android.apps.mobileutilities (has extras) } pkgName:com.google.android.apps.mobileutilities
02-10 00:39:53.488  1269  1269 E AutoBrightnessSynchronizer: MSG_UPDATE_FLOAT 17
02-10 00:40:11.549  1269  1269 E AutoBrightnessSynchronizer: MSG_UPDATE_INT 0.34889734
02-10 00:41:06.262  1269  1269 E AutoBrightnessSynchronizer: MSG_UPDATE_INT 0.34889734
02-10 00:41:08.994  1269  1269 E AutoBrightnessSynchronizer: MSG_UPDATE_INT 0.34882128
02-11 02:46:22.416   488 30641 W AudioALSACaptureDataProviderNormal: readThread, latency_in_s,0.000000,0.059593,0.000059, totalTime 0.059652 > logTimeout 0.022000 TIMEOUT!!
02-11 02:46:22.417   488 30642 D AudioPreProcess: NativePreprocess: 1764 bytes, 882 frames, proc_buf_frames=440, mAPPS->num_preprocessors=1,num_channel=1
02-11 02:46:22.420   488 30642 I chatty  : uid=1041(audioserver) processThread_4 identical 1 line
02-11 02:46:22.423   488 30642 D AudioPreProcess: NativePreprocess: 1764 bytes, 882 frames, proc_buf_frames=440, mAPPS->num_preprocessors=1,num_channel=1
02-11 02:46:22.465   488 30642 W AudioALSACaptureDataClientAurisysNormal: data_count_raw_ul 0, mRawDataPeriodBufSize 3840
02-11 02:46:22.475   488 30641 W AudioALSACaptureDataProviderNormal: readThread, latency_in_s,0.000000,0.059301,0.000064, totalTime 0.059365 > logTimeout 0.022000 TIMEOUT!!
02-11 02:46:22.477   488 30642 D AudioPreProcess: NativePreprocess: 1764 bytes, 882 frames, proc_buf_frames=440, mAPPS->num_preprocessors=1,num_channel=1
02-11 02:46:22.481   488 30642 I chatty  : uid=1041(audioserver) processThread_4 identical 1 line
02-11 02:46:22.484   488 30642 D AudioPreProcess: NativePreprocess: 1764 bytes, 882 frames, proc_buf_frames=440, mAPPS->num_preprocessors=1,num_channel=1
02-11 02:46:22.526   488 30642 W AudioALSACaptureDataClientAurisysNormal: data_count_raw_ul 0, mRawDataPeriodBufSize 3840
02-11 02:46:22.536   488 30641 W AudioALSACaptureDataProviderNormal: readThread, latency_in_s,0.000000,0.059474,0.000058, totalTime 0.059532 > logTimeout 0.022000 TIMEOUT!!
02-11 02:46:22.537   488 30642 D AudioPreProcess: NativePreprocess: 1764 bytes, 882 frames, proc_buf_frames=440, mAPPS->num_preprocessors=1,num_channel=1
02-11 02:46:22.541   488 30642 I chatty  : uid=1041(audioserver) processThread_4 identical 1 line
02-11 02:46:22.545   488 30642 D AudioPreProcess: NativePreprocess: 1764 bytes, 882 frames, proc_buf_frames=440, mAPPS->num_preprocessors=1,num_channel=1
02-11 02:46:22.586   488 30642 W AudioALSACaptureDataClientAurisysNormal: data_count_raw_ul 0, mRawDataPeriodBufSize 3840
02-11 02:46:22.595   488 30641 W AudioALSACaptureDataProviderNormal: readThread, latency_in_s,0.000000,0.059266,0.000062, totalTime 0.059328 > logTimeout 0.022000 TIMEOUT!!
02-11 02:46:22.597   488 30642 D AudioPreProcess: NativePreprocess: 1764 bytes, 882 frames, proc_buf_frames=440, mAPPS->num_preprocessors=1,num_channel=1
02-11 02:46:22.601   488 30642 D AudioPreProcess: NativePreprocess: 1764 bytes, 882 frames, proc_buf_frames=440, mAPPS->num_preprocessors=1,num_channel=1
02-11 02:46:22.604   488 30642 D AudioPreProcess: NativePreprocess: 1764 bytes, 882 frames, proc_buf_frames=440, mAPPS->num_preprocessors=1,num_channel=1
02-11 02:46:22.645   488 30642 W AudioALSACaptureDataClientAurisysNormal: data_count_raw_ul 0, mRawDataPeriodBufSize 3840
02-11 02:46:22.655   488 30641 W AudioALSACaptureDataProviderNormal: readThread, latency_in_s,0.000000,0.056268,0.000077, totalTime 0.056345 > logTimeout 0.022000 TIMEOUT!!
02-11 02:46:22.657   488 30642 D AudioPreProcess: NativePreprocess: 1764 bytes, 882 frames, proc_buf_frames=440, mAPPS->num_preprocessors=1,num_channel=1
02-11 02:46:22.660   488 30642 D AudioPreProcess: NativePreprocess: 1764 bytes, 882 frames, proc_buf_frames=440, mAPPS->num_preprocessors=1,num_channel=1
02-11 02:46:22.664   488 30642 D AudioPreProcess: NativePreprocess: 1764 bytes, 882 frames, proc_buf_frames=440, mAPPS->num_preprocessors=1,num_channel=1
02-11 02:46:22.705   488 30642 W AudioALSACaptureDataClientAurisysNormal: data_count_raw_ul 0, mRawDataPeriodBufSize 3840
02-11 02:46:22.716   488 30641 W AudioALSACaptureDataProviderNormal: readThread, latency_in_s,0.000000,0.059383,0.000073, totalTime 0.059456 > logTimeout 0.022000 TIMEOUT!!
02-11 02:46:22.717   488 30642 D AudioPreProcess: NativePreprocess: 1764 bytes, 882 frames, proc_buf_frames=440, mAPPS->num_preprocessors=1,num_channel=1
02-11 02:46:22.720   488 30642 D AudioPreProcess: NativePreprocess: 1764 bytes, 882 frames, proc_buf_frames=440, mAPPS->num_preprocessors=1,num_channel=1
02-11 02:46:22.722   488 28030 D _V_vafx_muteframedetect: AudioHwIn session 0, curMuteFrame 20 ms, totalMuteFrame 56915160 ms, normalFrame 41105380 ms
02-11 02:46:22.724   488 30642 D AudioPreProcess: NativePreprocess: 1764 bytes, 882 frames, proc_buf_frames=440, mAPPS->num_preprocessors=1,num_channel=1
02-11 02:46:22.765   488 30642 W AudioALSACaptureDataClientAurisysNormal: data_count_raw_ul 0, mRawDataPeriodBufSize 3840
02-11 02:46:22.776   488 30641 W AudioALSACaptureDataProviderNormal: readThread, latency_in_s,0.000000,0.059355,0.000052, totalTime 0.059408 > logTimeout 0.022000 TIMEOUT!!
02-11 02:46:22.778   488 30642 D AudioPreProcess: NativePreprocess: 1764 bytes, 882 frames, proc_buf_frames=440, mAPPS->num_preprocessors=1,num_channel=1
02-11 02:46:22.781   488 30642 I chatty  : uid=1041(audioserver) processThread_4 identical 1 line
02-11 02:46:22.784   488 30642 D AudioPreProcess: NativePreprocess: 1764 bytes, 882 frames, proc_buf_frames=440, mAPPS->num_preprocessors=1,num_channel=1
02-11 02:46:22.826   488 30642 W AudioALSACaptureDataClientAurisysNormal: data_count_raw_ul 0, mRawDataPeriodBufSize 3840
02-11 02:46:22.836   488 30641 W AudioALSACaptureDataProviderNormal: readThread, latency_in_s,0.000000,0.059372,0.000058, totalTime 0.059430 > logTimeout 0.022000 TIMEOUT!!
02-11 02:46:22.837   488 30642 D AudioPreProcess: NativePreprocess: 1764 bytes, 882 frames, proc_buf_frames=440, mAPPS->num_preprocessors=1,num_channel=1
02-11 02:46:22.841   488 30642 D AudioPreProcess: NativePreprocess: 1764 bytes, 882 frames, proc_buf_frames=440, mAPPS->num_preprocessors=1,num_channel=1
02-11 02:46:22.842   488 30642 D audio_ringbuf: dynamic_change_ring_buf_size(), 0xb50edc00: 7072 -> 14128, data_count 6446, write_size 1764, free_space 610
02-11 02:46:22.844   488 30642 D AudioPreProcess: NativePreprocess: 1764 bytes, 882 frames, proc_buf_frames=440, mAPPS->num_preprocessors=1,num_channel=1
02-11 02:46:22.885   488 30642 W AudioALSACaptureDataClientAurisysNormal: data_count_raw_ul 0, mRawDataPeriodBufSize 3840
02-11 02:46:22.896   488 30641 W AudioALSACaptureDataProviderNormal: readThread, latency_in_s,0.000000,0.059372,0.000068, totalTime 0.059440 > logTimeout 0.022000 TIMEOUT!!
02-11 02:46:22.897   488 30642 D AudioPreProcess: NativePreprocess: 1764 bytes, 882 frames, proc_buf_frames=440, mAPPS->num_preprocessors=1,num_channel=1
02-11 02:46:22.900   488 30642 D AudioPreProcess: NativePreprocess: 1764 bytes, 882 frames, proc_buf_frames=440, mAPPS->num_preprocessors=1,num_channel=1
02-11 02:46:22.904   488 30642 D AudioPreProcess: NativePreprocess: 1764 bytes, 882 frames, proc_buf_frames=440, mAPPS->num_preprocessors=1,num_channel=1
02-11 02:46:22.945   488 30642 W AudioALSACaptureDataClientAurisysNormal: data_count_raw_ul 0, mRawDataPeriodBufSize 3840
02-11 02:46:22.956   488 30641 W AudioALSACaptureDataProviderNormal: readThread, latency_in_s,0.000000,0.059361,0.000066, totalTime 0.059427 > logTimeout 0.022000 TIMEOUT!!
02-11 02:46:22.957   488 30642 D AudioPreProcess: NativePreprocess: 1764 bytes, 882 frames, proc_buf_frames=440, mAPPS->num_preprocessors=1,num_channel=1
02-11 02:46:22.965   488 30642 I chatty  : uid=1041(audioserver) processThread_4 identical 1 line
02-11 02:46:22.969   488 30642 D AudioPreProcess: NativePreprocess: 1764 bytes, 882 frames, proc_buf_frames=440, mAPPS->num_preprocessors=1,num_channel=1
02-11 02:46:23.010   488 30642 W AudioALSACaptureDataClientAurisysNormal: data_count_raw_ul 0, mRawDataPeriodBufSize 3840
02-11 02:46:23.016   488 30641 W AudioALSACaptureDataProviderNormal: readThread, latency_in_s,0.000000,0.059244,0.000060, totalTime 0.059305 > logTimeout 0.022000 TIMEOUT!!
02-11 02:46:23.017   488 30642 D AudioPreProcess: NativePreprocess: 1764 bytes, 882 frames, proc_buf_frames=440, mAPPS->num_preprocessors=1,num_channel=1
02-11 02:46:23.021   488 30642 I chatty  : uid=1041(audioserver) processThread_4 identical 1 line
02-11 02:46:23.024   488 30642 D AudioPreProcess: NativePreprocess: 1764 bytes, 882 frames, proc_buf_frames=440, mAPPS->num_preprocessors=1,num_channel=1
02-11 02:46:23.065   488 30642 W AudioALSACaptureDataClientAurisysNormal: data_count_raw_ul 0, mRawDataPeriodBufSize 3840
02-11 02:46:23.075   488 30641 W AudioALSACaptureDataProviderNormal: readThread, latency_in_s,0.000000,0.059268,0.000052, totalTime 0.059320 > logTimeout 0.022000 TIMEOUT!!
02-11 02:46:23.077   488 30642 D AudioPreProcess: NativePreprocess: 1764 bytes, 882 frames, proc_buf_frames=440, mAPPS->num_preprocessors=1,num_channel=1
02-11 02:46:23.080   488 30642 I chatty  : uid=1041(audioserver) processThread_4 identical 1 line
02-11 02:46:23.084   488 30642 D AudioPreProcess: NativePreprocess: 1764 bytes, 882 frames, proc_buf_frames=440, mAPPS->num_preprocessors=1,num_channel=1
02-11 02:46:23.125   488 30642 W AudioALSACaptureDataClientAurisysNormal: data_count_raw_ul 0, mRawDataPeriodBufSize 3840
02-11 02:46:23.136   488 30641 W AudioALSACaptureDataProviderNormal: readThread, latency_in_s,0.000000,0.059438,0.000064, totalTime 0.059503 > logTimeout 0.022000 TIMEOUT!!
02-11 02:46:23.137   488 30642 D AudioPreProcess: NativePreprocess: 1764 bytes, 882 frames, proc_buf_frames=440, mAPPS->num_preprocessors=1,num_channel=1
02-11 02:46:23.140   488 30642 I chatty  : uid=1041(audioserver) processThread_4 identical 1 line
02-11 02:46:23.144   488 30642 D AudioPreProcess: NativePreprocess: 1764 bytes, 882 frames, proc_buf_frames=440, mAPPS->num_preprocessors=1,num_channel=1
02-11 02:46:23.185   488 30642 W AudioALSACaptureDataClientAurisysNormal: data_count_raw_ul 0, mRawDataPeriodBufSize 3840
02-11 02:46:23.196   488 30641 W AudioALSACaptureDataProviderNormal: readThread, latency_in_s,0.000000,0.059443,0.000069, totalTime 0.059513 > logTimeout 0.022000 TIMEOUT!!
02-11 02:46:23.197   488 30642 D AudioPreProcess: NativePreprocess: 1764 bytes, 882 frames, proc_buf_frames=440, mAPPS->num_preprocessors=1,num_channel=1
02-11 02:46:23.201   488 30642 I chatty  : uid=1041(audioserver) processThread_4 identical 1 line
02-11 02:46:23.204   488 30642 D AudioPreProcess: NativePreprocess: 1764 bytes, 882 frames, proc_buf_frames=440, mAPPS->num_preprocessors=1,num_channel=1
02-11 02:46:23.245   488 30642 W AudioALSACaptureDataClientAurisysNormal: data_count_raw_ul 0, mRawDataPeriodBufSize 3840
02-11 02:46:23.255   488 30641 W AudioALSACaptureDataProviderNormal: readThread, latency_in_s,0.000000,0.059248,0.000066, totalTime 0.059314 > logTimeout 0.022000 TIMEOUT!!
02-11 02:46:23.257   488 30642 D AudioPreProcess: NativePreprocess: 1764 bytes, 882 frames, proc_buf_frames=440, mAPPS->num_preprocessors=1,num_channel=1
02-11 02:46:23.261   488 30642 I chatty  : uid=1041(audioserver) processThread_4 identical 1 line
02-11 02:46:23.264   488 30642 D AudioPreProcess: NativePreprocess: 1764 bytes, 882 frames, proc_buf_frames=440, mAPPS->num_preprocessors=1,num_channel=1
02-11 02:46:23.305   488 30642 W AudioALSACaptureDataClientAurisysNormal: data_count_raw_ul 0, mRawDataPeriodBufSize 3840
02-11 02:46:23.315   488 30641 W AudioALSACaptureDataProviderNormal: readThread, latency_in_s,0.000000,0.059416,0.000076, totalTime 0.059492 > logTimeout 0.022000 TIMEOUT!!
02-11 02:46:23.317   488 30642 D AudioPreProcess: NativePreprocess: 1764 bytes, 882 frames, proc_buf_frames=440, mAPPS->num_preprocessors=1,num_channel=1
02-11 02:46:23.320   488 30642 D AudioPreProcess: NativePreprocess: 1764 bytes, 882 frames, proc_buf_frames=440, mAPPS->num_preprocessors=1,num_channel=1
02-11 02:46:23.324   488 30642 D AudioPreProcess: NativePreprocess: 1764 bytes, 882 frames, proc_buf_frames=440, mAPPS->num_preprocessors=1,num_channel=1
02-11 02:46:23.365   488 30642 W AudioALSACaptureDataClientAurisysNormal: data_count_raw_ul 0, mRawDataPeriodBufSize 3840
02-11 02:46:23.376   488 30641 W AudioALSACaptureDataProviderNormal: readThread, latency_in_s,0.000000,0.059430,0.000082, totalTime 0.059512 > logTimeout 0.022000 TIMEOUT!!
02-11 02:46:23.377   488 30642 D AudioPreProcess: NativePreprocess: 1764 bytes, 882 frames, proc_buf_frames=440, mAPPS->num_preprocessors=1,num_channel=1
02-11 02:46:23.380   488 30642 D AudioPreProcess: NativePreprocess: 1764 bytes, 882 frames, proc_buf_frames=440, mAPPS->num_preprocessors=1,num_channel=1
02-11 02:46:23.383   488 30642 D AudioPreProcess: NativePreprocess: 1764 bytes, 882 frames, proc_buf_frames=440, mAPPS->num_preprocessors=1,num_channel=1
02-11 02:46:23.425   488 30642 W AudioALSACaptureDataClientAurisysNormal: data_count_raw_ul 0, mRawDataPeriodBufSize 3840
02-11 02:46:23.435   488 30641 W AudioALSACaptureDataProviderNormal: readThread, latency_in_s,0.000000,0.059243,0.000066, totalTime 0.059309 > logTimeout 0.022000 TIMEOUT!!
02-11 02:46:23.437   488 30642 D AudioPreProcess: NativePreprocess: 1764 bytes, 882 frames, proc_buf_frames=440, mAPPS->num_preprocessors=1,num_channel=1
02-11 02:46:23.441   488 30642 I chatty  : uid=1041(audioserver) processThread_4 identical 1 line
02-11 02:46:23.444   488 30642 D AudioPreProcess: NativePreprocess: 1764 bytes, 882 frames, proc_buf_frames=440, mAPPS->num_preprocessors=1,num_channel=1
02-11 02:46:23.485   488 30642 W AudioALSACaptureDataClientAurisysNormal: data_count_raw_ul 0, mRawDataPeriodBufSize 3840
02-11 02:46:23.488  4113  4113 W .apps.messagin: Accessing hidden field Ljava/util/Collections$SynchronizedCollection;->mutex:Ljava/lang/Object; (greylist-max-o, reflection, denied)
02-11 02:46:23.496   488 30641 W AudioALSACaptureDataProviderNormal: readThread, latency_in_s,0.000000,0.059466,0.000066, totalTime 0.059532 > logTimeout 0.022000 TIMEOUT!!
02-11 02:46:23.498   488 30642 D AudioPreProcess: NativePreprocess: 1764 bytes, 882 frames, proc_buf_frames=440, mAPPS->num_preprocessors=1,num_channel=1
02-11 02:46:23.501   488 30642 D AudioPreProcess: NativePreprocess: 1764 bytes, 882 frames, proc_buf_frames=440, mAPPS->num_preprocessors=1,num_channel=1
02-11 02:46:23.505   488 30642 D AudioPreProcess: NativePreprocess: 1764 bytes, 882 frames, proc_buf_frames=440, mAPPS->num_preprocessors=1,num_channel=1
02-11 02:46:23.547   488 30642 W AudioALSACaptureDataClientAurisysNormal: data_count_raw_ul 0, mRawDataPeriodBufSize 3840
02-11 02:46:23.555   488 30641 W AudioALSACaptureDataProviderNormal: readThread, latency_in_s,0.000000,0.059281,0.000070, totalTime 0.059351 > logTimeout 0.022000 TIMEOUT!!
02-11 02:46:23.557   488 30642 D AudioPreProcess: NativePreprocess: 1764 bytes, 882 frames, proc_buf_frames=440, mAPPS->num_preprocessors=1,num_channel=1
02-11 02:46:23.560   488 30642 I chatty  : uid=1041(audioserver) processThread_4 identical 1 line
02-11 02:46:23.563   488 30642 D AudioPreProcess: NativePreprocess: 1764 bytes, 882 frames, proc_buf_frames=440, mAPPS->num_preprocessors=1,num_channel=1
02-11 02:46:23.606   488 30642 W AudioALSACaptureDataClientAurisysNormal: data_count_raw_ul 0, mRawDataPeriodBufSize 3840
02-11 02:46:23.615   488 30641 W AudioALSACaptureDataProviderNormal: readThread, latency_in_s,0.000000,0.059414,0.000069, totalTime 0.059484 > logTimeout 0.022000 TIMEOUT!!
02-11 02:46:23.617   488 30642 D AudioPreProcess: NativePreprocess: 1764 bytes, 882 frames, proc_buf_frames=440, mAPPS->num_preprocessors=1,num_channel=1
02-11 02:46:23.620   488 30642 D AudioPreProcess: NativePreprocess: 1764 bytes, 882 frames, proc_buf_frames=440, mAPPS->num_preprocessors=1,num_channel=1
02-11 02:46:23.624   488 30642 D AudioPreProcess: NativePreprocess: 1764 bytes, 882 frames, proc_buf_frames=440, mAPPS->num_preprocessors=1,num_channel=1
02-11 02:46:24.326   488 30642 W AudioALSACaptureDataClientAurisysNormal: data_count_raw_ul 0, mRawDataPeriodBufSize 3840
02-11 02:46:24.336   488 30641 W AudioALSACaptureDataProviderNormal: readThread, latency_in_s,0.000000,0.059491,0.000063, totalTime 0.059555 > logTimeout 0.022000 TIMEOUT!!
02-11 02:46:24.337   488 30642 D AudioPreProcess: NativePreprocess: 1764 bytes, 882 frames, proc_buf_frames=440, mAPPS->num_preprocessors=1,num_channel=1
02-11 02:46:24.340   488 30642 I chatty  : uid=1041(audioserver) processThread_4 identical 1 line
02-11 02:46:24.343   488 30642 D AudioPreProcess: NativePreprocess: 1764 bytes, 882 frames, proc_buf_frames=440, mAPPS->num_preprocessors=1,num_channel=1
02-11 02:46:24.385   488 30642 W AudioALSACaptureDataClientAurisysNormal: data_count_raw_ul 0, mRawDataPeriodBufSize 3840
02-11 02:46:24.395   488 30641 W AudioALSACaptureDataProviderNormal: readThread, latency_in_s,0.000000,0.059247,0.000076, totalTime 0.059323 > logTimeout 0.022000 TIMEOUT!!
02-11 02:46:24.397   488 30642 D AudioPreProcess: NativePreprocess: 1764 bytes, 882 frames, proc_buf_frames=440, mAPPS->num_preprocessors=1,num_channel=1
02-11 02:46:24.402   488 30642 I chatty  : uid=1041(audioserver) processThread_4 identical 1 line
02-11 02:46:24.405   488 30642 D AudioPreProcess: NativePreprocess: 1764 bytes, 882 frames, proc_buf_frames=440, mAPPS->num_preprocessors=1,num_channel=1
02-11 02:46:24.447   488 30642 W AudioALSACaptureDataClientAurisysNormal: data_count_raw_ul 0, mRawDataPeriodBufSize 3840
02-11 02:46:24.456   488 30641 W AudioALSACaptureDataProviderNormal: readThread, latency_in_s,0.000000,0.059406,0.000063, totalTime 0.059469 > logTimeout 0.022000 TIMEOUT!!
02-11 02:46:24.457   488 30642 D AudioPreProcess: NativePreprocess: 1764 bytes, 882 frames, proc_buf_frames=440, mAPPS->num_preprocessors=1,num_channel=1
02-11 02:46:24.461   488 30642 I chatty  : uid=1041(audioserver) processThread_4 identical 1 line
02-11 02:46:24.466   488 30642 D AudioPreProcess: NativePreprocess: 1764 bytes, 882 frames, proc_buf_frames=440, mAPPS->num_preprocessors=1,num_channel=1
02-11 02:46:24.508   488 30642 W AudioALSACaptureDataClientAurisysNormal: data_count_raw_ul 0, mRawDataPeriodBufSize 3840
02-11 02:46:24.515   488 30641 W AudioALSACaptureDataProviderNormal: readThread, latency_in_s,0.000000,0.059371,0.000055, totalTime 0.059426 > logTimeout 0.022000 TIMEOUT!!
02-11 02:46:24.517   488 30642 D AudioPreProcess: NativePreprocess: 1764 bytes, 882 frames, proc_buf_frames=440, mAPPS->num_preprocessors=1,num_channel=1
02-11 02:46:24.520   488 30642 I chatty  : uid=1041(audioserver) processThread_4 identical 1 line
02-11 02:46:24.524   488 30642 D AudioPreProcess: NativePreprocess: 1764 bytes, 882 frames, proc_buf_frames=440, mAPPS->num_preprocessors=1,num_channel=1
02-11 02:46:24.566   488 30642 W AudioALSACaptureDataClientAurisysNormal: data_count_raw_ul 0, mRawDataPeriodBufSize 3840
02-11 02:46:24.576   488 30641 W AudioALSACaptureDataProviderNormal: readThread, latency_in_s,0.000000,0.059372,0.000067, totalTime 0.059440 > logTimeout 0.022000 TIMEOUT!!
02-11 02:46:24.577   488 30642 D AudioPreProcess: NativePreprocess: 1764 bytes, 882 frames, proc_buf_frames=440, mAPPS->num_preprocessors=1,num_channel=1
02-11 02:46:24.580   488 30642 I chatty  : uid=1041(audioserver) processThread_4 identical 1 line
02-11 02:46:24.584   488 30642 D AudioPreProcess: NativePreprocess: 1764 bytes, 882 frames, proc_buf_frames=440, mAPPS->num_preprocessors=1,num_channel=1
02-11 02:46:24.625   488 30642 W AudioALSACaptureDataClientAurisysNormal: data_count_raw_ul 0, mRawDataPeriodBufSize 3840
02-11 02:46:24.636   488 30641 W AudioALSACaptureDataProviderNormal: readThread, latency_in_s,0.000000,0.059369,0.000060, totalTime 0.059428 > logTimeout 0.022000 TIMEOUT!!
02-11 02:46:24.637   488 30642 D AudioPreProcess: NativePreprocess: 1764 bytes, 882 frames, proc_buf_frames=440, mAPPS->num_preprocessors=1,num_channel=1
02-11 02:46:24.641   488 30642 I chatty  : uid=1041(audioserver) processThread_4 identical 1 line
02-11 02:46:24.644   488 30642 D AudioPreProcess: NativePreprocess: 1764 bytes, 882 frames, proc_buf_frames=440, mAPPS->num_preprocessors=1,num_channel=1
02-11 02:46:33.006  4854  4887 E DialerDialerBaseApplication: com.android.dialer.DialerBaseApplication.getResources:45 getResources() called before resources are initialized
02-11 02:46:33.006  4854  4887 E DialerDialerBaseApplication: java.lang.IllegalStateException: Resources are not initialized yet. Do not call getResource() in constructors of injected classes
02-11 02:46:33.006  4854  4887 E DialerDialerBaseApplication: 	at kwe.aL(Unknown Source:9)
02-11 02:46:33.006  4854  4887 E DialerDialerBaseApplication: 	at avj.getResources(PG:2)
02-11 02:46:33.006  4854  4887 E DialerDialerBaseApplication: 	at hwu.a(PG:1)
02-11 02:46:33.006  4854  4887 E DialerDialerBaseApplication: 	at hwd.h(Unknown Source:0)
02-11 02:46:33.006  4854  4887 E DialerDialerBaseApplication: 	at hyp.d(PG:8)
02-11 02:46:33.006  4854  4887 E DialerDialerBaseApplication: 	at hys.j(PG:5)
02-11 02:46:33.006  4854  4887 E DialerDialerBaseApplication: 	at hys.handleMessage(PG:62)
02-11 02:46:33.006  4854  4887 E DialerDialerBaseApplication: 	at android.os.Handler.dispatchMessage(Handler.java:102)
02-11 02:46:33.006  4854  4887 E DialerDialerBaseApplication: 	at android.os.Looper.loop(Looper.java:257)
02-11 02:46:33.006  4854  4887 E DialerDialerBaseApplication: 	at android.os.HandlerThread.run(HandlerThread.java:67)
02-11 02:46:35.553  4854  4886 E PhenotypeFlagCommitter: Retrieving snapshot for com.google.android.dialer failed
02-11 02:46:35.553  4854  4886 E PhenotypeFlagCommitter: java.util.concurrent.TimeoutException: Timed out waiting for Task
02-11 02:46:35.553  4854  4886 E PhenotypeFlagCommitter: 	at iih.f(PG:7)
02-11 02:46:35.553  4854  4886 E PhenotypeFlagCommitter: 	at ijb.d(PG:2)
02-11 02:46:35.553  4854  4886 E PhenotypeFlagCommitter: 	at ijb.e(PG:2)
02-11 02:46:35.553  4854  4886 E PhenotypeFlagCommitter: 	at ijb.c(Unknown Source:1)
02-11 02:46:35.553  4854  4886 E PhenotypeFlagCommitter: 	at dzx.call(PG:21)
02-11 02:46:35.553  4854  4886 E PhenotypeFlagCommitter: 	at lap.call(PG:7)
02-11 02:46:35.553  4854  4886 E PhenotypeFlagCommitter: 	at lcy.a(Unknown Source:2)
02-11 02:46:35.553  4854  4886 E PhenotypeFlagCommitter: 	at lcc.run(PG:3)
02-11 02:46:35.553  4854  4886 E PhenotypeFlagCommitter: 	at lcz.run(Unknown Source:4)
02-11 02:46:35.553  4854  4886 E PhenotypeFlagCommitter: 	at ilx.run(PG:4)
02-11 02:46:35.553  4854  4886 E PhenotypeFlagCommitter: 	at java.util.concurrent.ThreadPoolExecutor.runWorker(ThreadPoolExecutor.java:1167)
02-11 02:46:35.553  4854  4886 E PhenotypeFlagCommitter: 	at java.util.concurrent.ThreadPoolExecutor$Worker.run(ThreadPoolExecutor.java:641)
02-11 02:46:35.553  4854  4886 E PhenotypeFlagCommitter: 	at gvx.run(PG:4)
02-11 02:46:35.553  4854  4886 E PhenotypeFlagCommitter: 	at ilj.run(PG:5)
02-11 02:46:35.553  4854  4886 E PhenotypeFlagCommitter: 	at java.lang.Thread.run(Thread.java:923)
02-11 02:47:03.488 18940  4156 E GmsNativeLibraryLoader: Unable to locate brotli_native in dalvik.system.PathClassLoader[DexPathList[[zip file "/data/app/~~irwRC7YgxT7w-bipMY_rPA==/com.google.android.gms-5OoRQ1AbnmTcjSo8dc-eyg==/base.apk"],nativeLibraryDirectories=[/data/app/~~irwRC7YgxT7w-bipMY_rPA==/com.google.android.gms-5OoRQ1AbnmTcjSo8dc-eyg==/lib/arm, /data/app/~~irwRC7YgxT7w-bipMY_rPA==/com.google.android.gms-5OoRQ1AbnmTcjSo8dc-eyg==/base.apk!/lib/armeabi-v7a, /system/lib, /system/system_ext/lib]]]
02-11 02:47:03.488 18940  4156 E GmsNativeLibraryLoader: java.lang.UnsatisfiedLinkError: dlopen failed: library "libbrotli_native.so" not found
02-11 02:47:03.488 18940  4156 E GmsNativeLibraryLoader: 	at java.lang.Runtime.loadLibrary0(Runtime.java:1087)
02-11 02:47:03.488 18940  4156 E GmsNativeLibraryLoader: 	at java.lang.Runtime.loadLibrary0(Runtime.java:1008)
02-11 02:47:03.488 18940  4156 E GmsNativeLibraryLoader: 	at java.lang.System.loadLibrary(System.java:1664)
02-11 02:47:03.488 18940  4156 E GmsNativeLibraryLoader: 	at uqt.g(:com.google.android.gms@214815063@21.48.15 (170300-414534850):24)
02-11 02:47:03.488 18940  4156 E GmsNativeLibraryLoader: 	at uqt.f(:com.google.android.gms@214815063@21.48.15 (170300-414534850):2)
02-11 02:47:03.488 18940  4156 E GmsNativeLibraryLoader: 	at uro.f(:com.google.android.gms@214815063@21.48.15 (170300-414534850):0)
02-11 02:47:03.488 18940  4156 E GmsNativeLibraryLoader: 	at sxv.c(:com.google.android.gms@214815063@21.48.15 (170300-414534850):4)
02-11 02:47:03.488 18940  4156 E GmsNativeLibraryLoader: 	at sxv.a(:com.google.android.gms@214815063@21.48.15 (170300-414534850):12)
02-11 02:47:03.488 18940  4156 E GmsNativeLibraryLoader: 	at sxq.a(:com.google.android.gms@214815063@21.48.15 (170300-414534850):17)
02-11 02:47:03.488 18940  4156 E GmsNativeLibraryLoader: 	at sye.c(:com.google.android.gms@214815063@21.48.15 (170300-414534850):29)
02-11 02:47:03.488 18940  4156 E GmsNativeLibraryLoader: 	at com.google.android.gms.clearcut.uploader.QosUploaderChimeraService.g(:com.google.android.gms@214815063@21.48.15 (170300-414534850):112)
02-11 02:47:03.488 18940  4156 E GmsNativeLibraryLoader: 	at com.google.android.gms.clearcut.uploader.QosUploaderChimeraService.a(:com.google.android.gms@214815063@21.48.15 (170300-414534850):2)
02-11 02:47:03.488 18940  4156 E GmsNativeLibraryLoader: 	at agyz.call(:com.google.android.gms@214815063@21.48.15 (170300-414534850):4)
02-11 02:47:03.488 18940  4156 E GmsNativeLibraryLoader: 	at java.util.concurrent.FutureTask.run(FutureTask.java:266)
02-11 02:47:03.488 18940  4156 E GmsNativeLibraryLoader: 	at ung.c(:com.google.android.gms@214815063@21.48.15 (170300-414534850):6)
02-11 02:47:03.488 18940  4156 E GmsNativeLibraryLoader: 	at ung.run(:com.google.android.gms@214815063@21.48.15 (170300-414534850):7)
02-11 02:47:03.488 18940  4156 E GmsNativeLibraryLoader: 	at java.util.concurrent.ThreadPoolExecutor.runWorker(ThreadPoolExecutor.java:1167)
02-11 02:47:03.488 18940  4156 E GmsNativeLibraryLoader: 	at java.util.concurrent.ThreadPoolExecutor$Worker.run(ThreadPoolExecutor.java:641)
02-11 02:47:03.488 18940  4156 E GmsNativeLibraryLoader: 	at utc.run(:com.google.android.gms@214815063@21.48.15 (170300-414534850):0)
02-11 02:47:03.488 18940  4156 E GmsNativeLibraryLoader: 	at java.lang.Thread.run(Thread.java:923)
02-11 02:47:03.488 18940  4156 E CCTLogRequestSerializer: Failed to load native Brotli library
02-11 02:47:39.926   488 30642 W AudioALSACaptureDataClientAurisysNormal: data_count_raw_ul 0, mRawDataPeriodBufSize 3840
02-11 02:47:39.935   488 30641 W AudioALSACaptureDataProviderNormal: readThread, latency_in_s,0.000000,0.059448,0.000065, totalTime 0.059513 > logTimeout 0.022000 TIMEOUT!!
02-11 02:47:39.937   488 30642 D AudioPreProcess: NativePreprocess: 1764 bytes, 882 frames, proc_buf_frames=440, mAPPS->num_preprocessors=1,num_channel=1
02-11 02:47:39.941   488 30642 I chatty  : uid=1041(audioserver) processThread_4 identical 1 line
02-11 02:47:39.944   488 30642 D AudioPreProcess: NativePreprocess: 1764 bytes, 882 frames, proc_buf_frames=440, mAPPS->num_preprocessors=1,num_channel=1
02-11 02:47:39.986   488 30642 W AudioALSACaptureDataClientAurisysNormal: data_count_raw_ul 0, mRawDataPeriodBufSize 3840
02-11 02:47:39.996   488 30641 W AudioALSACaptureDataProviderNormal: readThread, latency_in_s,0.000000,0.059419,0.000061, totalTime 0.059480 > logTimeout 0.022000 TIMEOUT!!
02-11 02:47:39.997   488 30642 D AudioPreProcess: NativePreprocess: 1764 bytes, 882 frames, proc_buf_frames=440, mAPPS->num_preprocessors=1,num_channel=1
02-11 02:47:40.001   488 30642 I chatty  : uid=1041(audioserver) processThread_4 identical 1 line
02-11 02:47:40.004   488 30642 D AudioPreProcess: NativePreprocess: 1764 bytes, 882 frames, proc_buf_frames=440, mAPPS->num_preprocessors=1,num_channel=1
02-11 02:47:40.046   488 30642 W AudioALSACaptureDataClientAurisysNormal: data_count_raw_ul 0, mRawDataPeriodBufSize 3840
02-11 02:47:40.056   488 30641 W AudioALSACaptureDataProviderNormal: readThread, latency_in_s,0.000000,0.059372,0.000059, totalTime 0.059431 > logTimeout 0.022000 TIMEOUT!!
02-11 02:47:40.057   488 30642 D AudioPreProcess: NativePreprocess: 1764 bytes, 882 frames, proc_buf_frames=440, mAPPS->num_preprocessors=1,num_channel=1
02-11 02:47:40.061   488 30642 D AudioPreProcess: NativePreprocess: 1764 bytes, 882 frames, proc_buf_frames=440, mAPPS->num_preprocessors=1,num_channel=1
02-11 02:47:40.065   488 30642 D AudioPreProcess: NativePreprocess: 1764 bytes, 882 frames, proc_buf_frames=440, mAPPS->num_preprocessors=1,num_channel=1
02-11 02:47:40.106   488 30642 W AudioALSACaptureDataClientAurisysNormal: data_count_raw_ul 0, mRawDataPeriodBufSize 3840
02-11 02:47:40.115   488 30641 W AudioALSACaptureDataProviderNormal: readThread, latency_in_s,0.000000,0.059268,0.000058, totalTime 0.059326 > logTimeout 0.022000 TIMEOUT!!
02-11 02:47:40.117   488 30642 D AudioPreProcess: NativePreprocess: 1764 bytes, 882 frames, proc_buf_frames=440, mAPPS->num_preprocessors=1,num_channel=1
02-11 02:47:40.121   488 30642 D AudioPreProcess: NativePreprocess: 1764 bytes, 882 frames, proc_buf_frames=440, mAPPS->num_preprocessors=1,num_channel=1
02-11 02:47:40.124   488 30642 D AudioPreProcess: NativePreprocess: 1764 bytes, 882 frames, proc_buf_frames=440, mAPPS->num_preprocessors=1,num_channel=1
02-11 02:47:40.166   488 30642 W AudioALSACaptureDataClientAurisysNormal: data_count_raw_ul 0, mRawDataPeriodBufSize 3840
02-11 02:47:40.175   488 30641 W AudioALSACaptureDataProviderNormal: readThread, latency_in_s,0.000000,0.059385,0.000062, totalTime 0.059448 > logTimeout 0.022000 TIMEOUT!!
02-11 02:47:40.177   488 30642 D AudioPreProcess: NativePreprocess: 1764 bytes, 882 frames, proc_buf_frames=440, mAPPS->num_preprocessors=1,num_channel=1
02-11 02:47:40.181   488 30642 I chatty  : uid=1041(audioserver) processThread_4 identical 1 line
02-11 02:47:40.184   488 30642 D AudioPreProcess: NativePreprocess: 1764 bytes, 882 frames, proc_buf_frames=440, mAPPS->num_preprocessors=1,num_channel=1
02-11 02:47:40.225   488 30642 W AudioALSACaptureDataClientAurisysNormal: data_count_raw_ul 0, mRawDataPeriodBufSize 3840
02-11 02:47:40.235   488 30641 W AudioALSACaptureDataProviderNormal: readThread, latency_in_s,0.000000,0.059420,0.000065, totalTime 0.059485 > logTimeout 0.022000 TIMEOUT!!
02-11 02:47:40.237   488 30642 D AudioPreProcess: NativePreprocess: 1764 bytes, 882 frames, proc_buf_frames=440, mAPPS->num_preprocessors=1,num_channel=1
02-11 02:47:40.241   488 30642 I chatty  : uid=1041(audioserver) processThread_4 identical 1 line
02-11 02:47:40.244   488 30642 D AudioPreProcess: NativePreprocess: 1764 bytes, 882 frames, proc_buf_frames=440, mAPPS->num_preprocessors=1,num_channel=1
02-11 02:47:40.286   488 30642 W AudioALSACaptureDataClientAurisysNormal: data_count_raw_ul 0, mRawDataPeriodBufSize 3840
02-11 02:47:40.295   488 30641 W AudioALSACaptureDataProviderNormal: readThread, latency_in_s,0.000000,0.059389,0.000058, totalTime 0.059447 > logTimeout 0.022000 TIMEOUT!!
02-11 02:47:40.297   488 30642 D AudioPreProcess: NativePreprocess: 1764 bytes, 882 frames, proc_buf_frames=440, mAPPS->num_preprocessors=1,num_channel=1
02-11 02:47:40.301   488 30642 I chatty  : uid=1041(audioserver) processThread_4 identical 1 line
02-11 02:47:40.304   488 30642 D AudioPreProcess: NativePreprocess: 1764 bytes, 882 frames, proc_buf_frames=440, mAPPS->num_preprocessors=1,num_channel=1
02-11 02:47:40.345   488 30642 W AudioALSACaptureDataClientAurisysNormal: data_count_raw_ul 0, mRawDataPeriodBufSize 3840
02-11 02:47:40.355   488 30641 W AudioALSACaptureDataProviderNormal: readThread, latency_in_s,0.000000,0.059381,0.000062, totalTime 0.059443 > logTimeout 0.022000 TIMEOUT!!
02-11 02:47:40.357   488 30642 D AudioPreProcess: NativePreprocess: 1764 bytes, 882 frames, proc_buf_frames=440, mAPPS->num_preprocessors=1,num_channel=1
02-11 02:47:40.361   488 30642 I chatty  : uid=1041(audioserver) processThread_4 identical 1 line
02-11 02:47:40.364   488 30642 D AudioPreProcess: NativePreprocess: 1764 bytes, 882 frames, proc_buf_frames=440, mAPPS->num_preprocessors=1,num_channel=1
02-11 02:47:40.408   488 30642 W AudioALSACaptureDataClientAurisysNormal: data_count_raw_ul 0, mRawDataPeriodBufSize 3840
02-11 02:47:40.415   488 30641 W AudioALSACaptureDataProviderNormal: readThread, latency_in_s,0.000000,0.059391,0.000059, totalTime 0.059451 > logTimeout 0.022000 TIMEOUT!!
02-11 02:47:40.417   488 30642 D AudioPreProcess: NativePreprocess: 1764 bytes, 882 frames, proc_buf_frames=440, mAPPS->num_preprocessors=1,num_channel=1
02-11 02:47:40.421   488 30642 I chatty  : uid=1041(audioserver) processThread_4 identical 1 line
02-11 02:47:40.424   488 30642 D AudioPreProcess: NativePreprocess: 1764 bytes, 882 frames, proc_buf_frames=440, mAPPS->num_preprocessors=1,num_channel=1
02-11 02:47:40.466   488 30642 W AudioALSACaptureDataClientAurisysNormal: data_count_raw_ul 0, mRawDataPeriodBufSize 3840
02-11 02:47:40.476   488 30641 W AudioALSACaptureDataProviderNormal: readThread, latency_in_s,0.000000,0.059433,0.000059, totalTime 0.059492 > logTimeout 0.022000 TIMEOUT!!
02-11 02:47:40.477   488 30642 D AudioPreProcess: NativePreprocess: 1764 bytes, 882 frames, proc_buf_frames=440, mAPPS->num_preprocessors=1,num_channel=1
02-11 02:47:40.481   488 30642 I chatty  : uid=1041(audioserver) processThread_4 identical 1 line
02-11 02:47:40.484   488 30642 D AudioPreProcess: NativePreprocess: 1764 bytes, 882 frames, proc_buf_frames=440, mAPPS->num_preprocessors=1,num_channel=1
02-11 02:47:40.525   488 30642 W AudioALSACaptureDataClientAurisysNormal: data_count_raw_ul 0, mRawDataPeriodBufSize 3840
02-11 02:47:40.536   488 30641 W AudioALSACaptureDataProviderNormal: readThread, latency_in_s,0.000000,0.059398,0.000071, totalTime 0.059469 > logTimeout 0.022000 TIMEOUT!!
02-11 02:47:40.537   488 30642 D AudioPreProcess: NativePreprocess: 1764 bytes, 882 frames, proc_buf_frames=440, mAPPS->num_preprocessors=1,num_channel=1
02-11 02:47:40.541   488 30642 I chatty  : uid=1041(audioserver) processThread_4 identical 1 line
02-11 02:47:40.544   488 30642 D AudioPreProcess: NativePreprocess: 1764 bytes, 882 frames, proc_buf_frames=440, mAPPS->num_preprocessors=1,num_channel=1
02-11 02:47:40.586   488 30642 W AudioALSACaptureDataClientAurisysNormal: data_count_raw_ul 0, mRawDataPeriodBufSize 3840
02-11 02:47:40.595   488 30641 W AudioALSACaptureDataProviderNormal: readThread, latency_in_s,0.000000,0.059289,0.000059, totalTime 0.059348 > logTimeout 0.022000 TIMEOUT!!
02-11 02:47:40.597   488 30642 D AudioPreProcess: NativePreprocess: 1764 bytes, 882 frames, proc_buf_frames=440, mAPPS->num_preprocessors=1,num_channel=1
02-11 02:47:40.601   488 30642 I chatty  : uid=1041(audioserver) processThread_4 identical 1 line
02-11 02:47:40.604   488 30642 D AudioPreProcess: NativePreprocess: 1764 bytes, 882 frames, proc_buf_frames=440, mAPPS->num_preprocessors=1,num_channel=1
02-11 02:47:40.645   488 30642 W AudioALSACaptureDataClientAurisysNormal: data_count_raw_ul 0, mRawDataPeriodBufSize 3840
02-11 02:47:40.656   488 30641 W AudioALSACaptureDataProviderNormal: readThread, latency_in_s,0.000000,0.059434,0.000062, totalTime 0.059497 > logTimeout 0.022000 TIMEOUT!!
02-11 02:47:40.657   488 30642 D AudioPreProcess: NativePreprocess: 1764 bytes, 882 frames, proc_buf_frames=440, mAPPS->num_preprocessors=1,num_channel=1
02-11 02:47:40.661   488 30642 I chatty  : uid=1041(audioserver) processThread_4 identical 1 line
02-11 02:47:40.664   488 30642 D AudioPreProcess: NativePreprocess: 1764 bytes, 882 frames, proc_buf_frames=440, mAPPS->num_preprocessors=1,num_channel=1
02-11 02:47:40.705   488 30642 W AudioALSACaptureDataClientAurisysNormal: data_count_raw_ul 0, mRawDataPeriodBufSize 3840
02-11 02:47:40.716   488 30641 W AudioALSACaptureDataProviderNormal: readThread, latency_in_s,0.000000,0.059412,0.000070, totalTime 0.059482 > logTimeout 0.022000 TIMEOUT!!
02-11 02:47:40.717   488 30642 D AudioPreProcess: NativePreprocess: 1764 bytes, 882 frames, proc_buf_frames=440, mAPPS->num_preprocessors=1,num_channel=1
02-11 02:47:40.721   488 30642 I chatty  : uid=1041(audioserver) processThread_4 expire 1 line
02-11 02:47:40.724   488 30642 D AudioPreProcess: NativePreprocess: 1764 bytes, 882 frames, proc_buf_frames=440, mAPPS->num_preprocessors=1,num_channel=1
02-11 02:47:40.766   488 30642 W AudioALSACaptureDataClientAurisysNormal: data_count_raw_ul 0, mRawDataPeriodBufSize 3840
02-11 02:47:40.775   488 30641 W AudioALSACaptureDataProviderNormal: readThread, latency_in_s,0.000000,0.059250,0.000054, totalTime 0.059304 > logTimeout 0.022000 TIMEOUT!!
02-11 02:47:40.777   488 30642 D AudioPreProcess: NativePreprocess: 1764 bytes, 882 frames, proc_buf_frames=440, mAPPS->num_preprocessors=1,num_channel=1
02-11 02:47:40.781   488 30642 I chatty  : uid=1041(audioserver) processThread_4 identical 1 line
02-11 02:47:40.784   488 30642 D AudioPreProcess: NativePreprocess: 1764 bytes, 882 frames, proc_buf_frames=440, mAPPS->num_preprocessors=1,num_channel=1
02-11 02:47:40.886   488 30642 W AudioALSACaptureDataClientAurisysNormal: data_count_raw_ul 0, mRawDataPeriodBufSize 3840
02-11 02:47:40.895   488 30641 W AudioALSACaptureDataProviderNormal: readThread, latency_in_s,0.000000,0.059446,0.000056, totalTime 0.059502 > logTimeout 0.022000 TIMEOUT!!
02-11 02:47:40.897   488 30642 D AudioPreProcess: NativePreprocess: 1764 bytes, 882 frames, proc_buf_frames=440, mAPPS->num_preprocessors=1,num_channel=1
02-11 02:47:40.901   488 30642 D AudioPreProcess: NativePreprocess: 1764 bytes, 882 frames, proc_buf_frames=440, mAPPS->num_preprocessors=1,num_channel=1
02-11 02:47:40.905   488 30642 D AudioPreProcess: NativePreprocess: 1764 bytes, 882 frames, proc_buf_frames=440, mAPPS->num_preprocessors=1,num_channel=1
02-11 02:47:40.947   488 30642 W AudioALSACaptureDataClientAurisysNormal: data_count_raw_ul 0, mRawDataPeriodBufSize 3840
02-11 02:47:40.956   488 30641 W AudioALSACaptureDataProviderNormal: readThread, latency_in_s,0.000000,0.059479,0.000075, totalTime 0.059555 > logTimeout 0.022000 TIMEOUT!!
02-11 02:47:40.958   488 30642 D AudioPreProcess: NativePreprocess: 1764 bytes, 882 frames, proc_buf_frames=440, mAPPS->num_preprocessors=1,num_channel=1
02-11 02:47:40.961   488 30642 I chatty  : uid=1041(audioserver) processThread_4 identical 1 line
02-11 02:47:40.965   488 30642 D AudioPreProcess: NativePreprocess: 1764 bytes, 882 frames, proc_buf_frames=440, mAPPS->num_preprocessors=1,num_channel=1
02-11 02:47:41.006   488 30642 W AudioALSACaptureDataClientAurisysNormal: data_count_raw_ul 0, mRawDataPeriodBufSize 3840
02-11 02:47:41.016   488 30641 W AudioALSACaptureDataProviderNormal: readThread, latency_in_s,0.000000,0.059256,0.000058, totalTime 0.059314 > logTimeout 0.022000 TIMEOUT!!
02-11 02:47:41.017   488 30642 D AudioPreProcess: NativePreprocess: 1764 bytes, 882 frames, proc_buf_frames=440, mAPPS->num_preprocessors=1,num_channel=1
02-11 02:47:41.021   488 30642 I chatty  : uid=1041(audioserver) processThread_4 identical 1 line
02-11 02:47:41.024   488 30642 D AudioPreProcess: NativePreprocess: 1764 bytes, 882 frames, proc_buf_frames=440, mAPPS->num_preprocessors=1,num_channel=1
02-11 02:47:41.066   488 30642 W AudioALSACaptureDataClientAurisysNormal: data_count_raw_ul 0, mRawDataPeriodBufSize 3840
02-11 02:47:41.076   488 30641 W AudioALSACaptureDataProviderNormal: readThread, latency_in_s,0.000000,0.059416,0.000052, totalTime 0.059467 > logTimeout 0.022000 TIMEOUT!!
02-11 02:47:41.077   488 30642 D AudioPreProcess: NativePreprocess: 1764 bytes, 882 frames, proc_buf_frames=440, mAPPS->num_preprocessors=1,num_channel=1
02-11 02:47:41.081   488 30642 D AudioPreProcess: NativePreprocess: 1764 bytes, 882 frames, proc_buf_frames=440, mAPPS->num_preprocessors=1,num_channel=1
02-11 02:47:41.084   488 30642 D AudioPreProcess: NativePreprocess: 1764 bytes, 882 frames, proc_buf_frames=440, mAPPS->num_preprocessors=1,num_channel=1
02-11 02:47:41.126   488 30642 W AudioALSACaptureDataClientAurisysNormal: data_count_raw_ul 0, mRawDataPeriodBufSize 3840
02-11 02:47:41.135   488 30641 W AudioALSACaptureDataProviderNormal: readThread, latency_in_s,0.000000,0.059388,0.000066, totalTime 0.059454 > logTimeout 0.022000 TIMEOUT!!
02-11 02:47:41.137   488 30642 D AudioPreProcess: NativePreprocess: 1764 bytes, 882 frames, proc_buf_frames=440, mAPPS->num_preprocessors=1,num_channel=1
02-11 02:47:41.141   488 30642 I chatty  : uid=1041(audioserver) processThread_4 identical 1 line
02-11 02:47:41.144   488 30642 D AudioPreProcess: NativePreprocess: 1764 bytes, 882 frames, proc_buf_frames=440, mAPPS->num_preprocessors=1,num_channel=1
02-11 02:47:41.190   488 30642 W AudioALSACaptureDataClientAurisysNormal: data_count_raw_ul 0, mRawDataPeriodBufSize 3840
02-11 02:47:41.195   488 30641 W AudioALSACaptureDataProviderNormal: readThread, latency_in_s,0.000000,0.059384,0.000061, totalTime 0.059445 > logTimeout 0.022000 TIMEOUT!!
02-11 02:47:41.197   488 30642 D AudioPreProcess: NativePreprocess: 1764 bytes, 882 frames, proc_buf_frames=440, mAPPS->num_preprocessors=1,num_channel=1
02-11 02:47:41.201   488 30642 D AudioPreProcess: NativePreprocess: 1764 bytes, 882 frames, proc_buf_frames=440, mAPPS->num_preprocessors=1,num_channel=1
02-11 02:47:41.204   488 30642 D AudioPreProcess: NativePreprocess: 1764 bytes, 882 frames, proc_buf_frames=440, mAPPS->num_preprocessors=1,num_channel=1
02-11 02:47:41.246   488 30642 W AudioALSACaptureDataClientAurisysNormal: data_count_raw_ul 0, mRawDataPeriodBufSize 3840
02-11 02:47:41.255   488 30641 W AudioALSACaptureDataProviderNormal: readThread, latency_in_s,0.000000,0.059410,0.000049, totalTime 0.059459 > logTimeout 0.022000 TIMEOUT!!
02-11 02:47:41.257   488 30642 D AudioPreProcess: NativePreprocess: 1764 bytes, 882 frames, proc_buf_frames=440, mAPPS->num_preprocessors=1,num_channel=1
02-11 02:47:41.261   488 30642 I chatty  : uid=1041(audioserver) processThread_4 identical 1 line
02-11 02:47:41.264   488 30642 D AudioPreProcess: NativePreprocess: 1764 bytes, 882 frames, proc_buf_frames=440, mAPPS->num_preprocessors=1,num_channel=1
02-11 02:47:41.306   488 30642 W AudioALSACaptureDataClientAurisysNormal: data_count_raw_ul 0, mRawDataPeriodBufSize 3840
02-11 02:47:41.315   488 30641 W AudioALSACaptureDataProviderNormal: readThread, latency_in_s,0.000000,0.059376,0.000068, totalTime 0.059444 > logTimeout 0.022000 TIMEOUT!!
02-11 02:47:41.317   488 30642 D AudioPreProcess: NativePreprocess: 1764 bytes, 882 frames, proc_buf_frames=440, mAPPS->num_preprocessors=1,num_channel=1
02-11 02:47:41.321   488 30642 I chatty  : uid=1041(audioserver) processThread_4 identical 1 line
02-11 02:47:41.324   488 30642 D AudioPreProcess: NativePreprocess: 1764 bytes, 882 frames, proc_buf_frames=440, mAPPS->num_preprocessors=1,num_channel=1
02-11 02:47:41.366   488 30642 W AudioALSACaptureDataClientAurisysNormal: data_count_raw_ul 0, mRawDataPeriodBufSize 3840
02-11 02:47:41.376   488 30641 W AudioALSACaptureDataProviderNormal: readThread, latency_in_s,0.000000,0.059570,0.000077, totalTime 0.059648 > logTimeout 0.022000 TIMEOUT!!
02-11 02:47:41.378   488 30642 D AudioPreProcess: NativePreprocess: 1764 bytes, 882 frames, proc_buf_frames=440, mAPPS->num_preprocessors=1,num_channel=1
02-11 02:47:41.381   488 30642 D AudioPreProcess: NativePreprocess: 1764 bytes, 882 frames, proc_buf_frames=440, mAPPS->num_preprocessors=1,num_channel=1
02-11 02:47:41.384   488 30642 D AudioPreProcess: NativePreprocess: 1764 bytes, 882 frames, proc_buf_frames=440, mAPPS->num_preprocessors=1,num_channel=1
02-11 02:47:41.426   488 30642 W AudioALSACaptureDataClientAurisysNormal: data_count_raw_ul 0, mRawDataPeriodBufSize 3840
02-11 02:47:41.435   488 30641 W AudioALSACaptureDataProviderNormal: readThread, latency_in_s,0.000000,0.059225,0.000078, totalTime 0.059303 > logTimeout 0.022000 TIMEOUT!!
02-11 02:47:41.437   488 30642 D AudioPreProcess: NativePreprocess: 1764 bytes, 882 frames, proc_buf_frames=440, mAPPS->num_preprocessors=1,num_channel=1
02-11 02:47:41.441   488 30642 I chatty  : uid=1041(audioserver) processThread_4 identical 1 line
02-11 02:47:41.444   488 30642 D AudioPreProcess: NativePreprocess: 1764 bytes, 882 frames, proc_buf_frames=440, mAPPS->num_preprocessors=1,num_channel=1
02-11 02:47:41.485   488 30642 W AudioALSACaptureDataClientAurisysNormal: data_count_raw_ul 0, mRawDataPeriodBufSize 3840
02-11 02:47:41.496   488 30641 W AudioALSACaptureDataProviderNormal: readThread, latency_in_s,0.000000,0.059450,0.000074, totalTime 0.059524 > logTimeout 0.022000 TIMEOUT!!
02-11 02:47:41.497   488 30642 D AudioPreProcess: NativePreprocess: 1764 bytes, 882 frames, proc_buf_frames=440, mAPPS->num_preprocessors=1,num_channel=1
02-11 02:47:41.501   488 30642 D AudioPreProcess: NativePreprocess: 1764 bytes, 882 frames, proc_buf_frames=440, mAPPS->num_preprocessors=1,num_channel=1
02-11 02:47:41.504   488 30642 D AudioPreProcess: NativePreprocess: 1764 bytes, 882 frames, proc_buf_frames=440, mAPPS->num_preprocessors=1,num_channel=1
02-11 02:47:41.506   488 28030 D _V_vafx_muteframedetect: AudioHwIn session 0, curMuteFrame 0 ms, totalMuteFrame 56923140 ms, normalFrame 41176380 ms
02-11 02:47:41.546   488 30642 W AudioALSACaptureDataClientAurisysNormal: data_count_raw_ul 0, mRawDataPeriodBufSize 3840
02-11 02:47:41.556   488 30641 W AudioALSACaptureDataProviderNormal: readThread, latency_in_s,0.000000,0.059386,0.000071, totalTime 0.059457 > logTimeout 0.022000 TIMEOUT!!
02-11 02:47:41.557   488 30642 D AudioPreProcess: NativePreprocess: 1764 bytes, 882 frames, proc_buf_frames=440, mAPPS->num_preprocessors=1,num_channel=1
02-11 02:47:41.561   488 30642 I chatty  : uid=1041(audioserver) processThread_4 identical 1 line
02-11 02:47:41.564   488 30642 D AudioPreProcess: NativePreprocess: 1764 bytes, 882 frames, proc_buf_frames=440, mAPPS->num_preprocessors=1,num_channel=1
02-11 02:47:41.606   488 30642 W AudioALSACaptureDataClientAurisysNormal: data_count_raw_ul 0, mRawDataPeriodBufSize 3840
02-11 02:47:41.616   488 30641 W AudioALSACaptureDataProviderNormal: readThread, latency_in_s,0.000000,0.059416,0.000056, totalTime 0.059472 > logTimeout 0.022000 TIMEOUT!!
02-11 02:47:41.617   488 30642 D AudioPreProcess: NativePreprocess: 1764 bytes, 882 frames, proc_buf_frames=440, mAPPS->num_preprocessors=1,num_channel=1
02-11 02:47:41.621   488 30642 I chatty  : uid=1041(audioserver) processThread_4 identical 1 line
02-11 02:47:41.624   488 30642 D AudioPreProcess: NativePreprocess: 1764 bytes, 882 frames, proc_buf_frames=440, mAPPS->num_preprocessors=1,num_channel=1
02-11 02:47:41.666   488 30642 W AudioALSACaptureDataClientAurisysNormal: data_count_raw_ul 0, mRawDataPeriodBufSize 3840
02-11 02:47:41.676   488 30641 W AudioALSACaptureDataProviderNormal: readThread, latency_in_s,0.000000,0.059404,0.000060, totalTime 0.059464 > logTimeout 0.022000 TIMEOUT!!
02-11 02:47:41.677   488 30642 D AudioPreProcess: NativePreprocess: 1764 bytes, 882 frames, proc_buf_frames=440, mAPPS->num_preprocessors=1,num_channel=1
02-11 02:47:41.681   488 30642 I chatty  : uid=1041(audioserver) processThread_4 identical 1 line
02-11 02:47:41.684   488 30642 D AudioPreProcess: NativePreprocess: 1764 bytes, 882 frames, proc_buf_frames=440, mAPPS->num_preprocessors=1,num_channel=1
02-11 02:47:41.726   488 30642 W AudioALSACaptureDataClientAurisysNormal: data_count_raw_ul 0, mRawDataPeriodBufSize 3840
02-11 02:47:41.736   488 30641 W AudioALSACaptureDataProviderNormal: readThread, latency_in_s,0.000000,0.059431,0.000069, totalTime 0.059500 > logTimeout 0.022000 TIMEOUT!!
02-11 02:47:41.737   488 30642 D AudioPreProcess: NativePreprocess: 1764 bytes, 882 frames, proc_buf_frames=440, mAPPS->num_preprocessors=1,num_channel=1
02-11 02:47:41.741   488 30642 I chatty  : uid=1041(audioserver) processThread_4 identical 1 line
02-11 02:47:41.744   488 30642 D AudioPreProcess: NativePreprocess: 1764 bytes, 882 frames, proc_buf_frames=440, mAPPS->num_preprocessors=1,num_channel=1
