02-11 02:47:41.786   488 30642 W AudioALSACaptureDataClientAurisysNormal: data_count_raw_ul 0, mRawDataPeriodBufSize 3840
02-11 02:47:41.796   488 30641 W AudioALSACaptureDataProviderNormal: readThread, latency_in_s,0.000000,0.059389,0.000075, totalTime 0.059464 > logTimeout 0.022000 TIMEOUT!!
02-11 02:47:41.798   488 30642 D AudioPreProcess: NativePreprocess: 1764 bytes, 882 frames, proc_buf_frames=440, mAPPS->num_preprocessors=1,num_channel=1
02-11 02:47:41.801   488 30642 I chatty  : uid=1041(audioserver) processThread_4 identical 1 line
02-11 02:47:41.804   488 30642 D AudioPreProcess: NativePreprocess: 1764 bytes, 882 frames, proc_buf_frames=440, mAPPS->num_preprocessors=1,num_channel=1
02-11 02:48:24.155   488 30641 W AudioALSACaptureDataProviderNormal: readThread, latency_in_s,0.000000,0.059434,0.000054, totalTime 0.059488 > logTimeout 0.022000 TIMEOUT!!
02-11 02:48:24.158   488 30642 D AudioPreProcess: NativePreprocess: 1764 bytes, 882 frames, proc_buf_frames=440, mAPPS->num_preprocessors=1,num_channel=1
02-11 02:48:24.162   488 30642 I chatty  : uid=1041(audioserver) processThread_4 identical 1 line
02-11 02:48:24.165   488 30642 D AudioPreProcess: NativePreprocess: 1764 bytes, 882 frames, proc_buf_frames=440, mAPPS->num_preprocessors=1,num_channel=1
02-11 02:59:23.488   478   971 E libnetd_resolv: QUERY_RESOLV_NETID command.uid:10173, nid:0
02-11 02:59:28.488   429   436 E android.system.suspend@1.0-service: Error opening kernel wakelock stats for: wakeup21: Permission denied
02-11 03:47:53.488 18940  8605 E WakeLock: GCM_HB_ALARM release without a matched acquire!
02-11 03:50:23.488  1894  2292 E _V_pem  : readLine /d/fuelsummary/roll_current error:/d/fuelsummary/roll_current: open failed: ENOENT (No such file or directory)
02-11 03:50:28.488   429   436 E android.system.suspend@1.0-service: Error opening kernel wakelock stats for: wakeup21: Permission denied
02-11 03:52:15.488   429   436 E android.system.suspend@1.0-service: Error opening kernel wakelock stats for: wakeup21: Permission denied
02-11 03:53:24.488   429   436 E android.system.suspend@1.0-service: Error opening kernel wakelock stats for: wakeup21: Permission denied
02-11 04:26:19.886   488 30642 W AudioALSACaptureDataClientAurisysNormal: data_count_raw_ul 0, mRawDataPeriodBufSize 3840
02-11 04:26:19.896   488 30641 W AudioALSACaptureDataProviderNormal: readThread, latency_in_s,0.000001,0.059454,0.000079, totalTime 0.059533 > logTimeout 0.022000 TIMEOUT!!
02-11 04:26:19.898   488 30642 D AudioPreProcess: NativePreprocess: 1764 bytes, 882 frames, proc_buf_frames=440, mAPPS->num_preprocessors=1,num_channel=1
02-11 04:26:19.901   488 30642 I chatty  : uid=1041(audioserver) processThread_4 identical 1 line
02-11 04:26:19.904   488 30642 D AudioPreProcess: NativePreprocess: 1764 bytes, 882 frames, proc_buf_frames=440, mAPPS->num_preprocessors=1,num_channel=1
02-11 04:26:19.946   488 30642 W AudioALSACaptureDataClientAurisysNormal: data_count_raw_ul 0, mRawDataPeriodBufSize 3840
02-11 04:26:19.956   488 30641 W AudioALSACaptureDataProviderNormal: readThread, latency_in_s,0.000000,0.059299,0.000064, totalTime 0.059363 > logTimeout 0.022000 TIMEOUT!!
02-11 04:26:19.958   488 30642 D AudioPreProcess: NativePreprocess: 1764 bytes, 882 frames, proc_buf_frames=440, mAPPS->num_preprocessors=1,num_channel=1
02-11 04:26:19.961   488 30642 I chatty  : uid=1041(audioserver) processThread_4 identical 1 line
02-11 04:26:19.964   488 30642 D AudioPreProcess: NativePreprocess: 1764 bytes, 882 frames, proc_buf_frames=440, mAPPS->num_preprocessors=1,num_channel=1
02-11 04:27:24.266   488 30642 W AudioALSACaptureDataClientAurisysNormal: data_count_raw_ul 0, mRawDataPeriodBufSize 3840
02-11 04:27:24.276   488 30641 W AudioALSACaptureDataProviderNormal: readThread, latency_in_s,0.000000,0.059398,0.000053, totalTime 0.059451 > logTimeout 0.022000 TIMEOUT!!
02-11 04:27:24.278   488 30642 D AudioPreProcess: NativePreprocess: 1764 bytes, 882 frames, proc_buf_frames=440, mAPPS->num_preprocessors=1,num_channel=1
02-11 04:27:24.281   488 30642 I chatty  : uid=1041(audioserver) processThread_4 identical 1 line
02-11 04:27:24.284   488 30642 D AudioPreProcess: NativePreprocess: 1764 bytes, 882 frames, proc_buf_frames=440, mAPPS->num_preprocessors=1,num_channel=1
02-11 04:27:24.325   488 30642 W AudioALSACaptureDataClientAurisysNormal: data_count_raw_ul 0, mRawDataPeriodBufSize 3840
02-11 04:27:24.336   488 30641 W AudioALSACaptureDataProviderNormal: readThread, latency_in_s,0.000000,0.059562,0.000059, totalTime 0.059622 > logTimeout 0.022000 TIMEOUT!!
02-11 04:27:24.338   488 30642 D AudioPreProcess: NativePreprocess: 1764 bytes, 882 frames, proc_buf_frames=440, mAPPS->num_preprocessors=1,num_channel=1
02-11 04:27:24.341   488 30642 I chatty  : uid=1041(audioserver) processThread_4 identical 1 line
02-11 04:27:24.344   488 30642 D AudioPreProcess: NativePreprocess: 1764 bytes, 882 frames, proc_buf_frames=440, mAPPS->num_preprocessors=1,num_channel=1
02-11 04:27:24.386   488 30642 W AudioALSACaptureDataClientAurisysNormal: data_count_raw_ul 0, mRawDataPeriodBufSize 3840
02-11 04:27:24.396   488 30641 W AudioALSACaptureDataProviderNormal: readThread, latency_in_s,0.000000,0.059374,0.000065, totalTime 0.059439 > logTimeout 0.022000 TIMEOUT!!
02-11 04:27:24.398   488 30642 D AudioPreProcess: NativePreprocess: 1764 bytes, 882 frames, proc_buf_frames=440, mAPPS->num_preprocessors=1,num_channel=1
02-11 04:27:24.401   488 30642 I chatty  : uid=1041(audioserver) processThread_4 identical 1 line
02-11 04:27:24.404   488 30642 D AudioPreProcess: NativePreprocess: 1764 bytes, 882 frames, proc_buf_frames=440, mAPPS->num_preprocessors=1,num_channel=1
02-11 04:27:24.445   488 30642 W AudioALSACaptureDataClientAurisysNormal: data_count_raw_ul 0, mRawDataPeriodBufSize 3840
02-11 04:27:24.456   488 30641 W AudioALSACaptureDataProviderNormal: readThread, latency_in_s,0.000000,0.059373,0.000057, totalTime 0.059430 > logTimeout 0.022000 TIMEOUT!!
02-11 04:27:24.458   488 30642 D AudioPreProcess: NativePreprocess: 1764 bytes, 882 frames, proc_buf_frames=440, mAPPS->num_preprocessors=1,num_channel=1
02-11 04:27:24.461   488 30642 I chatty  : uid=1041(audioserver) processThread_4 identical 1 line
02-11 04:27:24.464   488 30642 D AudioPreProcess: NativePreprocess: 1764 bytes, 882 frames, proc_buf_frames=440, mAPPS->num_preprocessors=1,num_channel=1
02-11 04:27:24.506   488 30642 W AudioALSACaptureDataClientAurisysNormal: data_count_raw_ul 0, mRawDataPeriodBufSize 3840
02-11 04:27:24.516   488 30641 W AudioALSACaptureDataProviderNormal: readThread, latency_in_s,0.000000,0.059618,0.000069, totalTime 0.059687 > logTimeout 0.022000 TIMEOUT!!
02-11 04:27:24.518   488 30642 D AudioPreProcess: NativePreprocess: 1764 bytes, 882 frames, proc_buf_frames=440, mAPPS->num_preprocessors=1,num_channel=1
02-11 04:27:24.521   488 30642 I chatty  : uid=1041(audioserver) processThread_4 identical 1 line
02-11 04:27:24.525   488 30642 D AudioPreProcess: NativePreprocess: 1764 bytes, 882 frames, proc_buf_frames=440, mAPPS->num_preprocessors=1,num_channel=1
02-11 04:27:24.566   488 30642 W AudioALSACaptureDataClientAurisysNormal: data_count_raw_ul 0, mRawDataPeriodBufSize 3840
02-11 04:27:24.576   488 30641 W AudioALSACaptureDataProviderNormal: readThread, latency_in_s,0.000000,0.059289,0.000069, totalTime 0.059359 > logTimeout 0.022000 TIMEOUT!!
02-11 04:27:24.578   488 30642 D AudioPreProcess: NativePreprocess: 1764 bytes, 882 frames, proc_buf_frames=440, mAPPS->num_preprocessors=1,num_channel=1
02-11 04:27:24.581   488 30642 D AudioPreProcess: NativePreprocess: 1764 bytes, 882 frames, proc_buf_frames=440, mAPPS->num_preprocessors=1,num_channel=1
02-11 04:27:24.584   488 30642 D AudioPreProcess: NativePreprocess: 1764 bytes, 882 frames, proc_buf_frames=440, mAPPS->num_preprocessors=1,num_channel=1
02-11 04:27:24.626   488 30642 W AudioALSACaptureDataClientAurisysNormal: data_count_raw_ul 0, mRawDataPeriodBufSize 3840
02-11 04:27:24.636   488 30641 W AudioALSACaptureDataProviderNormal: readThread, latency_in_s,0.000000,0.059554,0.000059, totalTime 0.059613 > logTimeout 0.022000 TIMEOUT!!
02-11 04:27:24.638   488 30642 D AudioPreProcess: NativePreprocess: 1764 bytes, 882 frames, proc_buf_frames=440, mAPPS->num_preprocessors=1,num_channel=1
02-11 04:27:24.641   488 30642 I chatty  : uid=1041(audioserver) processThread_4 identical 1 line
02-11 04:27:24.644   488 30642 D AudioPreProcess: NativePreprocess: 1764 bytes, 882 frames, proc_buf_frames=440, mAPPS->num_preprocessors=1,num_channel=1
02-11 04:27:24.685   488 30642 W AudioALSACaptureDataClientAurisysNormal: data_count_raw_ul 0, mRawDataPeriodBufSize 3840
02-11 04:27:24.696   488 30641 W AudioALSACaptureDataProviderNormal: readThread, latency_in_s,0.000000,0.059477,0.000064, totalTime 0.059542 > logTimeout 0.022000 TIMEOUT!!
02-11 04:27:24.698   488 30642 D AudioPreProcess: NativePreprocess: 1764 bytes, 882 frames, proc_buf_frames=440, mAPPS->num_preprocessors=1,num_channel=1
02-11 04:27:24.701   488 30642 I chatty  : uid=1041(audioserver) processThread_4 identical 1 line
02-11 04:27:24.704   488 30642 D AudioPreProcess: NativePreprocess: 1764 bytes, 882 frames, proc_buf_frames=440, mAPPS->num_preprocessors=1,num_channel=1
02-11 04:27:24.746   488 30642 W AudioALSACaptureDataClientAurisysNormal: data_count_raw_ul 0, mRawDataPeriodBufSize 3840
02-11 04:27:24.756   488 30641 W AudioALSACaptureDataProviderNormal: readThread, latency_in_s,0.000000,0.059398,0.000064, totalTime 0.059462 > logTimeout 0.022000 TIMEOUT!!
02-11 04:27:24.758   488 30642 D AudioPreProcess: NativePreprocess: 1764 bytes, 882 frames, proc_buf_frames=440, mAPPS->num_preprocessors=1,num_channel=1
02-11 04:27:24.761   488 30642 I chatty  : uid=1041(audioserver) processThread_4 identical 1 line
02-11 04:27:24.764   488 30642 D AudioPreProcess: NativePreprocess: 1764 bytes, 882 frames, proc_buf_frames=440, mAPPS->num_preprocessors=1,num_channel=1
02-11 04:27:24.806   488 30642 W AudioALSACaptureDataClientAurisysNormal: data_count_raw_ul 0, mRawDataPeriodBufSize 3840
02-11 04:27:24.816   488 30641 W AudioALSACaptureDataProviderNormal: readThread, latency_in_s,0.000000,0.059440,0.000061, totalTime 0.059501 > logTimeout 0.022000 TIMEOUT!!
02-11 04:27:24.818   488 30642 D AudioPreProcess: NativePreprocess: 1764 bytes, 882 frames, proc_buf_frames=440, mAPPS->num_preprocessors=1,num_channel=1
02-11 04:27:24.821   488 30642 I chatty  : uid=1041(audioserver) processThread_4 identical 1 line
02-11 04:27:24.824   488 30642 D AudioPreProcess: NativePreprocess: 1764 bytes, 882 frames, proc_buf_frames=440, mAPPS->num_preprocessors=1,num_channel=1
02-11 04:27:24.866   488 30642 W AudioALSACaptureDataClientAurisysNormal: data_count_raw_ul 0, mRawDataPeriodBufSize 3840
02-11 04:27:24.876   488 30641 W AudioALSACaptureDataProviderNormal: readThread, latency_in_s,0.000000,0.059276,0.000061, totalTime 0.059337 > logTimeout 0.022000 TIMEOUT!!
02-11 04:27:24.878   488 30642 D AudioPreProcess: NativePreprocess: 1764 bytes, 882 frames, proc_buf_frames=440, mAPPS->num_preprocessors=1,num_channel=1
02-11 04:27:24.881   488 30642 I chatty  : uid=1041(audioserver) processThread_4 identical 1 line
02-11 04:27:24.884   488 30642 D AudioPreProcess: NativePreprocess: 1764 bytes, 882 frames, proc_buf_frames=440, mAPPS->num_preprocessors=1,num_channel=1
02-11 04:27:24.926   488 30642 W AudioALSACaptureDataClientAurisysNormal: data_count_raw_ul 0, mRawDataPeriodBufSize 3840
02-11 04:27:24.936   488 30641 W AudioALSACaptureDataProviderNormal: readThread, latency_in_s,0.000000,0.059575,0.000069, totalTime 0.059644 > logTimeout 0.022000 TIMEOUT!!
02-11 04:27:24.938   488 30642 D AudioPreProcess: NativePreprocess: 1764 bytes, 882 frames, proc_buf_frames=440, mAPPS->num_preprocessors=1,num_channel=1
02-11 04:27:24.941   488 30642 I chatty  : uid=1041(audioserver) processThread_4 identical 1 line
02-11 04:27:24.944   488 30642 D AudioPreProcess: NativePreprocess: 1764 bytes, 882 frames, proc_buf_frames=440, mAPPS->num_preprocessors=1,num_channel=1
02-11 04:27:24.985   488 30642 W AudioALSACaptureDataClientAurisysNormal: data_count_raw_ul 0, mRawDataPeriodBufSize 3840
02-11 04:27:24.996   488 30641 W AudioALSACaptureDataProviderNormal: readThread, latency_in_s,0.000000,0.059260,0.000067, totalTime 0.059327 > logTimeout 0.022000 TIMEOUT!!
02-11 04:27:24.998   488 30642 D AudioPreProcess: NativePreprocess: 1764 bytes, 882 frames, proc_buf_frames=440, mAPPS->num_preprocessors=1,num_channel=1
02-11 04:27:25.001   488 30642 I chatty  : uid=1041(audioserver) processThread_4 identical 1 line
02-11 04:27:25.004   488 30642 D AudioPreProcess: NativePreprocess: 1764 bytes, 882 frames, proc_buf_frames=440, mAPPS->num_preprocessors=1,num_channel=1
02-11 04:27:25.046   488 30642 W AudioALSACaptureDataClientAurisysNormal: data_count_raw_ul 0, mRawDataPeriodBufSize 3840
02-11 04:27:25.056   488 30641 W AudioALSACaptureDataProviderNormal: readThread, latency_in_s,0.000000,0.059383,0.000060, totalTime 0.059443 > logTimeout 0.022000 TIMEOUT!!
02-11 04:27:25.058   488 30642 D AudioPreProcess: NativePreprocess: 1764 bytes, 882 frames, proc_buf_frames=440, mAPPS->num_preprocessors=1,num_channel=1
02-11 04:27:25.061   488 30642 I chatty  : uid=1041(audioserver) processThread_4 identical 1 line
02-11 04:27:25.064   488 30642 D AudioPreProcess: NativePreprocess: 1764 bytes, 882 frames, proc_buf_frames=440, mAPPS->num_preprocessors=1,num_channel=1
02-11 04:27:25.105   488 30642 W AudioALSACaptureDataClientAurisysNormal: data_count_raw_ul 0, mRawDataPeriodBufSize 3840
02-11 04:27:25.116   488 30641 W AudioALSACaptureDataProviderNormal: readThread, latency_in_s,0.000000,0.059522,0.000047, totalTime 0.059569 > logTimeout 0.022000 TIMEOUT!!
02-11 04:27:25.119   488 30642 D AudioPreProcess: NativePreprocess: 1764 bytes, 882 frames, proc_buf_frames=440, mAPPS->num_preprocessors=1,num_channel=1
02-11 04:27:25.122   488 30642 I chatty  : uid=1041(audioserver) processThread_4 identical 1 line
02-11 04:27:25.124   488 30642 D AudioPreProcess: NativePreprocess: 1764 bytes, 882 frames, proc_buf_frames=440, mAPPS->num_preprocessors=1,num_channel=1
02-11 04:27:25.166   488 30642 W AudioALSACaptureDataClientAurisysNormal: data_count_raw_ul 0, mRawDataPeriodBufSize 3840
02-11 04:27:25.176   488 30641 W AudioALSACaptureDataProviderNormal: readThread, latency_in_s,0.000000,0.059423,0.000056, totalTime 0.059479 > logTimeout 0.022000 TIMEOUT!!
02-11 04:27:25.178   488 30642 D AudioPreProcess: NativePreprocess: 1764 bytes, 882 frames, proc_buf_frames=440, mAPPS->num_preprocessors=1,num_channel=1
02-11 04:27:25.181   488 30642 I chatty  : uid=1041(audioserver) processThread_4 identical 1 line
02-11 04:27:25.184   488 30642 D AudioPreProcess: NativePreprocess: 1764 bytes, 882 frames, proc_buf_frames=440, mAPPS->num_preprocessors=1,num_channel=1
02-11 04:27:25.225   488 30642 W AudioALSACaptureDataClientAurisysNormal: data_count_raw_ul 0, mRawDataPeriodBufSize 3840
02-11 04:27:25.236   488 30641 W AudioALSACaptureDataProviderNormal: readThread, latency_in_s,0.000000,0.059265,0.000058, totalTime 0.059324 > logTimeout 0.022000 TIMEOUT!!
02-11 04:27:25.238   488 30642 D AudioPreProcess: NativePreprocess: 1764 bytes, 882 frames, proc_buf_frames=440, mAPPS->num_preprocessors=1,num_channel=1
02-11 04:27:25.242   488 30642 I chatty  : uid=1041(audioserver) processThread_4 identical 1 line
02-11 04:27:25.244   488 30642 D AudioPreProcess: NativePreprocess: 1764 bytes, 882 frames, proc_buf_frames=440, mAPPS->num_preprocessors=1,num_channel=1
02-11 04:27:25.286   488 30642 W AudioALSACaptureDataClientAurisysNormal: data_count_raw_ul 0, mRawDataPeriodBufSize 3840
02-11 04:27:25.296   488 30641 W AudioALSACaptureDataProviderNormal: readThread, latency_in_s,0.000000,0.059443,0.000058, totalTime 0.059501 > logTimeout 0.022000 TIMEOUT!!
02-11 04:27:25.298   488 30642 D AudioPreProcess: NativePreprocess: 1764 bytes, 882 frames, proc_buf_frames=440, mAPPS->num_preprocessors=1,num_channel=1
02-11 04:27:25.301   488 30642 I chatty  : uid=1041(audioserver) processThread_4 identical 1 line
02-11 04:27:25.304   488 30642 D AudioPreProcess: NativePreprocess: 1764 bytes, 882 frames, proc_buf_frames=440, mAPPS->num_preprocessors=1,num_channel=1
02-11 04:27:25.345   488 30642 W AudioALSACaptureDataClientAurisysNormal: data_count_raw_ul 0, mRawDataPeriodBufSize 3840
02-11 04:27:25.356   488 30641 W AudioALSACaptureDataProviderNormal: readThread, latency_in_s,0.000000,0.059430,0.000060, totalTime 0.059490 > logTimeout 0.022000 TIMEOUT!!
02-11 04:27:25.358   488 30642 D AudioPreProcess: NativePreprocess: 1764 bytes, 882 frames, proc_buf_frames=440, mAPPS->num_preprocessors=1,num_channel=1
02-11 04:27:25.361   488 30642 I chatty  : uid=1041(audioserver) processThread_4 identical 1 line
02-11 04:27:25.364   488 30642 D AudioPreProcess: NativePreprocess: 1764 bytes, 882 frames, proc_buf_frames=440, mAPPS->num_preprocessors=1,num_channel=1
02-11 04:27:25.405   488 30642 W AudioALSACaptureDataClientAurisysNormal: data_count_raw_ul 0, mRawDataPeriodBufSize 3840
02-11 04:27:25.416   488 30641 W AudioALSACaptureDataProviderNormal: readThread, latency_in_s,0.000000,0.059386,0.000067, totalTime 0.059453 > logTimeout 0.022000 TIMEOUT!!
02-11 04:27:25.418   488 30642 D AudioPreProcess: NativePreprocess: 1764 bytes, 882 frames, proc_buf_frames=440, mAPPS->num_preprocessors=1,num_channel=1
02-11 04:27:25.421   488 30642 I chatty  : uid=1041(audioserver) processThread_4 identical 1 line
02-11 04:27:25.424   488 30642 D AudioPreProcess: NativePreprocess: 1764 bytes, 882 frames, proc_buf_frames=440, mAPPS->num_preprocessors=1,num_channel=1
02-11 04:27:25.465   488 30642 W AudioALSACaptureDataClientAurisysNormal: data_count_raw_ul 0, mRawDataPeriodBufSize 3840
02-11 04:27:25.476   488 30641 W AudioALSACaptureDataProviderNormal: readThread, latency_in_s,0.000000,0.059634,0.000067, totalTime 0.059701 > logTimeout 0.022000 TIMEOUT!!
02-11 04:27:25.478   488 30642 D AudioPreProcess: NativePreprocess: 1764 bytes, 882 frames, proc_buf_frames=440, mAPPS->num_preprocessors=1,num_channel=1
02-11 04:27:25.481   488 30642 I chatty  : uid=1041(audioserver) processThread_4 identical 1 line
02-11 04:27:25.484   488 30642 D AudioPreProcess: NativePreprocess: 1764 bytes, 882 frames, proc_buf_frames=440, mAPPS->num_preprocessors=1,num_channel=1
02-11 04:27:25.525   488 30642 W AudioALSACaptureDataClientAurisysNormal: data_count_raw_ul 0, mRawDataPeriodBufSize 3840
02-11 04:27:25.536   488 30641 W AudioALSACaptureDataProviderNormal: readThread, latency_in_s,0.000000,0.059228,0.000066, totalTime 0.059294 > logTimeout 0.022000 TIMEOUT!!
02-11 04:27:25.538   488 30642 D AudioPreProcess: NativePreprocess: 1764 bytes, 882 frames, proc_buf_frames=440, mAPPS->num_preprocessors=1,num_channel=1
02-11 04:27:25.541   488 30642 I chatty  : uid=1041(audioserver) processThread_4 identical 1 line
02-11 04:27:25.544   488 30642 D AudioPreProcess: NativePreprocess: 1764 bytes, 882 frames, proc_buf_frames=440, mAPPS->num_preprocessors=1,num_channel=1
02-11 04:27:25.585   488 30642 W AudioALSACaptureDataClientAurisysNormal: data_count_raw_ul 0, mRawDataPeriodBufSize 3840
02-11 04:27:25.596   488 30641 W AudioALSACaptureDataProviderNormal: readThread, latency_in_s,0.000000,0.059599,0.000071, totalTime 0.059669 > logTimeout 0.022000 TIMEOUT!!
02-11 04:27:25.598   488 30642 D AudioPreProcess: NativePreprocess: 1764 bytes, 882 frames, proc_buf_frames=440, mAPPS->num_preprocessors=1,num_channel=1
02-11 04:27:25.601   488 30642 I chatty  : uid=1041(audioserver) processThread_4 identical 1 line
02-11 04:27:25.604   488 30642 D AudioPreProcess: NativePreprocess: 1764 bytes, 882 frames, proc_buf_frames=440, mAPPS->num_preprocessors=1,num_channel=1
02-11 04:27:25.645   488 30642 W AudioALSACaptureDataClientAurisysNormal: data_count_raw_ul 0, mRawDataPeriodBufSize 3840
02-11 04:27:25.656   488 30641 W AudioALSACaptureDataProviderNormal: readThread, latency_in_s,0.000000,0.059349,0.000064, totalTime 0.059413 > logTimeout 0.022000 TIMEOUT!!
02-11 04:27:25.658   488 30642 D AudioPreProcess: NativePreprocess: 1764 bytes, 882 frames, proc_buf_frames=440, mAPPS->num_preprocessors=1,num_channel=1
02-11 04:27:25.661   488 30642 I chatty  : uid=1041(audioserver) processThread_4 identical 1 line
02-11 04:27:25.664   488 30642 D AudioPreProcess: NativePreprocess: 1764 bytes, 882 frames, proc_buf_frames=440, mAPPS->num_preprocessors=1,num_channel=1
02-11 04:27:25.705   488 30642 W AudioALSACaptureDataClientAurisysNormal: data_count_raw_ul 0, mRawDataPeriodBufSize 3840
02-11 04:27:25.716   488 30641 W AudioALSACaptureDataProviderNormal: readThread, latency_in_s,0.000000,0.059618,0.000056, totalTime 0.059675 > logTimeout 0.022000 TIMEOUT!!
02-11 04:27:25.718   488 30642 D AudioPreProcess: NativePreprocess: 1764 bytes, 882 frames, proc_buf_frames=440, mAPPS->num_preprocessors=1,num_channel=1
02-11 04:27:25.721   488 30642 I chatty  : uid=1041(audioserver) processThread_4 identical 1 line
02-11 04:27:25.724   488 30642 D AudioPreProcess: NativePreprocess: 1764 bytes, 882 frames, proc_buf_frames=440, mAPPS->num_preprocessors=1,num_channel=1
02-11 04:27:25.766   488 30642 W AudioALSACaptureDataClientAurisysNormal: data_count_raw_ul 0, mRawDataPeriodBufSize 3840
02-11 04:27:25.776   488 30641 W AudioALSACaptureDataProviderNormal: readThread, latency_in_s,0.000000,0.059119,0.000061, totalTime 0.059180 > logTimeout 0.022000 TIMEOUT!!
02-11 04:27:25.778   488 30642 D AudioPreProcess: NativePreprocess: 1764 bytes, 882 frames, proc_buf_frames=440, mAPPS->num_preprocessors=1,num_channel=1
02-11 04:27:25.781   488 30642 D AudioPreProcess: NativePreprocess: 1764 bytes, 882 frames, proc_buf_frames=440, mAPPS->num_preprocessors=1,num_channel=1
02-11 04:27:25.782   488 28030 D _V_vafx_muteframedetect: AudioHwIn session 0, curMuteFrame 20 ms, totalMuteFrame 58591780 ms, normalFrame 45505600 ms
02-11 04:27:25.784   488 30642 D AudioPreProcess: NativePreprocess: 1764 bytes, 882 frames, proc_buf_frames=440, mAPPS->num_preprocessors=1,num_channel=1
02-11 04:27:25.825   488 30642 W AudioALSACaptureDataClientAurisysNormal: data_count_raw_ul 0, mRawDataPeriodBufSize 3840
02-11 04:27:25.836   488 30641 W AudioALSACaptureDataProviderNormal: readThread, latency_in_s,0.000000,0.059429,0.000062, totalTime 0.059491 > logTimeout 0.022000 TIMEOUT!!
02-11 04:27:25.838   488 30642 D AudioPreProcess: NativePreprocess: 1764 bytes, 882 frames, proc_buf_frames=440, mAPPS->num_preprocessors=1,num_channel=1
02-11 04:27:25.841   488 30642 I chatty  : uid=1041(audioserver) processThread_4 identical 1 line
02-11 04:27:25.844   488 30642 D AudioPreProcess: NativePreprocess: 1764 bytes, 882 frames, proc_buf_frames=440, mAPPS->num_preprocessors=1,num_channel=1
02-11 04:27:25.885   488 30642 W AudioALSACaptureDataClientAurisysNormal: data_count_raw_ul 0, mRawDataPeriodBufSize 3840
02-11 04:27:25.896   488 30641 W AudioALSACaptureDataProviderNormal: readThread, latency_in_s,0.000000,0.059442,0.000067, totalTime 0.059510 > logTimeout 0.022000 TIMEOUT!!
02-11 04:27:25.898   488 30642 D AudioPreProcess: NativePreprocess: 1764 bytes, 882 frames, proc_buf_frames=440, mAPPS->num_preprocessors=1,num_channel=1
02-11 04:27:25.901   488 30642 I chatty  : uid=1041(audioserver) processThread_4 identical 1 line
02-11 04:27:25.904   488 30642 D AudioPreProcess: NativePreprocess: 1764 bytes, 882 frames, proc_buf_frames=440, mAPPS->num_preprocessors=1,num_channel=1
02-11 04:27:25.945   488 30642 W AudioALSACaptureDataClientAurisysNormal: data_count_raw_ul 0, mRawDataPeriodBufSize 3840
02-11 04:27:25.956   488 30641 W AudioALSACaptureDataProviderNormal: readThread, latency_in_s,0.000000,0.059415,0.000061, totalTime 0.059476 > logTimeout 0.022000 TIMEOUT!!
02-11 04:27:25.958   488 30642 D AudioPreProcess: NativePreprocess: 1764 bytes, 882 frames, proc_buf_frames=440, mAPPS->num_preprocessors=1,num_channel=1
02-11 04:27:25.961   488 30642 I chatty  : uid=1041(audioserver) processThread_4 identical 1 line
02-11 04:27:25.964   488 30642 D AudioPreProcess: NativePreprocess: 1764 bytes, 882 frames, proc_buf_frames=440, mAPPS->num_preprocessors=1,num_channel=1
02-11 04:27:26.005   488 30642 W AudioALSACaptureDataClientAurisysNormal: data_count_raw_ul 0, mRawDataPeriodBufSize 3840
02-11 04:27:26.016   488 30641 W AudioALSACaptureDataProviderNormal: readThread, latency_in_s,0.000000,0.059448,0.000077, totalTime 0.059525 > logTimeout 0.022000 TIMEOUT!!
02-11 04:27:26.018   488 30642 D AudioPreProcess: NativePreprocess: 1764 bytes, 882 frames, proc_buf_frames=440, mAPPS->num_preprocessors=1,num_channel=1
02-11 04:27:26.021   488 30642 I chatty  : uid=1041(audioserver) processThread_4 identical 1 line
02-11 04:27:26.024   488 30642 D AudioPreProcess: NativePreprocess: 1764 bytes, 882 frames, proc_buf_frames=440, mAPPS->num_preprocessors=1,num_channel=1
02-11 04:27:26.066   488 30642 W AudioALSACaptureDataClientAurisysNormal: data_count_raw_ul 0, mRawDataPeriodBufSize 3840
02-11 04:27:26.076   488 30641 W AudioALSACaptureDataProviderNormal: readThread, latency_in_s,0.000001,0.059585,0.000083, totalTime 0.059668 > logTimeout 0.022000 TIMEOUT!!
02-11 04:27:26.078   488 30642 D AudioPreProcess: NativePreprocess: 1764 bytes, 882 frames, proc_buf_frames=440, mAPPS->num_preprocessors=1,num_channel=1
02-11 04:27:26.081   488 30642 D AudioPreProcess: NativePreprocess: 1764 bytes, 882 frames, proc_buf_frames=440, mAPPS->num_preprocessors=1,num_channel=1
02-11 04:27:26.084   488 30642 D AudioPreProcess: NativePreprocess: 1764 bytes, 882 frames, proc_buf_frames=440, mAPPS->num_preprocessors=1,num_channel=1
02-11 04:27:26.125   488 30642 W AudioALSACaptureDataClientAurisysNormal: data_count_raw_ul 0, mRawDataPeriodBufSize 3840
02-11 04:27:26.136   488 30641 W AudioALSACaptureDataProviderNormal: readThread, latency_in_s,0.000000,0.059239,0.000066, totalTime 0.059305 > logTimeout 0.022000 TIMEOUT!!
02-11 04:27:26.138   488 30642 D AudioPreProcess: NativePreprocess: 1764 bytes, 882 frames, proc_buf_frames=440, mAPPS->num_preprocessors=1,num_channel=1
02-11 04:27:26.141   488 30642 I chatty  : uid=1041(audioserver) processThread_4 identical 1 line
02-11 04:27:26.144   488 30642 D AudioPreProcess: NativePreprocess: 1764 bytes, 882 frames, proc_buf_frames=440, mAPPS->num_preprocessors=1,num_channel=1
02-11 04:27:26.185   488 30642 W AudioALSACaptureDataClientAurisysNormal: data_count_raw_ul 0, mRawDataPeriodBufSize 3840
02-11 04:56:06.488  2014  5503 E _V_RMS-Leak: WARNED!!! physical-memory process=com.google.android.youtube pid=18898 size=274301KB
02-11 04:56:43.488   478   971 E libnetd_resolv: QUERY_RESOLV_NETID command.uid:10173, nid:0
02-11 04:58:12.488   429   436 E android.system.suspend@1.0-service: Error opening kernel wakelock stats for: wakeup21: Permission denied
02-11 04:58:29.488  2014  5442 E _V_RMS-Process: Fatal Bug: Zygote pids haven't updated yet!!!
02-11 05:05:41.488   429   436 E android.system.suspend@1.0-service: Error opening kernel wakelock stats for: wakeup26: Permission denied
02-11 05:27:26.432   488 30642 W AudioALSACaptureDataClientAurisysNormal: data_count_raw_ul 0, mRawDataPeriodBufSize 3840
02-11 05:27:26.436   488 30641 W AudioALSACaptureDataProviderNormal: readThread, latency_in_s,0.000001,0.059293,0.000054, totalTime 0.059348 > logTimeout 0.022000 TIMEOUT!!
02-11 05:27:26.438   488 30642 D AudioPreProcess: NativePreprocess: 1764 bytes, 882 frames, proc_buf_frames=440, mAPPS->num_preprocessors=1,num_channel=1
02-11 05:27:26.442   488 30642 I chatty  : uid=1041(audioserver) processThread_4 identical 1 line
02-11 05:27:26.445   488 30642 D AudioPreProcess: NativePreprocess: 1764 bytes, 882 frames, proc_buf_frames=440, mAPPS->num_preprocessors=1,num_channel=1
02-11 05:27:26.486   488 30642 W AudioALSACaptureDataClientAurisysNormal: data_count_raw_ul 0, mRawDataPeriodBufSize 3840
02-11 05:27:26.497   488 30641 W AudioALSACaptureDataProviderNormal: readThread, latency_in_s,0.000000,0.059570,0.000057, totalTime 0.059627 > logTimeout 0.022000 TIMEOUT!!
02-11 05:27:26.498   488 30642 D AudioPreProcess: NativePreprocess: 1764 bytes, 882 frames, proc_buf_frames=440, mAPPS->num_preprocessors=1,num_channel=1
02-11 05:27:26.501   488 30642 D AudioPreProcess: NativePreprocess: 1764 bytes, 882 frames, proc_buf_frames=440, mAPPS->num_preprocessors=1,num_channel=1
02-11 05:27:26.503   488 28030 D _V_vafx_muteframedetect: AudioHwIn session 0, curMuteFrame 20 ms, totalMuteFrame 60202780 ms, normalFrame 47503500 ms
02-11 05:27:26.504   488 30642 D AudioPreProcess: NativePreprocess: 1764 bytes, 882 frames, proc_buf_frames=440, mAPPS->num_preprocessors=1,num_channel=1
02-11 05:27:26.546   488 30642 W AudioALSACaptureDataClientAurisysNormal: data_count_raw_ul 0, mRawDataPeriodBufSize 3840
02-11 05:27:26.557   488 30641 W AudioALSACaptureDataProviderNormal: readThread, latency_in_s,0.000000,0.059431,0.000058, totalTime 0.059489 > logTimeout 0.022000 TIMEOUT!!
02-11 05:27:26.558   488 30642 D AudioPreProcess: NativePreprocess: 1764 bytes, 882 frames, proc_buf_frames=440, mAPPS->num_preprocessors=1,num_channel=1
02-11 05:27:26.561   488 30642 I chatty  : uid=1041(audioserver) processThread_4 identical 1 line
02-11 05:27:26.564   488 30642 D AudioPreProcess: NativePreprocess: 1764 bytes, 882 frames, proc_buf_frames=440, mAPPS->num_preprocessors=1,num_channel=1
02-11 05:27:26.605   488 30642 W AudioALSACaptureDataClientAurisysNormal: data_count_raw_ul 0, mRawDataPeriodBufSize 3840
02-11 05:27:26.617   488 30641 W AudioALSACaptureDataProviderNormal: readThread, latency_in_s,0.000000,0.059398,0.000057, totalTime 0.059454 > logTimeout 0.022000 TIMEOUT!!
02-11 05:27:26.618   488 30642 D AudioPreProcess: NativePreprocess: 1764 bytes, 882 frames, proc_buf_frames=440, mAPPS->num_preprocessors=1,num_channel=1
02-11 05:27:26.621   488 30642 I chatty  : uid=1041(audioserver) processThread_4 identical 1 line
02-11 05:27:26.624   488 30642 D AudioPreProcess: NativePreprocess: 1764 bytes, 882 frames, proc_buf_frames=440, mAPPS->num_preprocessors=1,num_channel=1
02-11 05:27:26.665   488 30642 W AudioALSACaptureDataClientAurisysNormal: data_count_raw_ul 0, mRawDataPeriodBufSize 3840
02-11 05:27:26.677   488 30641 W AudioALSACaptureDataProviderNormal: readThread, latency_in_s,0.000000,0.059534,0.000065, totalTime 0.059600 > logTimeout 0.022000 TIMEOUT!!
02-11 05:27:26.679   488 30642 D AudioPreProcess: NativePreprocess: 1764 bytes, 882 frames, proc_buf_frames=440, mAPPS->num_preprocessors=1,num_channel=1
02-11 05:27:26.682   488 30642 I chatty  : uid=1041(audioserver) processThread_4 identical 1 line
02-11 05:27:26.685   488 30642 D AudioPreProcess: NativePreprocess: 1764 bytes, 882 frames, proc_buf_frames=440, mAPPS->num_preprocessors=1,num_channel=1
02-11 05:27:26.726   488 30642 W AudioALSACaptureDataClientAurisysNormal: data_count_raw_ul 0, mRawDataPeriodBufSize 3840
02-11 05:27:26.737   488 30641 W AudioALSACaptureDataProviderNormal: readThread, latency_in_s,0.000000,0.059366,0.000060, totalTime 0.059426 > logTimeout 0.022000 TIMEOUT!!
02-11 05:27:26.738   488 30642 D AudioPreProcess: NativePreprocess: 1764 bytes, 882 frames, proc_buf_frames=440, mAPPS->num_preprocessors=1,num_channel=1
02-11 05:27:26.741   488 30642 D AudioPreProcess: NativePreprocess: 1764 bytes, 882 frames, proc_buf_frames=440, mAPPS->num_preprocessors=1,num_channel=1
02-11 05:27:26.744   488 30642 D AudioPreProcess: NativePreprocess: 1764 bytes, 882 frames, proc_buf_frames=440, mAPPS->num_preprocessors=1,num_channel=1
02-11 05:27:26.786   488 30642 W AudioALSACaptureDataClientAurisysNormal: data_count_raw_ul 0, mRawDataPeriodBufSize 3840
02-11 05:27:26.796   488 30641 W AudioALSACaptureDataProviderNormal: readThread, latency_in_s,0.000000,0.059226,0.000057, totalTime 0.059284 > logTimeout 0.022000 TIMEOUT!!
02-11 05:27:26.798   488 30642 D AudioPreProcess: NativePreprocess: 1764 bytes, 882 frames, proc_buf_frames=440, mAPPS->num_preprocessors=1,num_channel=1
02-11 05:27:26.801   488 30642 I chatty  : uid=1041(audioserver) processThread_4 identical 1 line
02-11 05:27:26.804   488 30642 D AudioPreProcess: NativePreprocess: 1764 bytes, 882 frames, proc_buf_frames=440, mAPPS->num_preprocessors=1,num_channel=1
02-11 05:27:26.845   488 30642 W AudioALSACaptureDataClientAurisysNormal: data_count_raw_ul 0, mRawDataPeriodBufSize 3840
02-11 05:27:26.857   488 30641 W AudioALSACaptureDataProviderNormal: readThread, latency_in_s,0.000000,0.059600,0.000063, totalTime 0.059663 > logTimeout 0.022000 TIMEOUT!!
02-11 05:27:26.858   488 30642 D AudioPreProcess: NativePreprocess: 1764 bytes, 882 frames, proc_buf_frames=440, mAPPS->num_preprocessors=1,num_channel=1
02-11 05:27:26.861   488 30642 I chatty  : uid=1041(audioserver) processThread_4 identical 1 line
02-11 05:27:26.864   488 30642 D AudioPreProcess: NativePreprocess: 1764 bytes, 882 frames, proc_buf_frames=440, mAPPS->num_preprocessors=1,num_channel=1
02-11 05:27:26.905   488 30642 W AudioALSACaptureDataClientAurisysNormal: data_count_raw_ul 0, mRawDataPeriodBufSize 3840
02-11 05:27:26.917   488 30641 W AudioALSACaptureDataProviderNormal: readThread, latency_in_s,0.000000,0.059442,0.000067, totalTime 0.059509 > logTimeout 0.022000 TIMEOUT!!
02-11 05:27:26.918   488 30642 D AudioPreProcess: NativePreprocess: 1764 bytes, 882 frames, proc_buf_frames=440, mAPPS->num_preprocessors=1,num_channel=1
02-11 05:27:26.922   488 30642 I chatty  : uid=1041(audioserver) processThread_4 identical 1 line
02-11 05:27:26.924   488 30642 D AudioPreProcess: NativePreprocess: 1764 bytes, 882 frames, proc_buf_frames=440, mAPPS->num_preprocessors=1,num_channel=1
02-11 05:27:26.966   488 30642 W AudioALSACaptureDataClientAurisysNormal: data_count_raw_ul 0, mRawDataPeriodBufSize 3840
02-11 05:27:26.977   488 30641 W AudioALSACaptureDataProviderNormal: readThread, latency_in_s,0.000000,0.059428,0.000072, totalTime 0.059501 > logTimeout 0.022000 TIMEOUT!!
02-11 05:27:26.979   488 30642 D AudioPreProcess: NativePreprocess: 1764 bytes, 882 frames, proc_buf_frames=440, mAPPS->num_preprocessors=1,num_channel=1
02-11 05:27:26.982   488 30642 I chatty  : uid=1041(audioserver) processThread_4 identical 1 line
02-11 05:27:26.985   488 30642 D AudioPreProcess: NativePreprocess: 1764 bytes, 882 frames, proc_buf_frames=440, mAPPS->num_preprocessors=1,num_channel=1
02-11 05:27:27.026   488 30642 W AudioALSACaptureDataClientAurisysNormal: data_count_raw_ul 0, mRawDataPeriodBufSize 3840
02-11 05:27:27.037   488 30641 W AudioALSACaptureDataProviderNormal: readThread, latency_in_s,0.000000,0.059429,0.000063, totalTime 0.059493 > logTimeout 0.022000 TIMEOUT!!
02-11 05:27:27.039   488 30642 D AudioPreProcess: NativePreprocess: 1764 bytes, 882 frames, proc_buf_frames=440, mAPPS->num_preprocessors=1,num_channel=1
02-11 05:27:27.041   488 30642 I chatty  : uid=1041(audioserver) processThread_4 identical 1 line
02-11 05:27:27.044   488 30642 D AudioPreProcess: NativePreprocess: 1764 bytes, 882 frames, proc_buf_frames=440, mAPPS->num_preprocessors=1,num_channel=1
02-11 05:27:27.086   488 30642 W AudioALSACaptureDataClientAurisysNormal: data_count_raw_ul 0, mRawDataPeriodBufSize 3840
02-11 05:27:27.097   488 30641 W AudioALSACaptureDataProviderNormal: readThread, latency_in_s,0.000000,0.059430,0.000060, totalTime 0.059490 > logTimeout 0.022000 TIMEOUT!!
02-11 05:27:27.099   488 30642 D AudioPreProcess: NativePreprocess: 1764 bytes, 882 frames, proc_buf_frames=440, mAPPS->num_preprocessors=1,num_channel=1
02-11 05:27:27.102   488 30642 I chatty  : uid=1041(audioserver) processThread_4 identical 1 line
02-11 05:27:27.105   488 30642 D AudioPreProcess: NativePreprocess: 1764 bytes, 882 frames, proc_buf_frames=440, mAPPS->num_preprocessors=1,num_channel=1
02-11 05:27:27.146   488 30642 W AudioALSACaptureDataClientAurisysNormal: data_count_raw_ul 0, mRawDataPeriodBufSize 3840
02-11 05:27:27.157   488 30641 W AudioALSACaptureDataProviderNormal: readThread, latency_in_s,0.000000,0.059402,0.000066, totalTime 0.059469 > logTimeout 0.022000 TIMEOUT!!
02-11 05:27:27.159   488 30642 D AudioPreProcess: NativePreprocess: 1764 bytes, 882 frames, proc_buf_frames=440, mAPPS->num_preprocessors=1,num_channel=1
02-11 05:27:27.162   488 30642 I chatty  : uid=1041(audioserver) processThread_4 identical 1 line
02-11 05:27:27.165   488 30642 D AudioPreProcess: NativePreprocess: 1764 bytes, 882 frames, proc_buf_frames=440, mAPPS->num_preprocessors=1,num_channel=1
02-11 05:27:27.206   488 30642 W AudioALSACaptureDataClientAurisysNormal: data_count_raw_ul 0, mRawDataPeriodBufSize 3840
02-11 05:27:27.217   488 30641 W AudioALSACaptureDataProviderNormal: readThread, latency_in_s,0.000000,0.059413,0.000060, totalTime 0.059473 > logTimeout 0.022000 TIMEOUT!!
02-11 05:27:27.218   488 30642 D AudioPreProcess: NativePreprocess: 1764 bytes, 882 frames, proc_buf_frames=440, mAPPS->num_preprocessors=1,num_channel=1
02-11 05:27:27.221   488 30642 I chatty  : uid=1041(audioserver) processThread_4 identical 1 line
02-11 05:27:27.224   488 30642 D AudioPreProcess: NativePreprocess: 1764 bytes, 882 frames, proc_buf_frames=440, mAPPS->num_preprocessors=1,num_channel=1
02-11 05:27:27.266   488 30642 W AudioALSACaptureDataClientAurisysNormal: data_count_raw_ul 0, mRawDataPeriodBufSize 3840
02-11 05:27:27.276   488 30641 W AudioALSACaptureDataProviderNormal: readThread, latency_in_s,0.000000,0.059273,0.000059, totalTime 0.059333 > logTimeout 0.022000 TIMEOUT!!
02-11 05:27:27.278   488 30642 D AudioPreProcess: NativePreprocess: 1764 bytes, 882 frames, proc_buf_frames=440, mAPPS->num_preprocessors=1,num_channel=1
02-11 05:27:27.281   488 30642 I chatty  : uid=1041(audioserver) processThread_4 identical 1 line
02-11 05:27:27.284   488 30642 D AudioPreProcess: NativePreprocess: 1764 bytes, 882 frames, proc_buf_frames=440, mAPPS->num_preprocessors=1,num_channel=1
02-11 05:27:27.326   488 30642 W AudioALSACaptureDataClientAurisysNormal: data_count_raw_ul 0, mRawDataPeriodBufSize 3840
02-11 05:27:27.336   488 30641 W AudioALSACaptureDataProviderNormal: readThread, latency_in_s,0.000000,0.059436,0.000065, totalTime 0.059501 > logTimeout 0.022000 TIMEOUT!!
02-11 05:27:27.339   488 30642 D AudioPreProcess: NativePreprocess: 1764 bytes, 882 frames, proc_buf_frames=440, mAPPS->num_preprocessors=1,num_channel=1
02-11 05:27:27.341   488 30642 I chatty  : uid=1041(audioserver) processThread_4 identical 1 line
02-11 05:27:27.344   488 30642 D AudioPreProcess: NativePreprocess: 1764 bytes, 882 frames, proc_buf_frames=440, mAPPS->num_preprocessors=1,num_channel=1
02-11 05:27:27.386   488 30642 W AudioALSACaptureDataClientAurisysNormal: data_count_raw_ul 0, mRawDataPeriodBufSize 3840
02-11 05:27:27.396   488 30641 W AudioALSACaptureDataProviderNormal: readThread, latency_in_s,0.000000,0.059437,0.000064, totalTime 0.059501 > logTimeout 0.022000 TIMEOUT!!
02-11 05:27:27.398   488 30642 D AudioPreProcess: NativePreprocess: 1764 bytes, 882 frames, proc_buf_frames=440, mAPPS->num_preprocessors=1,num_channel=1
02-11 05:27:27.401   488 30642 I chatty  : uid=1041(audioserver) processThread_4 identical 1 line
02-11 05:27:27.404   488 30642 D AudioPreProcess: NativePreprocess: 1764 bytes, 882 frames, proc_buf_frames=440, mAPPS->num_preprocessors=1,num_channel=1
02-11 05:27:27.446   488 30642 W AudioALSACaptureDataClientAurisysNormal: data_count_raw_ul 0, mRawDataPeriodBufSize 3840
02-11 05:27:27.457   488 30641 W AudioALSACaptureDataProviderNormal: readThread, latency_in_s,0.000000,0.059608,0.000074, totalTime 0.059682 > logTimeout 0.022000 TIMEOUT!!
02-11 05:27:27.459   488 30642 D AudioPreProcess: NativePreprocess: 1764 bytes, 882 frames, proc_buf_frames=440, mAPPS->num_preprocessors=1,num_channel=1
02-11 05:27:27.462   488 30642 I chatty  : uid=1041(audioserver) processThread_4 identical 1 line
02-11 05:27:27.465   488 30642 D AudioPreProcess: NativePreprocess: 1764 bytes, 882 frames, proc_buf_frames=440, mAPPS->num_preprocessors=1,num_channel=1
02-11 05:27:27.506   488 30642 W AudioALSACaptureDataClientAurisysNormal: data_count_raw_ul 0, mRawDataPeriodBufSize 3840
02-11 05:27:27.517   488 30641 W AudioALSACaptureDataProviderNormal: readThread, latency_in_s,0.000000,0.059435,0.000065, totalTime 0.059500 > logTimeout 0.022000 TIMEOUT!!
02-11 05:27:27.519   488 30642 D AudioPreProcess: NativePreprocess: 1764 bytes, 882 frames, proc_buf_frames=440, mAPPS->num_preprocessors=1,num_channel=1
02-11 05:27:27.522   488 30642 I chatty  : uid=1041(audioserver) processThread_4 identical 1 line
02-11 05:27:27.524   488 30642 D AudioPreProcess: NativePreprocess: 1764 bytes, 882 frames, proc_buf_frames=440, mAPPS->num_preprocessors=1,num_channel=1
02-11 05:27:27.566   488 30642 W AudioALSACaptureDataClientAurisysNormal: data_count_raw_ul 0, mRawDataPeriodBufSize 3840
02-11 05:27:27.577   488 30641 W AudioALSACaptureDataProviderNormal: readThread, latency_in_s,0.000000,0.059498,0.000070, totalTime 0.059568 > logTimeout 0.022000 TIMEOUT!!
02-11 05:27:27.579   488 30642 D AudioPreProcess: NativePreprocess: 1764 bytes, 882 frames, proc_buf_frames=440, mAPPS->num_preprocessors=1,num_channel=1
02-11 05:27:27.582   488 30642 I chatty  : uid=1041(audioserver) processThread_4 identical 1 line
02-11 05:27:27.585   488 30642 D AudioPreProcess: NativePreprocess: 1764 bytes, 882 frames, proc_buf_frames=440, mAPPS->num_preprocessors=1,num_channel=1
02-11 05:27:27.626   488 30642 W AudioALSACaptureDataClientAurisysNormal: data_count_raw_ul 0, mRawDataPeriodBufSize 3840
02-11 05:27:27.637   488 30641 W AudioALSACaptureDataProviderNormal: readThread, latency_in_s,0.000000,0.059276,0.000063, totalTime 0.059339 > logTimeout 0.022000 TIMEOUT!!
02-11 05:27:27.639   488 30642 D AudioPreProcess: NativePreprocess: 1764 bytes, 882 frames, proc_buf_frames=440, mAPPS->num_preprocessors=1,num_channel=1
02-11 05:27:27.641   488 30642 I chatty  : uid=1041(audioserver) processThread_4 identical 1 line
02-11 05:27:27.644   488 30642 D AudioPreProcess: NativePreprocess: 1764 bytes, 882 frames, proc_buf_frames=440, mAPPS->num_preprocessors=1,num_channel=1
02-11 05:27:27.686   488 30642 W AudioALSACaptureDataClientAurisysNormal: data_count_raw_ul 0, mRawDataPeriodBufSize 3840
02-11 05:27:27.696   488 30641 W AudioALSACaptureDataProviderNormal: readThread, latency_in_s,0.000000,0.059288,0.000061, totalTime 0.059350 > logTimeout 0.022000 TIMEOUT!!
02-11 05:27:27.698   488 30642 D AudioPreProcess: NativePreprocess: 1764 bytes, 882 frames, proc_buf_frames=440, mAPPS->num_preprocessors=1,num_channel=1
02-11 05:27:27.701   488 30642 I chatty  : uid=1041(audioserver) processThread_4 identical 1 line
02-11 05:27:27.704   488 30642 D AudioPreProcess: NativePreprocess: 1764 bytes, 882 frames, proc_buf_frames=440, mAPPS->num_preprocessors=1,num_channel=1
02-11 05:27:27.745   488 30642 W AudioALSACaptureDataClientAurisysNormal: data_count_raw_ul 0, mRawDataPeriodBufSize 3840
02-11 05:27:27.757   488 30641 W AudioALSACaptureDataProviderNormal: readThread, latency_in_s,0.000000,0.059586,0.000065, totalTime 0.059650 > logTimeout 0.022000 TIMEOUT!!
02-11 05:27:27.759   488 30642 D AudioPreProcess: NativePreprocess: 1764 bytes, 882 frames, proc_buf_frames=440, mAPPS->num_preprocessors=1,num_channel=1
02-11 05:27:27.761   488 30642 I chatty  : uid=1041(audioserver) processThread_4 identical 1 line
02-11 05:27:27.764   488 30642 D AudioPreProcess: NativePreprocess: 1764 bytes, 882 frames, proc_buf_frames=440, mAPPS->num_preprocessors=1,num_channel=1
02-11 05:27:27.806   488 30642 W AudioALSACaptureDataClientAurisysNormal: data_count_raw_ul 0, mRawDataPeriodBufSize 3840
02-11 05:27:27.816   488 30641 W AudioALSACaptureDataProviderNormal: readThread, latency_in_s,0.000000,0.059276,0.000061, totalTime 0.059337 > logTimeout 0.022000 TIMEOUT!!
02-11 05:27:27.818   488 30642 D AudioPreProcess: NativePreprocess: 1764 bytes, 882 frames, proc_buf_frames=440, mAPPS->num_preprocessors=1,num_channel=1
02-11 05:27:27.821   488 30642 I chatty  : uid=1041(audioserver) processThread_4 identical 1 line
02-11 05:27:27.824   488 30642 D AudioPreProcess: NativePreprocess: 1764 bytes, 882 frames, proc_buf_frames=440, mAPPS->num_preprocessors=1,num_channel=1
02-11 05:27:27.865   488 30642 W AudioALSACaptureDataClientAurisysNormal: data_count_raw_ul 0, mRawDataPeriodBufSize 3840
02-11 05:27:27.877   488 30641 W AudioALSACaptureDataProviderNormal: readThread, latency_in_s,0.000000,0.059619,0.000054, totalTime 0.059673 > logTimeout 0.022000 TIMEOUT!!
02-11 05:27:27.879   488 30642 D AudioPreProcess: NativePreprocess: 1764 bytes, 882 frames, proc_buf_frames=440, mAPPS->num_preprocessors=1,num_channel=1
02-11 05:27:27.881   488 30642 I chatty  : uid=1041(audioserver) processThread_4 identical 1 line
02-11 05:27:27.884   488 30642 D AudioPreProcess: NativePreprocess: 1764 bytes, 882 frames, proc_buf_frames=440, mAPPS->num_preprocessors=1,num_channel=1
02-11 05:27:27.926   488 30642 W AudioALSACaptureDataClientAurisysNormal: data_count_raw_ul 0, mRawDataPeriodBufSize 3840
02-11 05:27:27.937   488 30641 W AudioALSACaptureDataProviderNormal: readThread, latency_in_s,0.000000,0.059383,0.000061, totalTime 0.059444 > logTimeout 0.022000 TIMEOUT!!
02-11 05:27:27.938   488 30642 D AudioPreProcess: NativePreprocess: 1764 bytes, 882 frames, proc_buf_frames=440, mAPPS->num_preprocessors=1,num_channel=1
02-11 05:27:27.941   488 30642 I chatty  : uid=1041(audioserver) processThread_4 identical 1 line
02-11 05:27:27.944   488 30642 D AudioPreProcess: NativePreprocess: 1764 bytes, 882 frames, proc_buf_frames=440, mAPPS->num_preprocessors=1,num_channel=1
02-11 05:27:27.986   488 30642 W AudioALSACaptureDataClientAurisysNormal: data_count_raw_ul 0, mRawDataPeriodBufSize 3840
02-11 05:27:27.996   488 30641 W AudioALSACaptureDataProviderNormal: readThread, latency_in_s,0.000000,0.059285,0.000058, totalTime 0.059344 > logTimeout 0.022000 TIMEOUT!!
02-11 05:27:27.998   488 30642 D AudioPreProcess: NativePreprocess: 1764 bytes, 882 frames, proc_buf_frames=440, mAPPS->num_preprocessors=1,num_channel=1
02-11 05:27:28.001   488 30642 I chatty  : uid=1041(audioserver) processThread_4 identical 1 line
02-11 05:27:28.004   488 30642 D AudioPreProcess: NativePreprocess: 1764 bytes, 882 frames, proc_buf_frames=440, mAPPS->num_preprocessors=1,num_channel=1
02-11 05:27:28.045   488 30642 W AudioALSACaptureDataClientAurisysNormal: data_count_raw_ul 0, mRawDataPeriodBufSize 3840
02-11 05:27:28.056   488 30641 W AudioALSACaptureDataProviderNormal: readThread, latency_in_s,0.000000,0.059435,0.000059, totalTime 0.059494 > logTimeout 0.022000 TIMEOUT!!
02-11 05:27:28.058   488 30642 D AudioPreProcess: NativePreprocess: 1764 bytes, 882 frames, proc_buf_frames=440, mAPPS->num_preprocessors=1,num_channel=1
02-11 05:27:28.059   488 28030 D _V_vafx_muteframedetect: AudioHwIn session 0, curMuteFrame 20 ms, totalMuteFrame 60204240 ms, normalFrame 47503580 ms
02-11 05:27:28.061   488 30642 D AudioPreProcess: NativePreprocess: 1764 bytes, 882 frames, proc_buf_frames=440, mAPPS->num_preprocessors=1,num_channel=1
02-11 05:27:28.064   488 30642 D AudioPreProcess: NativePreprocess: 1764 bytes, 882 frames, proc_buf_frames=440, mAPPS->num_preprocessors=1,num_channel=1
02-11 05:27:28.105   488 30642 W AudioALSACaptureDataClientAurisysNormal: data_count_raw_ul 0, mRawDataPeriodBufSize 3840
02-11 05:27:28.117   488 30641 W AudioALSACaptureDataProviderNormal: readThread, latency_in_s,0.000000,0.059608,0.000064, totalTime 0.059672 > logTimeout 0.022000 TIMEOUT!!
02-11 05:27:28.118   488 30642 D AudioPreProcess: NativePreprocess: 1764 bytes, 882 frames, proc_buf_frames=440, mAPPS->num_preprocessors=1,num_channel=1
02-11 05:27:28.121   488 30642 I chatty  : uid=1041(audioserver) processThread_4 identical 1 line
02-11 05:27:28.124   488 30642 D AudioPreProcess: NativePreprocess: 1764 bytes, 882 frames, proc_buf_frames=440, mAPPS->num_preprocessors=1,num_channel=1
02-11 05:27:28.166   488 30642 W AudioALSACaptureDataClientAurisysNormal: data_count_raw_ul 0, mRawDataPeriodBufSize 3840
02-11 05:27:28.176   488 30641 W AudioALSACaptureDataProviderNormal: readThread, latency_in_s,0.000000,0.059249,0.000063, totalTime 0.059313 > logTimeout 0.022000 TIMEOUT!!
02-11 05:27:28.178   488 30642 D AudioPreProcess: NativePreprocess: 1764 bytes, 882 frames, proc_buf_frames=440, mAPPS->num_preprocessors=1,num_channel=1
02-11 05:27:28.181   488 30642 I chatty  : uid=1041(audioserver) processThread_4 identical 1 line
02-11 05:27:28.184   488 30642 D AudioPreProcess: NativePreprocess: 1764 bytes, 882 frames, proc_buf_frames=440, mAPPS->num_preprocessors=1,num_channel=1
02-11 05:27:28.226   488 30642 W AudioALSACaptureDataClientAurisysNormal: data_count_raw_ul 0, mRawDataPeriodBufSize 3840
02-11 05:27:28.237   488 30641 W AudioALSACaptureDataProviderNormal: readThread, latency_in_s,0.000000,0.059623,0.000070, totalTime 0.059694 > logTimeout 0.022000 TIMEOUT!!
02-11 05:27:28.239   488 30642 D AudioPreProcess: NativePreprocess: 1764 bytes, 882 frames, proc_buf_frames=440, mAPPS->num_preprocessors=1,num_channel=1
02-11 05:27:28.242   488 30642 D AudioPreProcess: NativePreprocess: 1764 bytes, 882 frames, proc_buf_frames=440, mAPPS->num_preprocessors=1,num_channel=1
02-11 05:27:28.245   488 30642 D AudioPreProcess: NativePreprocess: 1764 bytes, 882 frames, proc_buf_frames=440, mAPPS->num_preprocessors=1,num_channel=1
02-11 05:27:28.286   488 30642 W AudioALSACaptureDataClientAurisysNormal: data_count_raw_ul 0, mRawDataPeriodBufSize 3840
02-11 05:27:28.297   488 30641 W AudioALSACaptureDataProviderNormal: readThread, latency_in_s,0.000000,0.059451,0.000077, totalTime 0.059528 > logTimeout 0.022000 TIMEOUT!!
02-11 05:27:28.299   488 30642 D AudioPreProcess: NativePreprocess: 1764 bytes, 882 frames, proc_buf_frames=440, mAPPS->num_preprocessors=1,num_channel=1
02-11 05:27:28.302   488 30642 I chatty  : uid=1041(audioserver) processThread_4 identical 1 line
