02-11 05:27:28.304   488 30642 D AudioPreProcess: NativePreprocess: 1764 bytes, 882 frames, proc_buf_frames=440, mAPPS->num_preprocessors=1,num_channel=1
02-11 05:27:28.488 12041 12041 E .iqoo.logsyste: Not starting debugger since process cannot load the jdwp agent.
02-11 05:37:23.488 18898 18898 E YouTube : Volley request retry failed for type agtm
02-11 05:37:23.488 18898 18898 E YouTube : cil
02-11 05:37:23.488 18898 18898 E YouTube : 	at qwf.run(PG:104)
02-11 05:37:23.488 18898 18898 E YouTube : 	at java.util.concurrent.ThreadPoolExecutor.runWorker(ThreadPoolExecutor.java:1167)
02-11 05:37:23.488 18898 18898 E YouTube : 	at java.util.concurrent.ThreadPoolExecutor$Worker.run(ThreadPoolExecutor.java:641)
02-11 05:37:23.488 18898 18898 E YouTube : 	at ram.run(PG:132)
02-11 05:37:23.488 18898 18898 E YouTube : 	at java.lang.Thread.run(Thread.java:923)
02-11 05:37:23.488 18898 18898 E YouTube : Caused by: apke: Exception in CronetUrlRequest: net::ERR_CONNECTION_TIMED_OUT, ErrorCode=6, InternalErrorCode=-118, Retryable=true
02-11 05:37:23.488 18898 18898 E YouTube : 	at org.chromium.net.impl.CronetUrlRequest.onError(PG:4)
02-11 05:39:33.488   429   436 E android.system.suspend@1.0-service: Error opening kernel wakelock stats for: wakeup28: Permission denied
02-11 05:48:22.488   523  6885 V APM_AudioPolicyManager: setAppState(portId:166, state:0)
02-11 06:00:09.488   478   971 E libnetd_resolv: QUERY_RESOLV_NETID command.uid:10173, nid:0
02-11 06:00:51.488   478   971 E libnetd_resolv: QUERY_RESOLV_NETID command.uid:10173, nid:0
02-11 06:18:05.488   429   436 E android.system.suspend@1.0-service: Error opening kernel wakelock stats for: wakeup25: Permission denied
02-11 06:27:28.588   488 30642 W AudioALSACaptureDataClientAurisysNormal: data_count_raw_ul 0, mRawDataPeriodBufSize 3840
02-11 06:27:28.597   488 30641 W AudioALSACaptureDataProviderNormal: readThread, latency_in_s,0.000001,0.059464,0.000056, totalTime 0.059520 > logTimeout 0.022000 TIMEOUT!!
02-11 06:27:28.599   488 30642 D AudioPreProcess: NativePreprocess: 1764 bytes, 882 frames, proc_buf_frames=440, mAPPS->num_preprocessors=1,num_channel=1
02-11 06:27:28.602   488 30642 I chatty  : uid=1041(audioserver) processThread_4 identical 1 line
02-11 06:27:28.605   488 30642 D AudioPreProcess: NativePreprocess: 1764 bytes, 882 frames, proc_buf_frames=440, mAPPS->num_preprocessors=1,num_channel=1
02-11 06:27:28.646   488 30642 W AudioALSACaptureDataClientAurisysNormal: data_count_raw_ul 0, mRawDataPeriodBufSize 3840
02-11 06:27:28.657   488 30641 W AudioALSACaptureDataProviderNormal: readThread, latency_in_s,0.000000,0.059284,0.000057, totalTime 0.059341 > logTimeout 0.022000 TIMEOUT!!
02-11 06:27:28.659   488 30642 D AudioPreProcess: NativePreprocess: 1764 bytes, 882 frames, proc_buf_frames=440, mAPPS->num_preprocessors=1,num_channel=1
02-11 06:27:28.662   488 30642 I chatty  : uid=1041(audioserver) processThread_4 identical 1 line
02-11 06:27:28.665   488 30642 D AudioPreProcess: NativePreprocess: 1764 bytes, 882 frames, proc_buf_frames=440, mAPPS->num_preprocessors=1,num_channel=1
02-11 06:27:28.706   488 30642 W AudioALSACaptureDataClientAurisysNormal: data_count_raw_ul 0, mRawDataPeriodBufSize 3840
02-11 06:27:28.717   488 30641 W AudioALSACaptureDataProviderNormal: readThread, latency_in_s,0.000000,0.059659,0.000062, totalTime 0.059721 > logTimeout 0.022000 TIMEOUT!!
02-11 06:27:28.719   488 30642 D AudioPreProcess: NativePreprocess: 1764 bytes, 882 frames, proc_buf_frames=440, mAPPS->num_preprocessors=1,num_channel=1
02-11 06:27:28.722   488 30642 I chatty  : uid=1041(audioserver) processThread_4 identical 1 line
02-11 06:27:28.726   488 30642 D AudioPreProcess: NativePreprocess: 1764 bytes, 882 frames, proc_buf_frames=440, mAPPS->num_preprocessors=1,num_channel=1
02-11 06:27:28.767   488 30642 W AudioALSACaptureDataClientAurisysNormal: data_count_raw_ul 0, mRawDataPeriodBufSize 3840
02-11 06:27:28.777   488 30641 W AudioALSACaptureDataProviderNormal: readThread, latency_in_s,0.000000,0.059088,0.000055, totalTime 0.059143 > logTimeout 0.022000 TIMEOUT!!
02-11 06:27:28.779   488 30642 D AudioPreProcess: NativePreprocess: 1764 bytes, 882 frames, proc_buf_frames=440, mAPPS->num_preprocessors=1,num_channel=1
02-11 06:27:28.782   488 30642 I chatty  : uid=1041(audioserver) processThread_4 identical 1 line
02-11 06:27:28.785   488 30642 D AudioPreProcess: NativePreprocess: 1764 bytes, 882 frames, proc_buf_frames=440, mAPPS->num_preprocessors=1,num_channel=1
02-11 06:27:28.826   488 30642 W AudioALSACaptureDataClientAurisysNormal: data_count_raw_ul 0, mRawDataPeriodBufSize 3840
02-11 06:27:28.837   488 30641 W AudioALSACaptureDataProviderNormal: readThread, latency_in_s,0.000000,0.059586,0.000114, totalTime 0.059700 > logTimeout 0.022000 TIMEOUT!!
02-11 06:27:28.839   488 30642 D AudioPreProcess: NativePreprocess: 1764 bytes, 882 frames, proc_buf_frames=440, mAPPS->num_preprocessors=1,num_channel=1
02-11 06:27:28.843   488 30642 I chatty  : uid=1041(audioserver) processThread_4 identical 1 line
02-11 06:27:28.846   488 30642 D AudioPreProcess: NativePreprocess: 1764 bytes, 882 frames, proc_buf_frames=440, mAPPS->num_preprocessors=1,num_channel=1
02-11 06:27:28.888   488 30642 W AudioALSACaptureDataClientAurisysNormal: data_count_raw_ul 0, mRawDataPeriodBufSize 3840
02-11 06:27:28.897   488 30641 W AudioALSACaptureDataProviderNormal: readThread, latency_in_s,0.000000,0.059239,0.000057, totalTime 0.059297 > logTimeout 0.022000 TIMEOUT!!
02-11 06:27:28.899   488 30642 D AudioPreProcess: NativePreprocess: 1764 bytes, 882 frames, proc_buf_frames=440, mAPPS->num_preprocessors=1,num_channel=1
02-11 06:27:28.902   488 30642 I chatty  : uid=1041(audioserver) processThread_4 identical 1 line
02-11 06:27:28.905   488 30642 D AudioPreProcess: NativePreprocess: 1764 bytes, 882 frames, proc_buf_frames=440, mAPPS->num_preprocessors=1,num_channel=1
02-11 06:27:28.946   488 30642 W AudioALSACaptureDataClientAurisysNormal: data_count_raw_ul 0, mRawDataPeriodBufSize 3840
02-11 06:27:28.957   488 30641 W AudioALSACaptureDataProviderNormal: readThread, latency_in_s,0.000000,0.059515,0.000110, totalTime 0.059625 > logTimeout 0.022000 TIMEOUT!!
02-11 06:27:28.959   488 30642 D AudioPreProcess: NativePreprocess: 1764 bytes, 882 frames, proc_buf_frames=440, mAPPS->num_preprocessors=1,num_channel=1
02-11 06:27:28.962   488 30642 I chatty  : uid=1041(audioserver) processThread_4 identical 1 line
02-11 06:27:28.965   488 30642 D AudioPreProcess: NativePreprocess: 1764 bytes, 882 frames, proc_buf_frames=440, mAPPS->num_preprocessors=1,num_channel=1
02-11 06:27:29.006   488 30642 W AudioALSACaptureDataClientAurisysNormal: data_count_raw_ul 0, mRawDataPeriodBufSize 3840
02-11 06:27:29.017   488 30641 W AudioALSACaptureDataProviderNormal: readThread, latency_in_s,0.000000,0.059236,0.000059, totalTime 0.059295 > logTimeout 0.022000 TIMEOUT!!
02-11 06:27:29.019   488 30642 D AudioPreProcess: NativePreprocess: 1764 bytes, 882 frames, proc_buf_frames=440, mAPPS->num_preprocessors=1,num_channel=1
02-11 06:27:29.022   488 30642 D AudioPreProcess: NativePreprocess: 1764 bytes, 882 frames, proc_buf_frames=440, mAPPS->num_preprocessors=1,num_channel=1
02-11 06:27:29.024   488 30642 D AudioPreProcess: NativePreprocess: 1764 bytes, 882 frames, proc_buf_frames=440, mAPPS->num_preprocessors=1,num_channel=1
02-11 06:27:29.066   488 30642 W AudioALSACaptureDataClientAurisysNormal: data_count_raw_ul 0, mRawDataPeriodBufSize 3840
02-11 06:27:29.077   488 30641 W AudioALSACaptureDataProviderNormal: readThread, latency_in_s,0.000000,0.059385,0.000057, totalTime 0.059443 > logTimeout 0.022000 TIMEOUT!!
02-11 06:27:29.079   488 30642 D AudioPreProcess: NativePreprocess: 1764 bytes, 882 frames, proc_buf_frames=440, mAPPS->num_preprocessors=1,num_channel=1
02-11 06:27:29.082   488 30642 I chatty  : uid=1041(audioserver) processThread_4 identical 1 line
02-11 06:27:29.085   488 30642 D AudioPreProcess: NativePreprocess: 1764 bytes, 882 frames, proc_buf_frames=440, mAPPS->num_preprocessors=1,num_channel=1
02-11 06:27:29.126   488 30642 W AudioALSACaptureDataClientAurisysNormal: data_count_raw_ul 0, mRawDataPeriodBufSize 3840
02-11 06:27:29.137   488 30641 W AudioALSACaptureDataProviderNormal: readThread, latency_in_s,0.000000,0.059296,0.000059, totalTime 0.059355 > logTimeout 0.022000 TIMEOUT!!
02-11 06:27:29.139   488 30642 D AudioPreProcess: NativePreprocess: 1764 bytes, 882 frames, proc_buf_frames=440, mAPPS->num_preprocessors=1,num_channel=1
02-11 06:27:29.142   488 30642 I chatty  : uid=1041(audioserver) processThread_4 identical 1 line
02-11 06:27:29.145   488 30642 D AudioPreProcess: NativePreprocess: 1764 bytes, 882 frames, proc_buf_frames=440, mAPPS->num_preprocessors=1,num_channel=1
02-11 06:27:29.186   488 30642 W AudioALSACaptureDataClientAurisysNormal: data_count_raw_ul 0, mRawDataPeriodBufSize 3840
02-11 06:27:29.197   488 30641 W AudioALSACaptureDataProviderNormal: readThread, latency_in_s,0.000000,0.059662,0.000053, totalTime 0.059715 > logTimeout 0.022000 TIMEOUT!!
02-11 06:27:29.199   488 30642 D AudioPreProcess: NativePreprocess: 1764 bytes, 882 frames, proc_buf_frames=440, mAPPS->num_preprocessors=1,num_channel=1
02-11 06:27:29.202   488 30642 I chatty  : uid=1041(audioserver) processThread_4 identical 1 line
02-11 06:27:29.206   488 30642 D AudioPreProcess: NativePreprocess: 1764 bytes, 882 frames, proc_buf_frames=440, mAPPS->num_preprocessors=1,num_channel=1
02-11 06:27:29.247   488 30642 W AudioALSACaptureDataClientAurisysNormal: data_count_raw_ul 0, mRawDataPeriodBufSize 3840
02-11 06:27:29.257   488 30641 W AudioALSACaptureDataProviderNormal: readThread, latency_in_s,0.000000,0.059253,0.000156, totalTime 0.059409 > logTimeout 0.022000 TIMEOUT!!
02-11 06:27:29.259   488 30642 D AudioPreProcess: NativePreprocess: 1764 bytes, 882 frames, proc_buf_frames=440, mAPPS->num_preprocessors=1,num_channel=1
02-11 06:27:29.262   488 30642 I chatty  : uid=1041(audioserver) processThread_4 identical 1 line
02-11 06:27:29.266   488 30642 D AudioPreProcess: NativePreprocess: 1764 bytes, 882 frames, proc_buf_frames=440, mAPPS->num_preprocessors=1,num_channel=1
02-11 06:27:29.307   488 30642 W AudioALSACaptureDataClientAurisysNormal: data_count_raw_ul 0, mRawDataPeriodBufSize 3840
02-11 06:27:29.317   488 30641 W AudioALSACaptureDataProviderNormal: readThread, latency_in_s,0.000000,0.059242,0.000059, totalTime 0.059301 > logTimeout 0.022000 TIMEOUT!!
02-11 06:27:29.319   488 30642 D AudioPreProcess: NativePreprocess: 1764 bytes, 882 frames, proc_buf_frames=440, mAPPS->num_preprocessors=1,num_channel=1
02-11 06:27:29.322   488 30642 I chatty  : uid=1041(audioserver) processThread_4 identical 1 line
02-11 06:27:29.325   488 30642 D AudioPreProcess: NativePreprocess: 1764 bytes, 882 frames, proc_buf_frames=440, mAPPS->num_preprocessors=1,num_channel=1
02-11 06:27:29.366   488 30642 W AudioALSACaptureDataClientAurisysNormal: data_count_raw_ul 0, mRawDataPeriodBufSize 3840
02-11 06:27:29.377   488 30641 W AudioALSACaptureDataProviderNormal: readThread, latency_in_s,0.000000,0.059262,0.000058, totalTime 0.059320 > logTimeout 0.022000 TIMEOUT!!
02-11 06:27:29.379   488 30642 D AudioPreProcess: NativePreprocess: 1764 bytes, 882 frames, proc_buf_frames=440, mAPPS->num_preprocessors=1,num_channel=1
02-11 06:27:29.382   488 30642 I chatty  : uid=1041(audioserver) processThread_4 identical 1 line
02-11 06:27:29.385   488 30642 D AudioPreProcess: NativePreprocess: 1764 bytes, 882 frames, proc_buf_frames=440, mAPPS->num_preprocessors=1,num_channel=1
02-11 06:27:29.426   488 30642 W AudioALSACaptureDataClientAurisysNormal: data_count_raw_ul 0, mRawDataPeriodBufSize 3840
02-11 06:27:29.437   488 30641 W AudioALSACaptureDataProviderNormal: readThread, latency_in_s,0.000000,0.059429,0.000056, totalTime 0.059485 > logTimeout 0.022000 TIMEOUT!!
02-11 06:27:29.439   488 30642 D AudioPreProcess: NativePreprocess: 1764 bytes, 882 frames, proc_buf_frames=440, mAPPS->num_preprocessors=1,num_channel=1
02-11 06:27:29.442   488 30642 I chatty  : uid=1041(audioserver) processThread_4 identical 1 line
02-11 06:27:29.445   488 30642 D AudioPreProcess: NativePreprocess: 1764 bytes, 882 frames, proc_buf_frames=440, mAPPS->num_preprocessors=1,num_channel=1
02-11 06:27:29.486   488 30642 W AudioALSACaptureDataClientAurisysNormal: data_count_raw_ul 0, mRawDataPeriodBufSize 3840
02-11 06:27:29.497   488 30641 W AudioALSACaptureDataProviderNormal: readThread, latency_in_s,0.000000,0.059252,0.000057, totalTime 0.059310 > logTimeout 0.022000 TIMEOUT!!
02-11 06:27:29.499   488 30642 D AudioPreProcess: NativePreprocess: 1764 bytes, 882 frames, proc_buf_frames=440, mAPPS->num_preprocessors=1,num_channel=1
02-11 06:27:29.500   488 28030 D _V_vafx_muteframedetect: AudioHwIn session 0, curMuteFrame 380 ms, totalMuteFrame 62114360 ms, normalFrame 49203100 ms
02-11 06:27:29.502   488 30642 D AudioPreProcess: NativePreprocess: 1764 bytes, 882 frames, proc_buf_frames=440, mAPPS->num_preprocessors=1,num_channel=1
02-11 06:27:29.505   488 30642 D AudioPreProcess: NativePreprocess: 1764 bytes, 882 frames, proc_buf_frames=440, mAPPS->num_preprocessors=1,num_channel=1
02-11 06:27:29.546   488 30642 W AudioALSACaptureDataClientAurisysNormal: data_count_raw_ul 0, mRawDataPeriodBufSize 3840
02-11 06:27:29.557   488 30641 W AudioALSACaptureDataProviderNormal: readThread, latency_in_s,0.000000,0.059673,0.000060, totalTime 0.059733 > logTimeout 0.022000 TIMEOUT!!
02-11 06:27:29.559   488 30642 D AudioPreProcess: NativePreprocess: 1764 bytes, 882 frames, proc_buf_frames=440, mAPPS->num_preprocessors=1,num_channel=1
02-11 06:27:29.562   488 30642 I chatty  : uid=1041(audioserver) processThread_4 identical 1 line
02-11 06:27:29.565   488 30642 D AudioPreProcess: NativePreprocess: 1764 bytes, 882 frames, proc_buf_frames=440, mAPPS->num_preprocessors=1,num_channel=1
02-11 06:27:29.606   488 30642 W AudioALSACaptureDataClientAurisysNormal: data_count_raw_ul 0, mRawDataPeriodBufSize 3840
02-11 06:27:29.617   488 30641 W AudioALSACaptureDataProviderNormal: readThread, latency_in_s,0.000000,0.059245,0.000109, totalTime 0.059354 > logTimeout 0.022000 TIMEOUT!!
02-11 06:27:29.619   488 30642 D AudioPreProcess: NativePreprocess: 1764 bytes, 882 frames, proc_buf_frames=440, mAPPS->num_preprocessors=1,num_channel=1
02-11 06:27:29.622   488 30642 D AudioPreProcess: NativePreprocess: 1764 bytes, 882 frames, proc_buf_frames=440, mAPPS->num_preprocessors=1,num_channel=1
02-11 06:27:29.625   488 30642 D AudioPreProcess: NativePreprocess: 1764 bytes, 882 frames, proc_buf_frames=440, mAPPS->num_preprocessors=1,num_channel=1
02-11 06:27:29.666   488 30642 W AudioALSACaptureDataClientAurisysNormal: data_count_raw_ul 0, mRawDataPeriodBufSize 3840
02-11 06:27:29.677   488 30641 W AudioALSACaptureDataProviderNormal: readThread, latency_in_s,0.000000,0.059292,0.000062, totalTime 0.059354 > logTimeout 0.022000 TIMEOUT!!
02-11 06:27:29.679   488 30642 D AudioPreProcess: NativePreprocess: 1764 bytes, 882 frames, proc_buf_frames=440, mAPPS->num_preprocessors=1,num_channel=1
02-11 06:27:29.682   488 30642 I chatty  : uid=1041(audioserver) processThread_4 identical 1 line
02-11 06:27:29.685   488 30642 D AudioPreProcess: NativePreprocess: 1764 bytes, 882 frames, proc_buf_frames=440, mAPPS->num_preprocessors=1,num_channel=1
02-11 06:27:29.726   488 30642 W AudioALSACaptureDataClientAurisysNormal: data_count_raw_ul 0, mRawDataPeriodBufSize 3840
02-11 06:27:29.737   488 30641 W AudioALSACaptureDataProviderNormal: readThread, latency_in_s,0.000000,0.059241,0.000061, totalTime 0.059302 > logTimeout 0.022000 TIMEOUT!!
02-11 06:27:29.739   488 30642 D AudioPreProcess: NativePreprocess: 1764 bytes, 882 frames, proc_buf_frames=440, mAPPS->num_preprocessors=1,num_channel=1
02-11 06:27:29.742   488 30642 I chatty  : uid=1041(audioserver) processThread_4 identical 1 line
02-11 06:27:29.745   488 30642 D AudioPreProcess: NativePreprocess: 1764 bytes, 882 frames, proc_buf_frames=440, mAPPS->num_preprocessors=1,num_channel=1
02-11 06:27:29.786   488 30642 W AudioALSACaptureDataClientAurisysNormal: data_count_raw_ul 0, mRawDataPeriodBufSize 3840
02-11 06:27:29.797   488 30641 W AudioALSACaptureDataProviderNormal: readThread, latency_in_s,0.000000,0.059432,0.000061, totalTime 0.059493 > logTimeout 0.022000 TIMEOUT!!
02-11 06:27:29.799   488 30642 D AudioPreProcess: NativePreprocess: 1764 bytes, 882 frames, proc_buf_frames=440, mAPPS->num_preprocessors=1,num_channel=1
02-11 06:27:29.802   488 30642 I chatty  : uid=1041(audioserver) processThread_4 identical 1 line
02-11 06:27:29.805   488 30642 D AudioPreProcess: NativePreprocess: 1764 bytes, 882 frames, proc_buf_frames=440, mAPPS->num_preprocessors=1,num_channel=1
02-11 06:27:29.846   488 30642 W AudioALSACaptureDataClientAurisysNormal: data_count_raw_ul 0, mRawDataPeriodBufSize 3840
02-11 06:27:29.857   488 30641 W AudioALSACaptureDataProviderNormal: readThread, latency_in_s,0.000000,0.059301,0.000075, totalTime 0.059376 > logTimeout 0.022000 TIMEOUT!!
02-11 06:27:29.859   488 30642 D AudioPreProcess: NativePreprocess: 1764 bytes, 882 frames, proc_buf_frames=440, mAPPS->num_preprocessors=1,num_channel=1
02-11 06:27:29.862   488 30642 I chatty  : uid=1041(audioserver) processThread_4 identical 1 line
02-11 06:27:29.865   488 30642 D AudioPreProcess: NativePreprocess: 1764 bytes, 882 frames, proc_buf_frames=440, mAPPS->num_preprocessors=1,num_channel=1
02-11 06:27:29.907   488 30642 W AudioALSACaptureDataClientAurisysNormal: data_count_raw_ul 0, mRawDataPeriodBufSize 3840
02-11 06:27:29.917   488 30641 W AudioALSACaptureDataProviderNormal: readThread, latency_in_s,0.000000,0.059347,0.000065, totalTime 0.059412 > logTimeout 0.022000 TIMEOUT!!
02-11 06:27:29.919   488 30642 D AudioPreProcess: NativePreprocess: 1764 bytes, 882 frames, proc_buf_frames=440, mAPPS->num_preprocessors=1,num_channel=1
02-11 06:27:29.922   488 30642 I chatty  : uid=1041(audioserver) processThread_4 identical 1 line
02-11 06:27:29.925   488 30642 D AudioPreProcess: NativePreprocess: 1764 bytes, 882 frames, proc_buf_frames=440, mAPPS->num_preprocessors=1,num_channel=1
02-11 06:27:29.967   488 30642 W AudioALSACaptureDataClientAurisysNormal: data_count_raw_ul 0, mRawDataPeriodBufSize 3840
02-11 06:27:29.977   488 30641 W AudioALSACaptureDataProviderNormal: readThread, latency_in_s,0.000000,0.059231,0.000062, totalTime 0.059293 > logTimeout 0.022000 TIMEOUT!!
02-11 06:27:29.979   488 30642 D AudioPreProcess: NativePreprocess: 1764 bytes, 882 frames, proc_buf_frames=440, mAPPS->num_preprocessors=1,num_channel=1
02-11 06:27:29.982   488 30642 I chatty  : uid=1041(audioserver) processThread_4 identical 1 line
02-11 06:27:29.985   488 30642 D AudioPreProcess: NativePreprocess: 1764 bytes, 882 frames, proc_buf_frames=440, mAPPS->num_preprocessors=1,num_channel=1
02-11 06:27:30.026   488 30642 W AudioALSACaptureDataClientAurisysNormal: data_count_raw_ul 0, mRawDataPeriodBufSize 3840
02-11 06:27:30.037   488 30641 W AudioALSACaptureDataProviderNormal: readThread, latency_in_s,0.000000,0.059635,0.000058, totalTime 0.059693 > logTimeout 0.022000 TIMEOUT!!
02-11 06:27:30.040   488 30642 D AudioPreProcess: NativePreprocess: 1764 bytes, 882 frames, proc_buf_frames=440, mAPPS->num_preprocessors=1,num_channel=1
02-11 06:27:30.043   488 30642 I chatty  : uid=1041(audioserver) processThread_4 identical 1 line
02-11 06:27:30.046   488 30642 D AudioPreProcess: NativePreprocess: 1764 bytes, 882 frames, proc_buf_frames=440, mAPPS->num_preprocessors=1,num_channel=1
02-11 06:27:30.088   488 30642 W AudioALSACaptureDataClientAurisysNormal: data_count_raw_ul 0, mRawDataPeriodBufSize 3840
02-11 06:27:30.097   488 30641 W AudioALSACaptureDataProviderNormal: readThread, latency_in_s,0.000000,0.059442,0.000068, totalTime 0.059510 > logTimeout 0.022000 TIMEOUT!!
02-11 06:27:30.099   488 30642 D AudioPreProcess: NativePreprocess: 1764 bytes, 882 frames, proc_buf_frames=440, mAPPS->num_preprocessors=1,num_channel=1
02-11 06:27:30.102   488 30642 I chatty  : uid=1041(audioserver) processThread_4 identical 1 line
02-11 06:27:30.105   488 30642 D AudioPreProcess: NativePreprocess: 1764 bytes, 882 frames, proc_buf_frames=440, mAPPS->num_preprocessors=1,num_channel=1
02-11 06:27:30.146   488 30642 W AudioALSACaptureDataClientAurisysNormal: data_count_raw_ul 0, mRawDataPeriodBufSize 3840
02-11 06:27:30.157   488 30641 W AudioALSACaptureDataProviderNormal: readThread, latency_in_s,0.000000,0.059371,0.000073, totalTime 0.059444 > logTimeout 0.022000 TIMEOUT!!
02-11 06:27:30.159   488 30642 D AudioPreProcess: NativePreprocess: 1764 bytes, 882 frames, proc_buf_frames=440, mAPPS->num_preprocessors=1,num_channel=1
02-11 06:27:30.162   488 30642 I chatty  : uid=1041(audioserver) processThread_4 identical 1 line
02-11 06:27:30.165   488 30642 D AudioPreProcess: NativePreprocess: 1764 bytes, 882 frames, proc_buf_frames=440, mAPPS->num_preprocessors=1,num_channel=1
02-11 06:27:30.207   488 30642 W AudioALSACaptureDataClientAurisysNormal: data_count_raw_ul 0, mRawDataPeriodBufSize 3840
02-11 06:27:30.217   488 30641 W AudioALSACaptureDataProviderNormal: readThread, latency_in_s,0.000000,0.059254,0.000064, totalTime 0.059318 > logTimeout 0.022000 TIMEOUT!!
02-11 06:27:30.219   488 30642 D AudioPreProcess: NativePreprocess: 1764 bytes, 882 frames, proc_buf_frames=440, mAPPS->num_preprocessors=1,num_channel=1
02-11 06:27:30.222   488 30642 I chatty  : uid=1041(audioserver) processThread_4 identical 1 line
02-11 06:27:30.225   488 30642 D AudioPreProcess: NativePreprocess: 1764 bytes, 882 frames, proc_buf_frames=440, mAPPS->num_preprocessors=1,num_channel=1
02-11 06:27:30.266   488 30642 W AudioALSACaptureDataClientAurisysNormal: data_count_raw_ul 0, mRawDataPeriodBufSize 3840
02-11 06:27:30.277   488 30641 W AudioALSACaptureDataProviderNormal: readThread, latency_in_s,0.000000,0.059282,0.000057, totalTime 0.059339 > logTimeout 0.022000 TIMEOUT!!
02-11 06:27:30.279   488 30642 D AudioPreProcess: NativePreprocess: 1764 bytes, 882 frames, proc_buf_frames=440, mAPPS->num_preprocessors=1,num_channel=1
02-11 06:27:30.282   488 30642 I chatty  : uid=1041(audioserver) processThread_4 identical 1 line
02-11 06:27:30.285   488 30642 D AudioPreProcess: NativePreprocess: 1764 bytes, 882 frames, proc_buf_frames=440, mAPPS->num_preprocessors=1,num_channel=1
02-11 06:27:30.326   488 30642 W AudioALSACaptureDataClientAurisysNormal: data_count_raw_ul 0, mRawDataPeriodBufSize 3840
02-11 06:27:30.337   488 30641 W AudioALSACaptureDataProviderNormal: readThread, latency_in_s,0.000000,0.059412,0.000065, totalTime 0.059477 > logTimeout 0.022000 TIMEOUT!!
02-11 06:27:30.339   488 30642 D AudioPreProcess: NativePreprocess: 1764 bytes, 882 frames, proc_buf_frames=440, mAPPS->num_preprocessors=1,num_channel=1
02-11 06:27:30.342   488 30642 I chatty  : uid=1041(audioserver) processThread_4 identical 1 line
02-11 06:27:30.345   488 30642 D AudioPreProcess: NativePreprocess: 1764 bytes, 882 frames, proc_buf_frames=440, mAPPS->num_preprocessors=1,num_channel=1
02-11 06:27:30.386   488 30642 W AudioALSACaptureDataClientAurisysNormal: data_count_raw_ul 0, mRawDataPeriodBufSize 3840
02-11 06:27:30.397   488 30641 W AudioALSACaptureDataProviderNormal: readThread, latency_in_s,0.000000,0.059273,0.000061, totalTime 0.059334 > logTimeout 0.022000 TIMEOUT!!
02-11 06:27:30.399   488 30642 D AudioPreProcess: NativePreprocess: 1764 bytes, 882 frames, proc_buf_frames=440, mAPPS->num_preprocessors=1,num_channel=1
02-11 06:27:30.402   488 30642 I chatty  : uid=1041(audioserver) processThread_4 identical 1 line
02-11 06:27:30.405   488 30642 D AudioPreProcess: NativePreprocess: 1764 bytes, 882 frames, proc_buf_frames=440, mAPPS->num_preprocessors=1,num_channel=1
02-11 06:27:30.446   488 30642 W AudioALSACaptureDataClientAurisysNormal: data_count_raw_ul 0, mRawDataPeriodBufSize 3840
02-11 06:27:30.457   488 30641 W AudioALSACaptureDataProviderNormal: readThread, latency_in_s,0.000000,0.059393,0.000056, totalTime 0.059449 > logTimeout 0.022000 TIMEOUT!!
02-11 06:27:30.459   488 30642 D AudioPreProcess: NativePreprocess: 1764 bytes, 882 frames, proc_buf_frames=440, mAPPS->num_preprocessors=1,num_channel=1
02-11 06:27:31.591   488 30642 W AudioALSACaptureDataClientAurisysNormal: data_count_raw_ul 0, mRawDataPeriodBufSize 3840
02-11 06:27:31.597   488 30641 W AudioALSACaptureDataProviderNormal: readThread, latency_in_s,0.000000,0.059423,0.000057, totalTime 0.059481 > logTimeout 0.022000 TIMEOUT!!
02-11 06:27:31.599   488 30642 D AudioPreProcess: NativePreprocess: 1764 bytes, 882 frames, proc_buf_frames=440, mAPPS->num_preprocessors=1,num_channel=1
02-11 06:27:31.602   488 30642 I chatty  : uid=1041(audioserver) processThread_4 identical 1 line
02-11 06:27:31.604   488 30642 D AudioPreProcess: NativePreprocess: 1764 bytes, 882 frames, proc_buf_frames=440, mAPPS->num_preprocessors=1,num_channel=1
02-11 06:27:31.646   488 30642 W AudioALSACaptureDataClientAurisysNormal: data_count_raw_ul 0, mRawDataPeriodBufSize 3840
02-11 06:27:59.488   429   436 E android.system.suspend@1.0-service: Error opening kernel wakelock stats for: wakeup26: Permission denied
02-11 06:42:08.651  2014  5503 E _V_RMS-Leak: WARNED!!! physical-memory process=com.google.android.youtube pid=18898 size=274884KB
02-11 06:55:47.488   429   436 E android.system.suspend@1.0-service: Error opening kernel wakelock stats for: wakeup26: Permission denied
02-11 07:17:58.488   429   436 E android.system.suspend@1.0-service: Error opening kernel wakelock stats for: wakeup28: Permission denied
02-11 07:27:30.748   488 30642 W AudioALSACaptureDataClientAurisysNormal: data_count_raw_ul 0, mRawDataPeriodBufSize 3840
02-11 07:27:30.757   488 30641 W AudioALSACaptureDataProviderNormal: readThread, latency_in_s,0.000000,0.059368,0.000052, totalTime 0.059421 > logTimeout 0.022000 TIMEOUT!!
02-11 07:27:30.759   488 30642 D AudioPreProcess: NativePreprocess: 1764 bytes, 882 frames, proc_buf_frames=440, mAPPS->num_preprocessors=1,num_channel=1
02-11 07:27:30.762   488 30642 I chatty  : uid=1041(audioserver) processThread_4 identical 1 line
02-11 07:27:30.765   488 30642 D AudioPreProcess: NativePreprocess: 1764 bytes, 882 frames, proc_buf_frames=440, mAPPS->num_preprocessors=1,num_channel=1
02-11 07:27:30.806   488 30642 W AudioALSACaptureDataClientAurisysNormal: data_count_raw_ul 0, mRawDataPeriodBufSize 3840
02-11 07:27:30.817   488 30641 W AudioALSACaptureDataProviderNormal: readThread, latency_in_s,0.000000,0.059500,0.000054, totalTime 0.059554 > logTimeout 0.022000 TIMEOUT!!
02-11 07:27:30.820   488 30642 D AudioPreProcess: NativePreprocess: 1764 bytes, 882 frames, proc_buf_frames=440, mAPPS->num_preprocessors=1,num_channel=1
02-11 07:27:30.823   488 30642 I chatty  : uid=1041(audioserver) processThread_4 identical 1 line
02-11 07:27:30.826   488 30642 D AudioPreProcess: NativePreprocess: 1764 bytes, 882 frames, proc_buf_frames=440, mAPPS->num_preprocessors=1,num_channel=1
02-11 07:27:30.868   488 30642 W AudioALSACaptureDataClientAurisysNormal: data_count_raw_ul 0, mRawDataPeriodBufSize 3840
02-11 07:27:30.877   488 30641 W AudioALSACaptureDataProviderNormal: readThread, latency_in_s,0.000000,0.059393,0.000050, totalTime 0.059443 > logTimeout 0.022000 TIMEOUT!!
02-11 07:27:30.879   488 30642 D AudioPreProcess: NativePreprocess: 1764 bytes, 882 frames, proc_buf_frames=440, mAPPS->num_preprocessors=1,num_channel=1
02-11 07:27:30.882   488 30642 I chatty  : uid=1041(audioserver) processThread_4 identical 1 line
02-11 07:27:30.885   488 30642 D AudioPreProcess: NativePreprocess: 1764 bytes, 882 frames, proc_buf_frames=440, mAPPS->num_preprocessors=1,num_channel=1
02-11 07:27:30.927   488 30642 W AudioALSACaptureDataClientAurisysNormal: data_count_raw_ul 0, mRawDataPeriodBufSize 3840
02-11 07:27:30.937   488 30641 W AudioALSACaptureDataProviderNormal: readThread, latency_in_s,0.000000,0.059550,0.000053, totalTime 0.059603 > logTimeout 0.022000 TIMEOUT!!
02-11 07:27:30.940   488 30642 D AudioPreProcess: NativePreprocess: 1764 bytes, 882 frames, proc_buf_frames=440, mAPPS->num_preprocessors=1,num_channel=1
02-11 07:27:30.943   488 30642 I chatty  : uid=1041(audioserver) processThread_4 identical 1 line
02-11 07:27:30.946   488 30642 D AudioPreProcess: NativePreprocess: 1764 bytes, 882 frames, proc_buf_frames=440, mAPPS->num_preprocessors=1,num_channel=1
02-11 07:27:30.988   488 30642 W AudioALSACaptureDataClientAurisysNormal: data_count_raw_ul 0, mRawDataPeriodBufSize 3840
02-11 07:27:30.997   488 30641 W AudioALSACaptureDataProviderNormal: readThread, latency_in_s,0.000000,0.059435,0.000054, totalTime 0.059490 > logTimeout 0.022000 TIMEOUT!!
02-11 07:27:30.999   488 30642 D AudioPreProcess: NativePreprocess: 1764 bytes, 882 frames, proc_buf_frames=440, mAPPS->num_preprocessors=1,num_channel=1
02-11 07:27:31.002   488 30642 I chatty  : uid=1041(audioserver) processThread_4 identical 1 line
02-11 07:27:31.006   488 30642 D AudioPreProcess: NativePreprocess: 1764 bytes, 882 frames, proc_buf_frames=440, mAPPS->num_preprocessors=1,num_channel=1
02-11 07:27:31.047   488 30642 W AudioALSACaptureDataClientAurisysNormal: data_count_raw_ul 0, mRawDataPeriodBufSize 3840
02-11 07:27:31.057   488 30641 W AudioALSACaptureDataProviderNormal: readThread, latency_in_s,0.000000,0.059446,0.000059, totalTime 0.059505 > logTimeout 0.022000 TIMEOUT!!
02-11 07:27:31.059   488 30642 D AudioPreProcess: NativePreprocess: 1764 bytes, 882 frames, proc_buf_frames=440, mAPPS->num_preprocessors=1,num_channel=1
02-11 07:27:31.063   488 30642 I chatty  : uid=1041(audioserver) processThread_4 identical 1 line
02-11 07:27:31.066   488 30642 D AudioPreProcess: NativePreprocess: 1764 bytes, 882 frames, proc_buf_frames=440, mAPPS->num_preprocessors=1,num_channel=1
02-11 07:27:31.108   488 30642 W AudioALSACaptureDataClientAurisysNormal: data_count_raw_ul 0, mRawDataPeriodBufSize 3840
02-11 07:27:31.117   488 30641 W AudioALSACaptureDataProviderNormal: readThread, latency_in_s,0.000000,0.059317,0.000057, totalTime 0.059374 > logTimeout 0.022000 TIMEOUT!!
02-11 07:27:31.119   488 30642 D AudioPreProcess: NativePreprocess: 1764 bytes, 882 frames, proc_buf_frames=440, mAPPS->num_preprocessors=1,num_channel=1
02-11 07:27:31.123   488 30642 I chatty  : uid=1041(audioserver) processThread_4 identical 1 line
02-11 07:27:31.126   488 30642 D AudioPreProcess: NativePreprocess: 1764 bytes, 882 frames, proc_buf_frames=440, mAPPS->num_preprocessors=1,num_channel=1
02-11 07:27:31.167   488 30642 W AudioALSACaptureDataClientAurisysNormal: data_count_raw_ul 0, mRawDataPeriodBufSize 3840
02-11 07:27:31.177   488 30641 W AudioALSACaptureDataProviderNormal: readThread, latency_in_s,0.000000,0.059581,0.000058, totalTime 0.059639 > logTimeout 0.022000 TIMEOUT!!
02-11 07:27:31.179   488 30642 D AudioPreProcess: NativePreprocess: 1764 bytes, 882 frames, proc_buf_frames=440, mAPPS->num_preprocessors=1,num_channel=1
02-11 07:27:31.183   488 30642 I chatty  : uid=1041(audioserver) processThread_4 identical 1 line
02-11 07:27:31.186   488 30642 D AudioPreProcess: NativePreprocess: 1764 bytes, 882 frames, proc_buf_frames=440, mAPPS->num_preprocessors=1,num_channel=1
02-11 07:27:31.228   488 30642 W AudioALSACaptureDataClientAurisysNormal: data_count_raw_ul 0, mRawDataPeriodBufSize 3840
02-11 07:27:31.237   488 30641 W AudioALSACaptureDataProviderNormal: readThread, latency_in_s,0.000000,0.059354,0.000056, totalTime 0.059411 > logTimeout 0.022000 TIMEOUT!!
02-11 07:27:31.239   488 30642 D AudioPreProcess: NativePreprocess: 1764 bytes, 882 frames, proc_buf_frames=440, mAPPS->num_preprocessors=1,num_channel=1
02-11 07:27:31.243   488 30642 I chatty  : uid=1041(audioserver) processThread_4 identical 1 line
02-11 07:27:31.246   488 30642 D AudioPreProcess: NativePreprocess: 1764 bytes, 882 frames, proc_buf_frames=440, mAPPS->num_preprocessors=1,num_channel=1
02-11 07:27:31.288   488 30642 W AudioALSACaptureDataClientAurisysNormal: data_count_raw_ul 0, mRawDataPeriodBufSize 3840
02-11 07:27:31.297   488 30641 W AudioALSACaptureDataProviderNormal: readThread, latency_in_s,0.000000,0.059517,0.000063, totalTime 0.059580 > logTimeout 0.022000 TIMEOUT!!
02-11 07:27:31.299   488 30642 D AudioPreProcess: NativePreprocess: 1764 bytes, 882 frames, proc_buf_frames=440, mAPPS->num_preprocessors=1,num_channel=1
02-11 07:27:31.302   488 30642 I chatty  : uid=1041(audioserver) processThread_4 identical 1 line
02-11 07:27:31.306   488 30642 D AudioPreProcess: NativePreprocess: 1764 bytes, 882 frames, proc_buf_frames=440, mAPPS->num_preprocessors=1,num_channel=1
02-11 07:27:31.347   488 30642 W AudioALSACaptureDataClientAurisysNormal: data_count_raw_ul 0, mRawDataPeriodBufSize 3840
02-11 07:27:31.357   488 30641 W AudioALSACaptureDataProviderNormal: readThread, latency_in_s,0.000000,0.059389,0.000063, totalTime 0.059453 > logTimeout 0.022000 TIMEOUT!!
02-11 07:27:31.359   488 30642 D AudioPreProcess: NativePreprocess: 1764 bytes, 882 frames, proc_buf_frames=440, mAPPS->num_preprocessors=1,num_channel=1
02-11 07:27:31.362   488 30642 I chatty  : uid=1041(audioserver) processThread_4 identical 1 line
02-11 07:27:31.366   488 30642 D AudioPreProcess: NativePreprocess: 1764 bytes, 882 frames, proc_buf_frames=440, mAPPS->num_preprocessors=1,num_channel=1
02-11 07:27:31.407   488 30642 W AudioALSACaptureDataClientAurisysNormal: data_count_raw_ul 0, mRawDataPeriodBufSize 3840
02-11 07:27:31.417   488 30641 W AudioALSACaptureDataProviderNormal: readThread, latency_in_s,0.000000,0.059404,0.000050, totalTime 0.059455 > logTimeout 0.022000 TIMEOUT!!
02-11 07:27:31.419   488 30642 D AudioPreProcess: NativePreprocess: 1764 bytes, 882 frames, proc_buf_frames=440, mAPPS->num_preprocessors=1,num_channel=1
02-11 07:27:31.422   488 30642 I chatty  : uid=1041(audioserver) processThread_4 identical 1 line
02-11 07:27:31.425   488 30642 D AudioPreProcess: NativePreprocess: 1764 bytes, 882 frames, proc_buf_frames=440, mAPPS->num_preprocessors=1,num_channel=1
02-11 07:27:31.467   488 30642 W AudioALSACaptureDataClientAurisysNormal: data_count_raw_ul 0, mRawDataPeriodBufSize 3840
02-11 07:27:31.477   488 30641 W AudioALSACaptureDataProviderNormal: readThread, latency_in_s,0.000000,0.059501,0.000045, totalTime 0.059546 > logTimeout 0.022000 TIMEOUT!!
02-11 07:27:31.479   488 30642 D AudioPreProcess: NativePreprocess: 1764 bytes, 882 frames, proc_buf_frames=440, mAPPS->num_preprocessors=1,num_channel=1
02-11 07:27:31.482   488 30642 I chatty  : uid=1041(audioserver) processThread_4 identical 1 line
02-11 07:27:31.486   488 30642 D AudioPreProcess: NativePreprocess: 1764 bytes, 882 frames, proc_buf_frames=440, mAPPS->num_preprocessors=1,num_channel=1
02-11 07:27:31.528   488 30642 W AudioALSACaptureDataClientAurisysNormal: data_count_raw_ul 0, mRawDataPeriodBufSize 3840
02-11 07:27:31.537   488 30641 W AudioALSACaptureDataProviderNormal: readThread, latency_in_s,0.000000,0.059412,0.000066, totalTime 0.059479 > logTimeout 0.022000 TIMEOUT!!
02-11 07:27:31.539   488 30642 D AudioPreProcess: NativePreprocess: 1764 bytes, 882 frames, proc_buf_frames=440, mAPPS->num_preprocessors=1,num_channel=1
02-11 07:27:31.542   488 30642 I chatty  : uid=1041(audioserver) processThread_4 identical 1 line
02-11 07:27:31.546   488 30642 D AudioPreProcess: NativePreprocess: 1764 bytes, 882 frames, proc_buf_frames=440, mAPPS->num_preprocessors=1,num_channel=1
02-11 07:27:31.588   488 30642 W AudioALSACaptureDataClientAurisysNormal: data_count_raw_ul 0, mRawDataPeriodBufSize 3840
02-11 07:27:31.597   488 30641 W AudioALSACaptureDataProviderNormal: readThread, latency_in_s,0.000000,0.059245,0.000062, totalTime 0.059307 > logTimeout 0.022000 TIMEOUT!!
02-11 07:27:31.599   488 30642 D AudioPreProcess: NativePreprocess: 1764 bytes, 882 frames, proc_buf_frames=440, mAPPS->num_preprocessors=1,num_channel=1
02-11 07:27:31.602   488 30642 I chatty  : uid=1041(audioserver) processThread_4 identical 1 line
02-11 07:27:31.605   488 30642 D AudioPreProcess: NativePreprocess: 1764 bytes, 882 frames, proc_buf_frames=440, mAPPS->num_preprocessors=1,num_channel=1
02-11 07:27:31.647   488 30642 W AudioALSACaptureDataClientAurisysNormal: data_count_raw_ul 0, mRawDataPeriodBufSize 3840
02-11 07:27:31.657   488 30641 W AudioALSACaptureDataProviderNormal: readThread, latency_in_s,0.000000,0.059594,0.000062, totalTime 0.059656 > logTimeout 0.022000 TIMEOUT!!
02-11 07:27:31.659   488 30642 D AudioPreProcess: NativePreprocess: 1764 bytes, 882 frames, proc_buf_frames=440, mAPPS->num_preprocessors=1,num_channel=1
02-11 07:27:31.662   488 30642 I chatty  : uid=1041(audioserver) processThread_4 identical 1 line
02-11 07:27:31.666   488 30642 D AudioPreProcess: NativePreprocess: 1764 bytes, 882 frames, proc_buf_frames=440, mAPPS->num_preprocessors=1,num_channel=1
02-11 07:27:31.707   488 30642 W AudioALSACaptureDataClientAurisysNormal: data_count_raw_ul 0, mRawDataPeriodBufSize 3840
02-11 07:27:31.717   488 30641 W AudioALSACaptureDataProviderNormal: readThread, latency_in_s,0.000000,0.059232,0.000054, totalTime 0.059287 > logTimeout 0.022000 TIMEOUT!!
02-11 07:27:31.719   488 30642 D AudioPreProcess: NativePreprocess: 1764 bytes, 882 frames, proc_buf_frames=440, mAPPS->num_preprocessors=1,num_channel=1
02-11 07:27:31.722   488 30642 I chatty  : uid=1041(audioserver) processThread_4 identical 1 line
02-11 07:27:31.725   488 30642 D AudioPreProcess: NativePreprocess: 1764 bytes, 882 frames, proc_buf_frames=440, mAPPS->num_preprocessors=1,num_channel=1
02-11 07:27:31.767   488 30642 W AudioALSACaptureDataClientAurisysNormal: data_count_raw_ul 0, mRawDataPeriodBufSize 3840
02-11 07:27:31.777   488 30641 W AudioALSACaptureDataProviderNormal: readThread, latency_in_s,0.000000,0.059479,0.000062, totalTime 0.059541 > logTimeout 0.022000 TIMEOUT!!
02-11 07:27:31.779   488 30642 D AudioPreProcess: NativePreprocess: 1764 bytes, 882 frames, proc_buf_frames=440, mAPPS->num_preprocessors=1,num_channel=1
02-11 07:27:31.782   488 30642 I chatty  : uid=1041(audioserver) processThread_4 identical 1 line
02-11 07:27:31.785   488 30642 D AudioPreProcess: NativePreprocess: 1764 bytes, 882 frames, proc_buf_frames=440, mAPPS->num_preprocessors=1,num_channel=1
02-11 07:27:31.827   488 30642 W AudioALSACaptureDataClientAurisysNormal: data_count_raw_ul 0, mRawDataPeriodBufSize 3840
02-11 07:27:31.837   488 30641 W AudioALSACaptureDataProviderNormal: readThread, latency_in_s,0.000000,0.059673,0.000052, totalTime 0.059725 > logTimeout 0.022000 TIMEOUT!!
02-11 07:27:31.839   488 30642 D AudioPreProcess: NativePreprocess: 1764 bytes, 882 frames, proc_buf_frames=440, mAPPS->num_preprocessors=1,num_channel=1
02-11 07:27:31.842   488 30642 I chatty  : uid=1041(audioserver) processThread_4 identical 1 line
02-11 07:27:31.846   488 30642 D AudioPreProcess: NativePreprocess: 1764 bytes, 882 frames, proc_buf_frames=440, mAPPS->num_preprocessors=1,num_channel=1
02-11 07:27:31.887   488 30642 W AudioALSACaptureDataClientAurisysNormal: data_count_raw_ul 0, mRawDataPeriodBufSize 3840
02-11 07:27:31.897   488 30641 W AudioALSACaptureDataProviderNormal: readThread, latency_in_s,0.000000,0.059216,0.000054, totalTime 0.059271 > logTimeout 0.022000 TIMEOUT!!
02-11 07:27:31.899   488 30642 D AudioPreProcess: NativePreprocess: 1764 bytes, 882 frames, proc_buf_frames=440, mAPPS->num_preprocessors=1,num_channel=1
02-11 07:27:31.902   488 30642 I chatty  : uid=1041(audioserver) processThread_4 identical 1 line
02-11 07:27:31.905   488 30642 D AudioPreProcess: NativePreprocess: 1764 bytes, 882 frames, proc_buf_frames=440, mAPPS->num_preprocessors=1,num_channel=1
02-11 07:27:31.947   488 30642 W AudioALSACaptureDataClientAurisysNormal: data_count_raw_ul 0, mRawDataPeriodBufSize 3840
02-11 07:27:31.957   488 30641 W AudioALSACaptureDataProviderNormal: readThread, latency_in_s,0.000000,0.059482,0.000057, totalTime 0.059540 > logTimeout 0.022000 TIMEOUT!!
02-11 07:27:31.959   488 30642 D AudioPreProcess: NativePreprocess: 1764 bytes, 882 frames, proc_buf_frames=440, mAPPS->num_preprocessors=1,num_channel=1
02-11 07:27:31.962   488 30642 I chatty  : uid=1041(audioserver) processThread_4 identical 1 line
02-11 07:27:31.966   488 30642 D AudioPreProcess: NativePreprocess: 1764 bytes, 882 frames, proc_buf_frames=440, mAPPS->num_preprocessors=1,num_channel=1
02-11 07:27:32.007   488 30642 W AudioALSACaptureDataClientAurisysNormal: data_count_raw_ul 0, mRawDataPeriodBufSize 3840
02-11 07:27:32.017   488 30641 W AudioALSACaptureDataProviderNormal: readThread, latency_in_s,0.000000,0.059415,0.000053, totalTime 0.059468 > logTimeout 0.022000 TIMEOUT!!
02-11 07:27:32.019   488 30642 D AudioPreProcess: NativePreprocess: 1764 bytes, 882 frames, proc_buf_frames=440, mAPPS->num_preprocessors=1,num_channel=1
02-11 07:27:32.022   488 30642 I chatty  : uid=1041(audioserver) processThread_4 identical 1 line
02-11 07:27:32.026   488 30642 D AudioPreProcess: NativePreprocess: 1764 bytes, 882 frames, proc_buf_frames=440, mAPPS->num_preprocessors=1,num_channel=1
02-11 07:27:32.067   488 30642 W AudioALSACaptureDataClientAurisysNormal: data_count_raw_ul 0, mRawDataPeriodBufSize 3840
02-11 07:27:32.077   488 30641 W AudioALSACaptureDataProviderNormal: readThread, latency_in_s,0.000000,0.059411,0.000058, totalTime 0.059469 > logTimeout 0.022000 TIMEOUT!!
02-11 07:27:32.079   488 30642 D AudioPreProcess: NativePreprocess: 1764 bytes, 882 frames, proc_buf_frames=440, mAPPS->num_preprocessors=1,num_channel=1
02-11 07:27:32.081   488 28030 D _V_vafx_muteframedetect: AudioHwIn session 0, curMuteFrame 140 ms, totalMuteFrame 64008620 ms, normalFrame 50919600 ms
02-11 07:27:32.083   488 30642 D AudioPreProcess: NativePreprocess: 1764 bytes, 882 frames, proc_buf_frames=440, mAPPS->num_preprocessors=1,num_channel=1
02-11 07:27:32.086   488 30642 D AudioPreProcess: NativePreprocess: 1764 bytes, 882 frames, proc_buf_frames=440, mAPPS->num_preprocessors=1,num_channel=1
02-11 07:27:32.127   488 30642 W AudioALSACaptureDataClientAurisysNormal: data_count_raw_ul 0, mRawDataPeriodBufSize 3840
02-11 07:27:32.137   488 30641 W AudioALSACaptureDataProviderNormal: readThread, latency_in_s,0.000000,0.059443,0.000057, totalTime 0.059500 > logTimeout 0.022000 TIMEOUT!!
02-11 07:27:32.139   488 30642 D AudioPreProcess: NativePreprocess: 1764 bytes, 882 frames, proc_buf_frames=440, mAPPS->num_preprocessors=1,num_channel=1
02-11 07:27:32.142   488 30642 I chatty  : uid=1041(audioserver) processThread_4 identical 1 line
02-11 07:27:32.146   488 30642 D AudioPreProcess: NativePreprocess: 1764 bytes, 882 frames, proc_buf_frames=440, mAPPS->num_preprocessors=1,num_channel=1
02-11 07:27:32.187   488 30642 W AudioALSACaptureDataClientAurisysNormal: data_count_raw_ul 0, mRawDataPeriodBufSize 3840
02-11 07:27:32.197   488 30641 W AudioALSACaptureDataProviderNormal: readThread, latency_in_s,0.000000,0.059409,0.000060, totalTime 0.059469 > logTimeout 0.022000 TIMEOUT!!
02-11 07:27:32.199   488 30642 D AudioPreProcess: NativePreprocess: 1764 bytes, 882 frames, proc_buf_frames=440, mAPPS->num_preprocessors=1,num_channel=1
02-11 07:27:32.202   488 30642 I chatty  : uid=1041(audioserver) processThread_4 identical 1 line
02-11 07:27:32.206   488 30642 D AudioPreProcess: NativePreprocess: 1764 bytes, 882 frames, proc_buf_frames=440, mAPPS->num_preprocessors=1,num_channel=1
02-11 07:27:32.247   488 30642 W AudioALSACaptureDataClientAurisysNormal: data_count_raw_ul 0, mRawDataPeriodBufSize 3840
02-11 07:27:32.257   488 30641 W AudioALSACaptureDataProviderNormal: readThread, latency_in_s,0.000000,0.059454,0.000056, totalTime 0.059510 > logTimeout 0.022000 TIMEOUT!!
02-11 07:27:32.259   488 30642 D AudioPreProcess: NativePreprocess: 1764 bytes, 882 frames, proc_buf_frames=440, mAPPS->num_preprocessors=1,num_channel=1
02-11 07:27:32.262   488 30642 I chatty  : uid=1041(audioserver) processThread_4 identical 1 line
02-11 07:27:32.266   488 30642 D AudioPreProcess: NativePreprocess: 1764 bytes, 882 frames, proc_buf_frames=440, mAPPS->num_preprocessors=1,num_channel=1
02-11 07:27:32.307   488 30642 W AudioALSACaptureDataClientAurisysNormal: data_count_raw_ul 0, mRawDataPeriodBufSize 3840
02-11 07:27:32.317   488 30641 W AudioALSACaptureDataProviderNormal: readThread, latency_in_s,0.000000,0.059419,0.000056, totalTime 0.059476 > logTimeout 0.022000 TIMEOUT!!
02-11 07:27:32.319   488 30642 D AudioPreProcess: NativePreprocess: 1764 bytes, 882 frames, proc_buf_frames=440, mAPPS->num_preprocessors=1,num_channel=1
02-11 07:27:32.322   488 30642 I chatty  : uid=1041(audioserver) processThread_4 identical 1 line
02-11 07:27:32.325   488 30642 D AudioPreProcess: NativePreprocess: 1764 bytes, 882 frames, proc_buf_frames=440, mAPPS->num_preprocessors=1,num_channel=1
02-11 07:27:32.366   488 30642 W AudioALSACaptureDataClientAurisysNormal: data_count_raw_ul 0, mRawDataPeriodBufSize 3840
02-11 07:27:32.377   488 30641 W AudioALSACaptureDataProviderNormal: readThread, latency_in_s,0.000000,0.059637,0.000071, totalTime 0.059708 > logTimeout 0.022000 TIMEOUT!!
02-11 07:27:32.379   488 30642 D AudioPreProcess: NativePreprocess: 1764 bytes, 882 frames, proc_buf_frames=440, mAPPS->num_preprocessors=1,num_channel=1
02-11 07:27:32.382   488 30642 I chatty  : uid=1041(audioserver) processThread_4 identical 1 line
02-11 07:27:32.386   488 30642 D AudioPreProcess: NativePreprocess: 1764 bytes, 882 frames, proc_buf_frames=440, mAPPS->num_preprocessors=1,num_channel=1
02-11 07:27:32.427   488 30642 W AudioALSACaptureDataClientAurisysNormal: data_count_raw_ul 0, mRawDataPeriodBufSize 3840
02-11 07:27:32.437   488 30641 W AudioALSACaptureDataProviderNormal: readThread, latency_in_s,0.000000,0.059208,0.000058, totalTime 0.059267 > logTimeout 0.022000 TIMEOUT!!
02-11 07:27:32.439   488 30642 D AudioPreProcess: NativePreprocess: 1764 bytes, 882 frames, proc_buf_frames=440, mAPPS->num_preprocessors=1,num_channel=1
02-11 07:27:32.442   488 30642 I chatty  : uid=1041(audioserver) processThread_4 identical 1 line
02-11 07:27:32.445   488 30642 D AudioPreProcess: NativePreprocess: 1764 bytes, 882 frames, proc_buf_frames=440, mAPPS->num_preprocessors=1,num_channel=1
02-11 07:27:32.486   488 30642 W AudioALSACaptureDataClientAurisysNormal: data_count_raw_ul 0, mRawDataPeriodBufSize 3840
02-11 07:27:32.497   488 30641 W AudioALSACaptureDataProviderNormal: readThread, latency_in_s,0.000000,0.059665,0.000055, totalTime 0.059720 > logTimeout 0.022000 TIMEOUT!!
02-11 07:27:32.499   488 30642 D AudioPreProcess: NativePreprocess: 1764 bytes, 882 frames, proc_buf_frames=440, mAPPS->num_preprocessors=1,num_channel=1
02-11 07:27:32.502   488 30642 I chatty  : uid=1041(audioserver) processThread_4 identical 1 line
02-11 07:27:32.505   488 30642 D AudioPreProcess: NativePreprocess: 1764 bytes, 882 frames, proc_buf_frames=440, mAPPS->num_preprocessors=1,num_channel=1
02-11 07:27:32.547   488 30642 W AudioALSACaptureDataClientAurisysNormal: data_count_raw_ul 0, mRawDataPeriodBufSize 3840
02-11 07:27:32.557   488 30641 W AudioALSACaptureDataProviderNormal: readThread, latency_in_s,0.000000,0.059264,0.000063, totalTime 0.059328 > logTimeout 0.022000 TIMEOUT!!
02-11 07:27:32.559   488 30642 D AudioPreProcess: NativePreprocess: 1764 bytes, 882 frames, proc_buf_frames=440, mAPPS->num_preprocessors=1,num_channel=1
02-11 07:27:32.562   488 30642 I chatty  : uid=1041(audioserver) processThread_4 identical 1 line
02-11 07:27:32.565   488 30642 D AudioPreProcess: NativePreprocess: 1764 bytes, 882 frames, proc_buf_frames=440, mAPPS->num_preprocessors=1,num_channel=1
02-11 07:27:32.606   488 30642 W AudioALSACaptureDataClientAurisysNormal: data_count_raw_ul 0, mRawDataPeriodBufSize 3840
02-11 07:27:32.617   488 30641 W AudioALSACaptureDataProviderNormal: readThread, latency_in_s,0.000000,0.059503,0.000063, totalTime 0.059567 > logTimeout 0.022000 TIMEOUT!!
02-11 07:27:32.619   488 30642 D AudioPreProcess: NativePreprocess: 1764 bytes, 882 frames, proc_buf_frames=440, mAPPS->num_preprocessors=1,num_channel=1
02-11 07:27:32.622   488 30642 I chatty  : uid=1041(audioserver) processThread_4 identical 1 line
02-11 07:27:32.625   488 30642 D AudioPreProcess: NativePreprocess: 1764 bytes, 882 frames, proc_buf_frames=440, mAPPS->num_preprocessors=1,num_channel=1
02-11 07:44:09.531  2014  5503 E _V_RMS-Leak: WARNED!!! physical-memory process=com.google.android.youtube pid=18898 size=274488KB
02-11 07:46:42.488   478   971 E libnetd_resolv: QUERY_RESOLV_NETID command.uid:10173, nid:0
02-11 07:54:20.488   429   436 E android.system.suspend@1.0-service: Error opening kernel wakelock stats for: wakeup123: Permission denied
02-11 08:03:49.488   429   436 E android.system.suspend@1.0-service: Error opening kernel wakelock stats for: wakeup27: Permission denied
02-11 08:26:36.518   488 30641 W AudioALSACaptureDataProviderNormal: readThread, latency_in_s,0.000000,0.059423,0.000070, totalTime 0.059493 > logTimeout 0.022000 TIMEOUT!!
02-11 08:26:36.519   488 30642 D AudioPreProcess: NativePreprocess: 1764 bytes, 882 frames, proc_buf_frames=440, mAPPS->num_preprocessors=1,num_channel=1
02-11 08:26:36.522   488 30642 I chatty  : uid=1041(audioserver) processThread_4 identical 1 line
02-11 08:26:36.526   488 30642 D AudioPreProcess: NativePreprocess: 1764 bytes, 882 frames, proc_buf_frames=440, mAPPS->num_preprocessors=1,num_channel=1
02-11 08:26:36.567   488 30642 W AudioALSACaptureDataClientAurisysNormal: data_count_raw_ul 0, mRawDataPeriodBufSize 3840
02-11 08:26:36.578   488 30641 W AudioALSACaptureDataProviderNormal: readThread, latency_in_s,0.000000,0.059227,0.000071, totalTime 0.059299 > logTimeout 0.022000 TIMEOUT!!
02-11 08:26:36.579   488 30642 D AudioPreProcess: NativePreprocess: 1764 bytes, 882 frames, proc_buf_frames=440, mAPPS->num_preprocessors=1,num_channel=1
02-11 08:26:36.582   488 30642 I chatty  : uid=1041(audioserver) processThread_4 identical 1 line
02-11 08:26:36.586   488 30642 D AudioPreProcess: NativePreprocess: 1764 bytes, 882 frames, proc_buf_frames=440, mAPPS->num_preprocessors=1,num_channel=1
